2024-10-02 16:10:03,446 DEBUG [main] org.apache.http.impl.conn.BasicClientConnectionManager: Get connection for route {s}->https://posthook-api.mock.beeceptor.com:443
2024-10-02 16:10:03,741 DEBUG [main] org.apache.http.impl.conn.DefaultClientConnectionOperator: Connecting to posthook-api.mock.beeceptor.com:443
2024-10-02 16:10:04,842 DEBUG [main] org.apache.http.client.protocol.RequestAddCookies: CookieSpec selected: ignoreCookies
2024-10-02 16:10:04,844 DEBUG [main] org.apache.http.client.protocol.RequestAuthCache: Auth cache not set in the context
2024-10-02 16:10:04,845 DEBUG [main] org.apache.http.client.protocol.RequestTargetAuthentication: Target auth state: UNCHALLENGED
2024-10-02 16:10:04,845 DEBUG [main] org.apache.http.client.protocol.RequestProxyAuthentication: Proxy auth state: UNCHALLENGED
2024-10-02 16:10:04,845 DEBUG [main] org.apache.http.impl.client.DefaultHttpClient: Attempt 1 to execute request
2024-10-02 16:10:04,846 DEBUG [main] org.apache.http.impl.conn.DefaultClientConnection: Sending request: POST /v1/hooks HTTP/1.1
2024-10-02 16:10:04,846 DEBUG [main] org.apache.http.wire:  >> "POST /v1/hooks HTTP/1.1[\r][\n]"
2024-10-02 16:10:04,847 DEBUG [main] org.apache.http.wire:  >> "Content-Type: application/x-www-form-urlencoded; charset=ISO-8859-1[\r][\n]"
2024-10-02 16:10:04,847 DEBUG [main] org.apache.http.wire:  >> "Accept: */*[\r][\n]"
2024-10-02 16:10:04,847 DEBUG [main] org.apache.http.wire:  >> "Content-Length: 0[\r][\n]"
2024-10-02 16:10:04,847 DEBUG [main] org.apache.http.wire:  >> "Host: posthook-api.mock.beeceptor.com[\r][\n]"
2024-10-02 16:10:04,847 DEBUG [main] org.apache.http.wire:  >> "Connection: Keep-Alive[\r][\n]"
2024-10-02 16:10:04,847 DEBUG [main] org.apache.http.wire:  >> "User-Agent: Apache-HttpClient/4.5.13 (Java/21.0.3)[\r][\n]"
2024-10-02 16:10:04,847 DEBUG [main] org.apache.http.wire:  >> "Accept-Encoding: gzip,deflate[\r][\n]"
2024-10-02 16:10:04,847 DEBUG [main] org.apache.http.wire:  >> "[\r][\n]"
2024-10-02 16:10:04,848 DEBUG [main] org.apache.http.headers: >> POST /v1/hooks HTTP/1.1
2024-10-02 16:10:04,848 DEBUG [main] org.apache.http.headers: >> Content-Type: application/x-www-form-urlencoded; charset=ISO-8859-1
2024-10-02 16:10:04,848 DEBUG [main] org.apache.http.headers: >> Accept: */*
2024-10-02 16:10:04,848 DEBUG [main] org.apache.http.headers: >> Content-Length: 0
2024-10-02 16:10:04,848 DEBUG [main] org.apache.http.headers: >> Host: posthook-api.mock.beeceptor.com
2024-10-02 16:10:04,848 DEBUG [main] org.apache.http.headers: >> Connection: Keep-Alive
2024-10-02 16:10:04,848 DEBUG [main] org.apache.http.headers: >> User-Agent: Apache-HttpClient/4.5.13 (Java/21.0.3)
2024-10-02 16:10:04,848 DEBUG [main] org.apache.http.headers: >> Accept-Encoding: gzip,deflate
2024-10-02 16:10:05,101 DEBUG [main] org.apache.http.wire:  << "HTTP/1.1 200 OK[\r][\n]"
2024-10-02 16:10:05,106 DEBUG [main] org.apache.http.wire:  << "Access-Control-Allow-Origin: *[\r][\n]"
2024-10-02 16:10:05,107 DEBUG [main] org.apache.http.wire:  << "Alt-Svc: h3=":443"; ma=2592000[\r][\n]"
2024-10-02 16:10:05,107 DEBUG [main] org.apache.http.wire:  << "Content-Length: 311[\r][\n]"
2024-10-02 16:10:05,107 DEBUG [main] org.apache.http.wire:  << "Content-Type: application/json[\r][\n]"
2024-10-02 16:10:05,107 DEBUG [main] org.apache.http.wire:  << "Date: Wed, 02 Oct 2024 10:40:03 GMT[\r][\n]"
2024-10-02 16:10:05,107 DEBUG [main] org.apache.http.wire:  << "Vary: Accept-Encoding[\r][\n]"
2024-10-02 16:10:05,107 DEBUG [main] org.apache.http.wire:  << "X-Beeceptor-Rule-Id: ujqmrpj43oo[\r][\n]"
2024-10-02 16:10:05,107 DEBUG [main] org.apache.http.wire:  << "[\r][\n]"
2024-10-02 16:10:05,108 DEBUG [main] org.apache.http.impl.conn.DefaultClientConnection: Receiving response: HTTP/1.1 200 OK
2024-10-02 16:10:05,109 DEBUG [main] org.apache.http.headers: << HTTP/1.1 200 OK
2024-10-02 16:10:05,109 DEBUG [main] org.apache.http.headers: << Access-Control-Allow-Origin: *
2024-10-02 16:10:05,109 DEBUG [main] org.apache.http.headers: << Alt-Svc: h3=":443"; ma=2592000
2024-10-02 16:10:05,109 DEBUG [main] org.apache.http.headers: << Content-Length: 311
2024-10-02 16:10:05,109 DEBUG [main] org.apache.http.headers: << Content-Type: application/json
2024-10-02 16:10:05,109 DEBUG [main] org.apache.http.headers: << Date: Wed, 02 Oct 2024 10:40:03 GMT
2024-10-02 16:10:05,109 DEBUG [main] org.apache.http.headers: << Vary: Accept-Encoding
2024-10-02 16:10:05,109 DEBUG [main] org.apache.http.headers: << X-Beeceptor-Rule-Id: ujqmrpj43oo
2024-10-02 16:10:05,118 DEBUG [main] org.apache.http.impl.client.DefaultHttpClient: Connection can be kept alive indefinitely
2024-10-02 16:10:05,174 DEBUG [main] io.restassured.internal.RequestSpecificationImpl$RestAssuredHttpBuilder: Parsing response as: application/json
2024-10-02 16:10:05,174 DEBUG [main] io.restassured.internal.RequestSpecificationImpl$RestAssuredHttpBuilder: Parsed data to instance of: class org.apache.http.conn.EofSensorInputStream
2024-10-02 16:10:05,267 INFO  [main] post_hook_Api_Testing.Post_Hook_API_Testing: Hook scheduled successfully.
2024-10-02 16:10:05,317 DEBUG [main] org.apache.http.impl.conn.BasicClientConnectionManager: Get connection for route {s}->https://posthook-api.mock.beeceptor.com:443
2024-10-02 16:10:05,317 DEBUG [main] org.apache.http.impl.conn.DefaultClientConnectionOperator: Connecting to posthook-api.mock.beeceptor.com:443
2024-10-02 16:10:05,916 DEBUG [main] org.apache.http.client.protocol.RequestAddCookies: CookieSpec selected: ignoreCookies
2024-10-02 16:10:05,916 DEBUG [main] org.apache.http.client.protocol.RequestAuthCache: Auth cache not set in the context
2024-10-02 16:10:05,918 DEBUG [main] org.apache.http.client.protocol.RequestTargetAuthentication: Target auth state: UNCHALLENGED
2024-10-02 16:10:05,918 DEBUG [main] org.apache.http.client.protocol.RequestProxyAuthentication: Proxy auth state: UNCHALLENGED
2024-10-02 16:10:05,918 DEBUG [main] org.apache.http.impl.client.DefaultHttpClient: Attempt 1 to execute request
2024-10-02 16:10:05,918 DEBUG [main] org.apache.http.impl.conn.DefaultClientConnection: Sending request: GET /v1/hooks HTTP/1.1
2024-10-02 16:10:05,919 DEBUG [main] org.apache.http.wire:  >> "GET /v1/hooks HTTP/1.1[\r][\n]"
2024-10-02 16:10:05,919 DEBUG [main] org.apache.http.wire:  >> "Accept: */*[\r][\n]"
2024-10-02 16:10:05,919 DEBUG [main] org.apache.http.wire:  >> "Host: posthook-api.mock.beeceptor.com[\r][\n]"
2024-10-02 16:10:05,919 DEBUG [main] org.apache.http.wire:  >> "Connection: Keep-Alive[\r][\n]"
2024-10-02 16:10:05,919 DEBUG [main] org.apache.http.wire:  >> "User-Agent: Apache-HttpClient/4.5.13 (Java/21.0.3)[\r][\n]"
2024-10-02 16:10:05,920 DEBUG [main] org.apache.http.wire:  >> "Accept-Encoding: gzip,deflate[\r][\n]"
2024-10-02 16:10:05,920 DEBUG [main] org.apache.http.wire:  >> "[\r][\n]"
2024-10-02 16:10:05,920 DEBUG [main] org.apache.http.headers: >> GET /v1/hooks HTTP/1.1
2024-10-02 16:10:05,920 DEBUG [main] org.apache.http.headers: >> Accept: */*
2024-10-02 16:10:05,920 DEBUG [main] org.apache.http.headers: >> Host: posthook-api.mock.beeceptor.com
2024-10-02 16:10:05,920 DEBUG [main] org.apache.http.headers: >> Connection: Keep-Alive
2024-10-02 16:10:05,920 DEBUG [main] org.apache.http.headers: >> User-Agent: Apache-HttpClient/4.5.13 (Java/21.0.3)
2024-10-02 16:10:05,920 DEBUG [main] org.apache.http.headers: >> Accept-Encoding: gzip,deflate
2024-10-02 16:10:06,195 DEBUG [main] org.apache.http.wire:  << "HTTP/1.1 200 OK[\r][\n]"
2024-10-02 16:10:06,195 DEBUG [main] org.apache.http.wire:  << "Access-Control-Allow-Origin: *[\r][\n]"
2024-10-02 16:10:06,196 DEBUG [main] org.apache.http.wire:  << "Alt-Svc: h3=":443"; ma=2592000[\r][\n]"
2024-10-02 16:10:06,196 DEBUG [main] org.apache.http.wire:  << "Content-Length: 1078[\r][\n]"
2024-10-02 16:10:06,196 DEBUG [main] org.apache.http.wire:  << "Content-Type: application/json[\r][\n]"
2024-10-02 16:10:06,196 DEBUG [main] org.apache.http.wire:  << "Date: Wed, 02 Oct 2024 10:40:04 GMT[\r][\n]"
2024-10-02 16:10:06,196 DEBUG [main] org.apache.http.wire:  << "Vary: Accept-Encoding[\r][\n]"
2024-10-02 16:10:06,196 DEBUG [main] org.apache.http.wire:  << "X-Beeceptor-Rule-Id: 9ozlian5ysr[\r][\n]"
2024-10-02 16:10:06,197 DEBUG [main] org.apache.http.wire:  << "[\r][\n]"
2024-10-02 16:10:06,197 DEBUG [main] org.apache.http.impl.conn.DefaultClientConnection: Receiving response: HTTP/1.1 200 OK
2024-10-02 16:10:06,197 DEBUG [main] org.apache.http.headers: << HTTP/1.1 200 OK
2024-10-02 16:10:06,197 DEBUG [main] org.apache.http.headers: << Access-Control-Allow-Origin: *
2024-10-02 16:10:06,197 DEBUG [main] org.apache.http.headers: << Alt-Svc: h3=":443"; ma=2592000
2024-10-02 16:10:06,197 DEBUG [main] org.apache.http.headers: << Content-Length: 1078
2024-10-02 16:10:06,198 DEBUG [main] org.apache.http.headers: << Content-Type: application/json
2024-10-02 16:10:06,198 DEBUG [main] org.apache.http.headers: << Date: Wed, 02 Oct 2024 10:40:04 GMT
2024-10-02 16:10:06,198 DEBUG [main] org.apache.http.headers: << Vary: Accept-Encoding
2024-10-02 16:10:06,198 DEBUG [main] org.apache.http.headers: << X-Beeceptor-Rule-Id: 9ozlian5ysr
2024-10-02 16:10:06,198 DEBUG [main] org.apache.http.impl.client.DefaultHttpClient: Connection can be kept alive indefinitely
2024-10-02 16:10:06,199 DEBUG [main] io.restassured.internal.RequestSpecificationImpl$RestAssuredHttpBuilder: Parsing response as: application/json
2024-10-02 16:10:06,200 DEBUG [main] io.restassured.internal.RequestSpecificationImpl$RestAssuredHttpBuilder: Parsed data to instance of: class org.apache.http.conn.EofSensorInputStream
2024-10-02 16:10:06,253 DEBUG [main] org.apache.http.wire:  << "{[\n]"
2024-10-02 16:10:06,253 DEBUG [main] org.apache.http.wire:  << "  "data": [[\n]"
2024-10-02 16:10:06,253 DEBUG [main] org.apache.http.wire:  << "    {[\n]"
2024-10-02 16:10:06,253 DEBUG [main] org.apache.http.wire:  << "      "id": "8e3aa909-fb84-4495-944d-a4c192defe66",[\n]"
2024-10-02 16:10:06,255 DEBUG [main] org.apache.http.wire:  << "      "path": "/webhooks/ph/event_reminder",[\n]"
2024-10-02 16:10:06,255 DEBUG [main] org.apache.http.wire:  << "      "domain": "posthook.io",[\n]"
2024-10-02 16:10:06,255 DEBUG [main] org.apache.http.wire:  << "      "data": {[\n]"
2024-10-02 16:10:06,255 DEBUG [main] org.apache.http.wire:  << "        "eventID": 25[\n]"
2024-10-02 16:10:06,255 DEBUG [main] org.apache.http.wire:  << "      },[\n]"
2024-10-02 16:10:06,255 DEBUG [main] org.apache.http.wire:  << "      "postAt": "2018-07-19T21:00:00Z",[\n]"
2024-10-02 16:10:06,255 DEBUG [main] org.apache.http.wire:  << "      "status": "pending",[\n]"
2024-10-02 16:10:06,255 DEBUG [main] org.apache.http.wire:  << "      "createdAt": "2018-04-30T17:45:20.68114Z",[\n]"
2024-10-02 16:10:06,255 DEBUG [main] org.apache.http.wire:  << "      "updatedAt": "2018-04-30T17:45:20.68114Z"[\n]"
2024-10-02 16:10:06,255 DEBUG [main] org.apache.http.wire:  << "    },[\n]"
2024-10-02 16:10:06,255 DEBUG [main] org.apache.http.wire:  << "    {[\n]"
2024-10-02 16:10:06,255 DEBUG [main] org.apache.http.wire:  << "      "id": "c1ec9560-65fc-4b88-bfe0-1bc6e56cb3db",[\n]"
2024-10-02 16:10:06,256 DEBUG [main] org.apache.http.wire:  << "      "path": "/webhooks/ph/event_reminder",[\n]"
2024-10-02 16:10:06,256 DEBUG [main] org.apache.http.wire:  << "      "domain": "posthook.io",[\n]"
2024-10-02 16:10:06,256 DEBUG [main] org.apache.http.wire:  << "      "data": {[\n]"
2024-10-02 16:10:06,256 DEBUG [main] org.apache.http.wire:  << "        "eventID": 25[\n]"
2024-10-02 16:10:06,256 DEBUG [main] org.apache.http.wire:  << "      },[\n]"
2024-10-02 16:10:06,257 DEBUG [main] org.apache.http.wire:  << "      "postAt": "2018-07-17T21:00:00Z",[\n]"
2024-10-02 16:10:06,257 DEBUG [main] org.apache.http.wire:  << "      "status": "pending",[\n]"
2024-10-02 16:10:06,257 DEBUG [main] org.apache.http.wire:  << "      "createdAt": "2018-04-30T17:45:16.097812Z",[\n]"
2024-10-02 16:10:06,257 DEBUG [main] org.apache.http.wire:  << "      "updatedAt": "2018-04-30T17:45:16.097812Z"[\n]"
2024-10-02 16:10:06,257 DEBUG [main] org.apache.http.wire:  << "    },[\n]"
2024-10-02 16:10:06,257 DEBUG [main] org.apache.http.wire:  << "    {[\n]"
2024-10-02 16:10:06,257 DEBUG [main] org.apache.http.wire:  << "      "id": "6ab4d4d5-4767-452d-b72f-6ec40562b27e",[\n]"
2024-10-02 16:10:06,258 DEBUG [main] org.apache.http.wire:  << "      "path": "/webhooks/ph/event_reminder",[\n]"
2024-10-02 16:10:06,258 DEBUG [main] org.apache.http.wire:  << "      "domain": "posthook.io",[\n]"
2024-10-02 16:10:06,258 DEBUG [main] org.apache.http.wire:  << "      "data": {[\n]"
2024-10-02 16:10:06,258 DEBUG [main] org.apache.http.wire:  << "        "eventID": 25[\n]"
2024-10-02 16:10:06,258 DEBUG [main] org.apache.http.wire:  << "      },[\n]"
2024-10-02 16:10:06,258 DEBUG [main] org.apache.http.wire:  << "      "postAt": "2018-07-15T21:00:00Z",[\n]"
2024-10-02 16:10:06,258 DEBUG [main] org.apache.http.wire:  << "      "status""
2024-10-02 16:10:06,262 DEBUG [main] org.apache.http.wire:  << ": "pending",[\n]"
2024-10-02 16:10:06,262 DEBUG [main] org.apache.http.wire:  << "      "createdAt": "2018-04-30T17:45:06.475047Z",[\n]"
2024-10-02 16:10:06,262 DEBUG [main] org.apache.http.wire:  << "      "updatedAt": "2018-04-30T17:45:06.475047Z"[\n]"
2024-10-02 16:10:06,262 DEBUG [main] org.apache.http.wire:  << "    }[\n]"
2024-10-02 16:10:06,262 DEBUG [main] org.apache.http.wire:  << "  ][\n]"
2024-10-02 16:10:06,262 DEBUG [main] org.apache.http.wire:  << "}"
2024-10-02 16:10:06,263 DEBUG [main] org.apache.http.impl.conn.BasicClientConnectionManager: Releasing connection org.apache.http.impl.conn.ManagedClientConnectionImpl@73971965
2024-10-02 16:10:06,263 DEBUG [main] org.apache.http.impl.conn.BasicClientConnectionManager: Connection can be kept alive indefinitely
2024-10-02 16:10:06,424 INFO  [main] post_hook_Api_Testing.Post_Hook_API_Testing: Hooks fetched successfully.
2024-10-02 16:10:06,444 DEBUG [main] org.apache.http.impl.conn.BasicClientConnectionManager: Get connection for route {s}->https://posthook-api.mock.beeceptor.com:443
2024-10-02 16:10:06,444 DEBUG [main] org.apache.http.impl.conn.DefaultClientConnectionOperator: Connecting to posthook-api.mock.beeceptor.com:443
2024-10-02 16:10:07,044 DEBUG [main] org.apache.http.client.protocol.RequestAddCookies: CookieSpec selected: ignoreCookies
2024-10-02 16:10:07,044 DEBUG [main] org.apache.http.client.protocol.RequestAuthCache: Auth cache not set in the context
2024-10-02 16:10:07,045 DEBUG [main] org.apache.http.client.protocol.RequestTargetAuthentication: Target auth state: UNCHALLENGED
2024-10-02 16:10:07,045 DEBUG [main] org.apache.http.client.protocol.RequestProxyAuthentication: Proxy auth state: UNCHALLENGED
2024-10-02 16:10:07,045 DEBUG [main] org.apache.http.impl.client.DefaultHttpClient: Attempt 1 to execute request
2024-10-02 16:10:07,045 DEBUG [main] org.apache.http.impl.conn.DefaultClientConnection: Sending request: GET /v1/hooks/c1ec9560-65fc-4b88-bfe0-1bc6e56cb3db HTTP/1.1
2024-10-02 16:10:07,045 DEBUG [main] org.apache.http.wire:  >> "GET /v1/hooks/c1ec9560-65fc-4b88-bfe0-1bc6e56cb3db HTTP/1.1[\r][\n]"
2024-10-02 16:10:07,045 DEBUG [main] org.apache.http.wire:  >> "Accept: */*[\r][\n]"
2024-10-02 16:10:07,046 DEBUG [main] org.apache.http.wire:  >> "Host: posthook-api.mock.beeceptor.com[\r][\n]"
2024-10-02 16:10:07,046 DEBUG [main] org.apache.http.wire:  >> "Connection: Keep-Alive[\r][\n]"
2024-10-02 16:10:07,046 DEBUG [main] org.apache.http.wire:  >> "User-Agent: Apache-HttpClient/4.5.13 (Java/21.0.3)[\r][\n]"
2024-10-02 16:10:07,046 DEBUG [main] org.apache.http.wire:  >> "Accept-Encoding: gzip,deflate[\r][\n]"
2024-10-02 16:10:07,046 DEBUG [main] org.apache.http.wire:  >> "[\r][\n]"
2024-10-02 16:10:07,046 DEBUG [main] org.apache.http.headers: >> GET /v1/hooks/c1ec9560-65fc-4b88-bfe0-1bc6e56cb3db HTTP/1.1
2024-10-02 16:10:07,046 DEBUG [main] org.apache.http.headers: >> Accept: */*
2024-10-02 16:10:07,046 DEBUG [main] org.apache.http.headers: >> Host: posthook-api.mock.beeceptor.com
2024-10-02 16:10:07,046 DEBUG [main] org.apache.http.headers: >> Connection: Keep-Alive
2024-10-02 16:10:07,047 DEBUG [main] org.apache.http.headers: >> User-Agent: Apache-HttpClient/4.5.13 (Java/21.0.3)
2024-10-02 16:10:07,047 DEBUG [main] org.apache.http.headers: >> Accept-Encoding: gzip,deflate
2024-10-02 16:10:07,323 DEBUG [main] org.apache.http.wire:  << "HTTP/1.1 200 OK[\r][\n]"
2024-10-02 16:10:07,324 DEBUG [main] org.apache.http.wire:  << "Access-Control-Allow-Origin: *[\r][\n]"
2024-10-02 16:10:07,325 DEBUG [main] org.apache.http.wire:  << "Alt-Svc: h3=":443"; ma=2592000[\r][\n]"
2024-10-02 16:10:07,325 DEBUG [main] org.apache.http.wire:  << "Content-Length: 1078[\r][\n]"
2024-10-02 16:10:07,325 DEBUG [main] org.apache.http.wire:  << "Content-Type: application/json[\r][\n]"
2024-10-02 16:10:07,325 DEBUG [main] org.apache.http.wire:  << "Date: Wed, 02 Oct 2024 10:40:05 GMT[\r][\n]"
2024-10-02 16:10:07,326 DEBUG [main] org.apache.http.wire:  << "Vary: Accept-Encoding[\r][\n]"
2024-10-02 16:10:07,326 DEBUG [main] org.apache.http.wire:  << "X-Beeceptor-Rule-Id: 9ozlian5ysr[\r][\n]"
2024-10-02 16:10:07,326 DEBUG [main] org.apache.http.wire:  << "[\r][\n]"
2024-10-02 16:10:07,327 DEBUG [main] org.apache.http.impl.conn.DefaultClientConnection: Receiving response: HTTP/1.1 200 OK
2024-10-02 16:10:07,330 DEBUG [main] org.apache.http.headers: << HTTP/1.1 200 OK
2024-10-02 16:10:07,330 DEBUG [main] org.apache.http.headers: << Access-Control-Allow-Origin: *
2024-10-02 16:10:07,330 DEBUG [main] org.apache.http.headers: << Alt-Svc: h3=":443"; ma=2592000
2024-10-02 16:10:07,330 DEBUG [main] org.apache.http.headers: << Content-Length: 1078
2024-10-02 16:10:07,331 DEBUG [main] org.apache.http.headers: << Content-Type: application/json
2024-10-02 16:10:07,331 DEBUG [main] org.apache.http.headers: << Date: Wed, 02 Oct 2024 10:40:05 GMT
2024-10-02 16:10:07,331 DEBUG [main] org.apache.http.headers: << Vary: Accept-Encoding
2024-10-02 16:10:07,331 DEBUG [main] org.apache.http.headers: << X-Beeceptor-Rule-Id: 9ozlian5ysr
2024-10-02 16:10:07,331 DEBUG [main] org.apache.http.impl.client.DefaultHttpClient: Connection can be kept alive indefinitely
2024-10-02 16:10:07,334 DEBUG [main] io.restassured.internal.RequestSpecificationImpl$RestAssuredHttpBuilder: Parsing response as: application/json
2024-10-02 16:10:07,334 DEBUG [main] io.restassured.internal.RequestSpecificationImpl$RestAssuredHttpBuilder: Parsed data to instance of: class org.apache.http.conn.EofSensorInputStream
2024-10-02 16:10:07,339 DEBUG [main] org.apache.http.wire:  << "{[\n]"
2024-10-02 16:10:07,339 DEBUG [main] org.apache.http.wire:  << "  "data": [[\n]"
2024-10-02 16:10:07,339 DEBUG [main] org.apache.http.wire:  << "    {[\n]"
2024-10-02 16:10:07,339 DEBUG [main] org.apache.http.wire:  << "      "id": "8e3aa909-fb84-4495-944d-a4c192defe66",[\n]"
2024-10-02 16:10:07,339 DEBUG [main] org.apache.http.wire:  << "      "path": "/webhooks/ph/event_reminder",[\n]"
2024-10-02 16:10:07,339 DEBUG [main] org.apache.http.wire:  << "      "domain": "posthook.io",[\n]"
2024-10-02 16:10:07,340 DEBUG [main] org.apache.http.wire:  << "      "data": {[\n]"
2024-10-02 16:10:07,340 DEBUG [main] org.apache.http.wire:  << "        "eventID": 25[\n]"
2024-10-02 16:10:07,340 DEBUG [main] org.apache.http.wire:  << "      },[\n]"
2024-10-02 16:10:07,340 DEBUG [main] org.apache.http.wire:  << "      "postAt": "2018-07-19T21:00:00Z",[\n]"
2024-10-02 16:10:07,340 DEBUG [main] org.apache.http.wire:  << "      "status": "pending",[\n]"
2024-10-02 16:10:07,340 DEBUG [main] org.apache.http.wire:  << "      "createdAt": "2018-04-30T17:45:20.68114Z",[\n]"
2024-10-02 16:10:07,340 DEBUG [main] org.apache.http.wire:  << "      "updatedAt": "2018-04-30T17:45:20.68114Z"[\n]"
2024-10-02 16:10:07,340 DEBUG [main] org.apache.http.wire:  << "    },[\n]"
2024-10-02 16:10:07,340 DEBUG [main] org.apache.http.wire:  << "    {[\n]"
2024-10-02 16:10:07,340 DEBUG [main] org.apache.http.wire:  << "      "id": "c1ec9560-65fc-4b88-bfe0-1bc6e56cb3db",[\n]"
2024-10-02 16:10:07,341 DEBUG [main] org.apache.http.wire:  << "      "path": "/webhooks/ph/event_reminder",[\n]"
2024-10-02 16:10:07,341 DEBUG [main] org.apache.http.wire:  << "      "domain": "posthook.io",[\n]"
2024-10-02 16:10:07,341 DEBUG [main] org.apache.http.wire:  << "      "data": {[\n]"
2024-10-02 16:10:07,341 DEBUG [main] org.apache.http.wire:  << "        "eventID": 25[\n]"
2024-10-02 16:10:07,341 DEBUG [main] org.apache.http.wire:  << "      },[\n]"
2024-10-02 16:10:07,341 DEBUG [main] org.apache.http.wire:  << "      "postAt": "2018-07-17T21:00:00Z",[\n]"
2024-10-02 16:10:07,341 DEBUG [main] org.apache.http.wire:  << "      "status": "pending",[\n]"
2024-10-02 16:10:07,341 DEBUG [main] org.apache.http.wire:  << "      "createdAt": "2018-04-30T17:45:16.097812Z",[\n]"
2024-10-02 16:10:07,341 DEBUG [main] org.apache.http.wire:  << "      "updatedAt": "2018-04-30T17:45:16.097812Z"[\n]"
2024-10-02 16:10:07,341 DEBUG [main] org.apache.http.wire:  << "    },[\n]"
2024-10-02 16:10:07,341 DEBUG [main] org.apache.http.wire:  << "    {[\n]"
2024-10-02 16:10:07,341 DEBUG [main] org.apache.http.wire:  << "      "id": "6ab4d4d5-4767-452d-b72f-6ec40562b27e",[\n]"
2024-10-02 16:10:07,341 DEBUG [main] org.apache.http.wire:  << "      "path": "/webhooks/ph/event_reminder",[\n]"
2024-10-02 16:10:07,341 DEBUG [main] org.apache.http.wire:  << "      "domain": "posthook.io",[\n]"
2024-10-02 16:10:07,341 DEBUG [main] org.apache.http.wire:  << "      "data": {[\n]"
2024-10-02 16:10:07,341 DEBUG [main] org.apache.http.wire:  << "        "eventID": 25[\n]"
2024-10-02 16:10:07,341 DEBUG [main] org.apache.http.wire:  << "      },[\n]"
2024-10-02 16:10:07,341 DEBUG [main] org.apache.http.wire:  << "      "postAt": "2018-07-15T21:00:00Z",[\n]"
2024-10-02 16:10:07,341 DEBUG [main] org.apache.http.wire:  << "      "status""
2024-10-02 16:10:07,342 DEBUG [main] org.apache.http.wire:  << ": "pending",[\n]"
2024-10-02 16:10:07,342 DEBUG [main] org.apache.http.wire:  << "      "createdAt": "2018-04-30T17:45:06.475047Z",[\n]"
2024-10-02 16:10:07,342 DEBUG [main] org.apache.http.wire:  << "      "updatedAt": "2018-04-30T17:45:06.475047Z"[\n]"
2024-10-02 16:10:07,342 DEBUG [main] org.apache.http.wire:  << "    }[\n]"
2024-10-02 16:10:07,342 DEBUG [main] org.apache.http.wire:  << "  ][\n]"
2024-10-02 16:10:07,342 DEBUG [main] org.apache.http.wire:  << "}"
2024-10-02 16:10:07,342 DEBUG [main] org.apache.http.impl.conn.BasicClientConnectionManager: Releasing connection org.apache.http.impl.conn.ManagedClientConnectionImpl@43d3aba5
2024-10-02 16:10:07,342 DEBUG [main] org.apache.http.impl.conn.BasicClientConnectionManager: Connection can be kept alive indefinitely
2024-10-02 16:10:07,349 INFO  [main] post_hook_Api_Testing.Post_Hook_API_Testing: Hook fetched successfully.
2024-10-02 16:10:07,398 DEBUG [main] org.apache.http.impl.conn.BasicClientConnectionManager: Get connection for route {s}->https://posthook-api.mock.beeceptor.com:443
2024-10-02 16:10:07,398 DEBUG [main] org.apache.http.impl.conn.DefaultClientConnectionOperator: Connecting to posthook-api.mock.beeceptor.com:443
2024-10-02 16:10:08,061 DEBUG [main] org.apache.http.client.protocol.RequestAddCookies: CookieSpec selected: ignoreCookies
2024-10-02 16:10:08,062 DEBUG [main] org.apache.http.client.protocol.RequestAuthCache: Auth cache not set in the context
2024-10-02 16:10:08,062 DEBUG [main] org.apache.http.client.protocol.RequestTargetAuthentication: Target auth state: UNCHALLENGED
2024-10-02 16:10:08,063 DEBUG [main] org.apache.http.client.protocol.RequestProxyAuthentication: Proxy auth state: UNCHALLENGED
2024-10-02 16:10:08,063 DEBUG [main] org.apache.http.impl.client.DefaultHttpClient: Attempt 1 to execute request
2024-10-02 16:10:08,063 DEBUG [main] org.apache.http.impl.conn.DefaultClientConnection: Sending request: PUT /v1/projects/ HTTP/1.1
2024-10-02 16:10:08,063 DEBUG [main] org.apache.http.wire:  >> "PUT /v1/projects/ HTTP/1.1[\r][\n]"
2024-10-02 16:10:08,063 DEBUG [main] org.apache.http.wire:  >> "Accept: */*[\r][\n]"
2024-10-02 16:10:08,064 DEBUG [main] org.apache.http.wire:  >> "Content-Type: application/json[\r][\n]"
2024-10-02 16:10:08,064 DEBUG [main] org.apache.http.wire:  >> "Content-Length: 112[\r][\n]"
2024-10-02 16:10:08,064 DEBUG [main] org.apache.http.wire:  >> "Host: posthook-api.mock.beeceptor.com[\r][\n]"
2024-10-02 16:10:08,064 DEBUG [main] org.apache.http.wire:  >> "Connection: Keep-Alive[\r][\n]"
2024-10-02 16:10:08,064 DEBUG [main] org.apache.http.wire:  >> "User-Agent: Apache-HttpClient/4.5.13 (Java/21.0.3)[\r][\n]"
2024-10-02 16:10:08,065 DEBUG [main] org.apache.http.wire:  >> "Accept-Encoding: gzip,deflate[\r][\n]"
2024-10-02 16:10:08,065 DEBUG [main] org.apache.http.wire:  >> "[\r][\n]"
2024-10-02 16:10:08,065 DEBUG [main] org.apache.http.headers: >> PUT /v1/projects/ HTTP/1.1
2024-10-02 16:10:08,065 DEBUG [main] org.apache.http.headers: >> Accept: */*
2024-10-02 16:10:08,065 DEBUG [main] org.apache.http.headers: >> Content-Type: application/json
2024-10-02 16:10:08,065 DEBUG [main] org.apache.http.headers: >> Content-Length: 112
2024-10-02 16:10:08,065 DEBUG [main] org.apache.http.headers: >> Host: posthook-api.mock.beeceptor.com
2024-10-02 16:10:08,065 DEBUG [main] org.apache.http.headers: >> Connection: Keep-Alive
2024-10-02 16:10:08,065 DEBUG [main] org.apache.http.headers: >> User-Agent: Apache-HttpClient/4.5.13 (Java/21.0.3)
2024-10-02 16:10:08,066 DEBUG [main] org.apache.http.headers: >> Accept-Encoding: gzip,deflate
2024-10-02 16:10:08,066 DEBUG [main] org.apache.http.wire:  >> "{"retryDelaySecs":5,"domain":"api.example.com","headerAuthorization":"","name":"updated-project","minRetries":1}"
2024-10-02 16:10:08,345 DEBUG [main] org.apache.http.wire:  << "HTTP/1.1 200 OK[\r][\n]"
2024-10-02 16:10:08,346 DEBUG [main] org.apache.http.wire:  << "Access-Control-Allow-Origin: *[\r][\n]"
2024-10-02 16:10:08,346 DEBUG [main] org.apache.http.wire:  << "Alt-Svc: h3=":443"; ma=2592000[\r][\n]"
2024-10-02 16:10:08,346 DEBUG [main] org.apache.http.wire:  << "Content-Length: 143[\r][\n]"
2024-10-02 16:10:08,346 DEBUG [main] org.apache.http.wire:  << "Content-Type: application/json[\r][\n]"
2024-10-02 16:10:08,346 DEBUG [main] org.apache.http.wire:  << "Date: Wed, 02 Oct 2024 10:40:06 GMT[\r][\n]"
2024-10-02 16:10:08,346 DEBUG [main] org.apache.http.wire:  << "Vary: Accept-Encoding[\r][\n]"
2024-10-02 16:10:08,346 DEBUG [main] org.apache.http.wire:  << "X-Beeceptor-Rule-Id: jx4oqx8vtz7[\r][\n]"
2024-10-02 16:10:08,346 DEBUG [main] org.apache.http.wire:  << "[\r][\n]"
2024-10-02 16:10:08,346 DEBUG [main] org.apache.http.impl.conn.DefaultClientConnection: Receiving response: HTTP/1.1 200 OK
2024-10-02 16:10:08,346 DEBUG [main] org.apache.http.headers: << HTTP/1.1 200 OK
2024-10-02 16:10:08,346 DEBUG [main] org.apache.http.headers: << Access-Control-Allow-Origin: *
2024-10-02 16:10:08,346 DEBUG [main] org.apache.http.headers: << Alt-Svc: h3=":443"; ma=2592000
2024-10-02 16:10:08,346 DEBUG [main] org.apache.http.headers: << Content-Length: 143
2024-10-02 16:10:08,346 DEBUG [main] org.apache.http.headers: << Content-Type: application/json
2024-10-02 16:10:08,346 DEBUG [main] org.apache.http.headers: << Date: Wed, 02 Oct 2024 10:40:06 GMT
2024-10-02 16:10:08,346 DEBUG [main] org.apache.http.headers: << Vary: Accept-Encoding
2024-10-02 16:10:08,346 DEBUG [main] org.apache.http.headers: << X-Beeceptor-Rule-Id: jx4oqx8vtz7
2024-10-02 16:10:08,349 DEBUG [main] org.apache.http.impl.client.DefaultHttpClient: Connection can be kept alive indefinitely
2024-10-02 16:10:08,349 DEBUG [main] io.restassured.internal.RequestSpecificationImpl$RestAssuredHttpBuilder: Parsing response as: application/json
2024-10-02 16:10:08,349 DEBUG [main] io.restassured.internal.RequestSpecificationImpl$RestAssuredHttpBuilder: Parsed data to instance of: class org.apache.http.conn.EofSensorInputStream
2024-10-02 16:10:08,351 DEBUG [main] org.apache.http.wire:  << "{[\n]"
2024-10-02 16:10:08,351 DEBUG [main] org.apache.http.wire:  << "    "name": "updated-project",[\n]"
2024-10-02 16:10:08,351 DEBUG [main] org.apache.http.wire:  << "    "domain": "api.example.com",[\n]"
2024-10-02 16:10:08,351 DEBUG [main] org.apache.http.wire:  << "    "headerAuthorization": "",[\n]"
2024-10-02 16:10:08,351 DEBUG [main] org.apache.http.wire:  << "    "minRetries": 1,[\n]"
2024-10-02 16:10:08,351 DEBUG [main] org.apache.http.wire:  << "    "retryDelaySecs": 5[\n]"
2024-10-02 16:10:08,351 DEBUG [main] org.apache.http.wire:  << "}"
2024-10-02 16:10:08,351 DEBUG [main] org.apache.http.impl.conn.BasicClientConnectionManager: Releasing connection org.apache.http.impl.conn.ManagedClientConnectionImpl@fb49fdf
2024-10-02 16:10:08,351 DEBUG [main] org.apache.http.impl.conn.BasicClientConnectionManager: Connection can be kept alive indefinitely
2024-10-02 16:10:08,352 INFO  [main] post_hook_Api_Testing.Post_Hook_API_Testing: Hook updated successfully.
2024-10-02 16:10:08,372 DEBUG [main] org.apache.http.impl.conn.BasicClientConnectionManager: Get connection for route {s}->https://posthook-api.mock.beeceptor.com:443
2024-10-02 16:10:08,372 DEBUG [main] org.apache.http.impl.conn.DefaultClientConnectionOperator: Connecting to posthook-api.mock.beeceptor.com:443
2024-10-02 16:10:08,929 DEBUG [main] org.apache.http.client.protocol.RequestAddCookies: CookieSpec selected: ignoreCookies
2024-10-02 16:10:08,929 DEBUG [main] org.apache.http.client.protocol.RequestAuthCache: Auth cache not set in the context
2024-10-02 16:10:08,929 DEBUG [main] org.apache.http.client.protocol.RequestTargetAuthentication: Target auth state: UNCHALLENGED
2024-10-02 16:10:08,929 DEBUG [main] org.apache.http.client.protocol.RequestProxyAuthentication: Proxy auth state: UNCHALLENGED
2024-10-02 16:10:08,929 DEBUG [main] org.apache.http.impl.client.DefaultHttpClient: Attempt 1 to execute request
2024-10-02 16:10:08,930 DEBUG [main] org.apache.http.impl.conn.DefaultClientConnection: Sending request: DELETE /v1/hooks/c1ec9560-65fc-4b88-bfe0-1bc6e56cb3db HTTP/1.1
2024-10-02 16:10:08,930 DEBUG [main] org.apache.http.wire:  >> "DELETE /v1/hooks/c1ec9560-65fc-4b88-bfe0-1bc6e56cb3db HTTP/1.1[\r][\n]"
2024-10-02 16:10:08,930 DEBUG [main] org.apache.http.wire:  >> "Accept: */*[\r][\n]"
2024-10-02 16:10:08,930 DEBUG [main] org.apache.http.wire:  >> "Host: posthook-api.mock.beeceptor.com[\r][\n]"
2024-10-02 16:10:08,930 DEBUG [main] org.apache.http.wire:  >> "Connection: Keep-Alive[\r][\n]"
2024-10-02 16:10:08,930 DEBUG [main] org.apache.http.wire:  >> "User-Agent: Apache-HttpClient/4.5.13 (Java/21.0.3)[\r][\n]"
2024-10-02 16:10:08,930 DEBUG [main] org.apache.http.wire:  >> "Accept-Encoding: gzip,deflate[\r][\n]"
2024-10-02 16:10:08,930 DEBUG [main] org.apache.http.wire:  >> "[\r][\n]"
2024-10-02 16:10:08,930 DEBUG [main] org.apache.http.headers: >> DELETE /v1/hooks/c1ec9560-65fc-4b88-bfe0-1bc6e56cb3db HTTP/1.1
2024-10-02 16:10:08,930 DEBUG [main] org.apache.http.headers: >> Accept: */*
2024-10-02 16:10:08,930 DEBUG [main] org.apache.http.headers: >> Host: posthook-api.mock.beeceptor.com
2024-10-02 16:10:08,930 DEBUG [main] org.apache.http.headers: >> Connection: Keep-Alive
2024-10-02 16:10:08,932 DEBUG [main] org.apache.http.headers: >> User-Agent: Apache-HttpClient/4.5.13 (Java/21.0.3)
2024-10-02 16:10:08,932 DEBUG [main] org.apache.http.headers: >> Accept-Encoding: gzip,deflate
2024-10-02 16:10:09,273 DEBUG [main] org.apache.http.wire:  << "HTTP/1.1 200 OK[\r][\n]"
2024-10-02 16:10:09,274 DEBUG [main] org.apache.http.wire:  << "Access-Control-Allow-Origin: *[\r][\n]"
2024-10-02 16:10:09,274 DEBUG [main] org.apache.http.wire:  << "Alt-Svc: h3=":443"; ma=2592000[\r][\n]"
2024-10-02 16:10:09,274 DEBUG [main] org.apache.http.wire:  << "Content-Length: 16[\r][\n]"
2024-10-02 16:10:09,274 DEBUG [main] org.apache.http.wire:  << "Content-Type: application/json[\r][\n]"
2024-10-02 16:10:09,274 DEBUG [main] org.apache.http.wire:  << "Date: Wed, 02 Oct 2024 10:40:07 GMT[\r][\n]"
2024-10-02 16:10:09,274 DEBUG [main] org.apache.http.wire:  << "Vary: Accept-Encoding[\r][\n]"
2024-10-02 16:10:09,274 DEBUG [main] org.apache.http.wire:  << "X-Beeceptor-Rule-Id: mgkqz70kxf[\r][\n]"
2024-10-02 16:10:09,274 DEBUG [main] org.apache.http.wire:  << "[\r][\n]"
2024-10-02 16:10:09,274 DEBUG [main] org.apache.http.impl.conn.DefaultClientConnection: Receiving response: HTTP/1.1 200 OK
2024-10-02 16:10:09,274 DEBUG [main] org.apache.http.headers: << HTTP/1.1 200 OK
2024-10-02 16:10:09,274 DEBUG [main] org.apache.http.headers: << Access-Control-Allow-Origin: *
2024-10-02 16:10:09,274 DEBUG [main] org.apache.http.headers: << Alt-Svc: h3=":443"; ma=2592000
2024-10-02 16:10:09,274 DEBUG [main] org.apache.http.headers: << Content-Length: 16
2024-10-02 16:10:09,274 DEBUG [main] org.apache.http.headers: << Content-Type: application/json
2024-10-02 16:10:09,274 DEBUG [main] org.apache.http.headers: << Date: Wed, 02 Oct 2024 10:40:07 GMT
2024-10-02 16:10:09,274 DEBUG [main] org.apache.http.headers: << Vary: Accept-Encoding
2024-10-02 16:10:09,275 DEBUG [main] org.apache.http.headers: << X-Beeceptor-Rule-Id: mgkqz70kxf
2024-10-02 16:10:09,275 DEBUG [main] org.apache.http.impl.client.DefaultHttpClient: Connection can be kept alive indefinitely
2024-10-02 16:10:09,275 DEBUG [main] io.restassured.internal.RequestSpecificationImpl$RestAssuredHttpBuilder: Parsing response as: application/json
2024-10-02 16:10:09,275 DEBUG [main] io.restassured.internal.RequestSpecificationImpl$RestAssuredHttpBuilder: Parsed data to instance of: class org.apache.http.conn.EofSensorInputStream
2024-10-02 16:10:09,276 DEBUG [main] org.apache.http.wire:  << "{[\n]"
2024-10-02 16:10:09,277 DEBUG [main] org.apache.http.wire:  << "  "data": {}[\n]"
2024-10-02 16:10:09,277 DEBUG [main] org.apache.http.wire:  << "}"
2024-10-02 16:10:09,277 DEBUG [main] org.apache.http.impl.conn.BasicClientConnectionManager: Releasing connection org.apache.http.impl.conn.ManagedClientConnectionImpl@1665fa54
2024-10-02 16:10:09,277 DEBUG [main] org.apache.http.impl.conn.BasicClientConnectionManager: Connection can be kept alive indefinitely
2024-10-02 16:10:09,278 INFO  [main] post_hook_Api_Testing.Post_Hook_API_Testing: Hook deleted successfully.
2024-10-02 16:24:08,846 DEBUG [main] org.apache.http.impl.conn.BasicClientConnectionManager: Get connection for route {s}->https://posthook-api.mock.beeceptor.com:443
2024-10-02 16:24:09,110 DEBUG [main] org.apache.http.impl.conn.DefaultClientConnectionOperator: Connecting to posthook-api.mock.beeceptor.com:443
2024-10-02 16:24:10,253 DEBUG [main] org.apache.http.client.protocol.RequestAddCookies: CookieSpec selected: ignoreCookies
2024-10-02 16:24:10,256 DEBUG [main] org.apache.http.client.protocol.RequestAuthCache: Auth cache not set in the context
2024-10-02 16:24:10,256 DEBUG [main] org.apache.http.client.protocol.RequestTargetAuthentication: Target auth state: UNCHALLENGED
2024-10-02 16:24:10,257 DEBUG [main] org.apache.http.client.protocol.RequestProxyAuthentication: Proxy auth state: UNCHALLENGED
2024-10-02 16:24:10,257 DEBUG [main] org.apache.http.impl.client.DefaultHttpClient: Attempt 1 to execute request
2024-10-02 16:24:10,258 DEBUG [main] org.apache.http.impl.conn.DefaultClientConnection: Sending request: POST /v1/hooks HTTP/1.1
2024-10-02 16:24:10,258 DEBUG [main] org.apache.http.wire:  >> "POST /v1/hooks HTTP/1.1[\r][\n]"
2024-10-02 16:24:10,259 DEBUG [main] org.apache.http.wire:  >> "Content-Type: application/x-www-form-urlencoded; charset=ISO-8859-1[\r][\n]"
2024-10-02 16:24:10,260 DEBUG [main] org.apache.http.wire:  >> "Accept: */*[\r][\n]"
2024-10-02 16:24:10,260 DEBUG [main] org.apache.http.wire:  >> "Content-Length: 0[\r][\n]"
2024-10-02 16:24:10,260 DEBUG [main] org.apache.http.wire:  >> "Host: posthook-api.mock.beeceptor.com[\r][\n]"
2024-10-02 16:24:10,260 DEBUG [main] org.apache.http.wire:  >> "Connection: Keep-Alive[\r][\n]"
2024-10-02 16:24:10,260 DEBUG [main] org.apache.http.wire:  >> "User-Agent: Apache-HttpClient/4.5.13 (Java/21.0.3)[\r][\n]"
2024-10-02 16:24:10,260 DEBUG [main] org.apache.http.wire:  >> "Accept-Encoding: gzip,deflate[\r][\n]"
2024-10-02 16:24:10,260 DEBUG [main] org.apache.http.wire:  >> "[\r][\n]"
2024-10-02 16:24:10,260 DEBUG [main] org.apache.http.headers: >> POST /v1/hooks HTTP/1.1
2024-10-02 16:24:10,260 DEBUG [main] org.apache.http.headers: >> Content-Type: application/x-www-form-urlencoded; charset=ISO-8859-1
2024-10-02 16:24:10,260 DEBUG [main] org.apache.http.headers: >> Accept: */*
2024-10-02 16:24:10,261 DEBUG [main] org.apache.http.headers: >> Content-Length: 0
2024-10-02 16:24:10,261 DEBUG [main] org.apache.http.headers: >> Host: posthook-api.mock.beeceptor.com
2024-10-02 16:24:10,261 DEBUG [main] org.apache.http.headers: >> Connection: Keep-Alive
2024-10-02 16:24:10,261 DEBUG [main] org.apache.http.headers: >> User-Agent: Apache-HttpClient/4.5.13 (Java/21.0.3)
2024-10-02 16:24:10,261 DEBUG [main] org.apache.http.headers: >> Accept-Encoding: gzip,deflate
2024-10-02 16:24:10,513 DEBUG [main] org.apache.http.wire:  << "HTTP/1.1 200 OK[\r][\n]"
2024-10-02 16:24:10,515 DEBUG [main] org.apache.http.wire:  << "Access-Control-Allow-Origin: *[\r][\n]"
2024-10-02 16:24:10,515 DEBUG [main] org.apache.http.wire:  << "Alt-Svc: h3=":443"; ma=2592000[\r][\n]"
2024-10-02 16:24:10,515 DEBUG [main] org.apache.http.wire:  << "Content-Length: 311[\r][\n]"
2024-10-02 16:24:10,517 DEBUG [main] org.apache.http.wire:  << "Content-Type: application/json[\r][\n]"
2024-10-02 16:24:10,517 DEBUG [main] org.apache.http.wire:  << "Date: Wed, 02 Oct 2024 10:54:08 GMT[\r][\n]"
2024-10-02 16:24:10,517 DEBUG [main] org.apache.http.wire:  << "Vary: Accept-Encoding[\r][\n]"
2024-10-02 16:24:10,518 DEBUG [main] org.apache.http.wire:  << "X-Beeceptor-Rule-Id: ujqmrpj43oo[\r][\n]"
2024-10-02 16:24:10,518 DEBUG [main] org.apache.http.wire:  << "[\r][\n]"
2024-10-02 16:24:10,520 DEBUG [main] org.apache.http.impl.conn.DefaultClientConnection: Receiving response: HTTP/1.1 200 OK
2024-10-02 16:24:10,520 DEBUG [main] org.apache.http.headers: << HTTP/1.1 200 OK
2024-10-02 16:24:10,520 DEBUG [main] org.apache.http.headers: << Access-Control-Allow-Origin: *
2024-10-02 16:24:10,520 DEBUG [main] org.apache.http.headers: << Alt-Svc: h3=":443"; ma=2592000
2024-10-02 16:24:10,520 DEBUG [main] org.apache.http.headers: << Content-Length: 311
2024-10-02 16:24:10,520 DEBUG [main] org.apache.http.headers: << Content-Type: application/json
2024-10-02 16:24:10,520 DEBUG [main] org.apache.http.headers: << Date: Wed, 02 Oct 2024 10:54:08 GMT
2024-10-02 16:24:10,520 DEBUG [main] org.apache.http.headers: << Vary: Accept-Encoding
2024-10-02 16:24:10,520 DEBUG [main] org.apache.http.headers: << X-Beeceptor-Rule-Id: ujqmrpj43oo
2024-10-02 16:24:10,529 DEBUG [main] org.apache.http.impl.client.DefaultHttpClient: Connection can be kept alive indefinitely
2024-10-02 16:24:10,597 DEBUG [main] io.restassured.internal.RequestSpecificationImpl$RestAssuredHttpBuilder: Parsing response as: application/json
2024-10-02 16:24:10,598 DEBUG [main] io.restassured.internal.RequestSpecificationImpl$RestAssuredHttpBuilder: Parsed data to instance of: class org.apache.http.conn.EofSensorInputStream
2024-10-02 16:24:10,718 INFO  [main] post_hook_Api_Testing.Post_Hook_API_Testing: Hook scheduled successfully.
2024-10-02 16:24:10,777 DEBUG [main] org.apache.http.impl.conn.BasicClientConnectionManager: Get connection for route {s}->https://posthook-api.mock.beeceptor.com:443
2024-10-02 16:24:10,777 DEBUG [main] org.apache.http.impl.conn.DefaultClientConnectionOperator: Connecting to posthook-api.mock.beeceptor.com:443
2024-10-02 16:24:11,420 DEBUG [main] org.apache.http.client.protocol.RequestAddCookies: CookieSpec selected: ignoreCookies
2024-10-02 16:24:11,420 DEBUG [main] org.apache.http.client.protocol.RequestAuthCache: Auth cache not set in the context
2024-10-02 16:24:11,420 DEBUG [main] org.apache.http.client.protocol.RequestTargetAuthentication: Target auth state: UNCHALLENGED
2024-10-02 16:24:11,420 DEBUG [main] org.apache.http.client.protocol.RequestProxyAuthentication: Proxy auth state: UNCHALLENGED
2024-10-02 16:24:11,420 DEBUG [main] org.apache.http.impl.client.DefaultHttpClient: Attempt 1 to execute request
2024-10-02 16:24:11,420 DEBUG [main] org.apache.http.impl.conn.DefaultClientConnection: Sending request: GET /v1/hooks HTTP/1.1
2024-10-02 16:24:11,420 DEBUG [main] org.apache.http.wire:  >> "GET /v1/hooks HTTP/1.1[\r][\n]"
2024-10-02 16:24:11,420 DEBUG [main] org.apache.http.wire:  >> "Accept: */*[\r][\n]"
2024-10-02 16:24:11,421 DEBUG [main] org.apache.http.wire:  >> "Host: posthook-api.mock.beeceptor.com[\r][\n]"
2024-10-02 16:24:11,422 DEBUG [main] org.apache.http.wire:  >> "Connection: Keep-Alive[\r][\n]"
2024-10-02 16:24:11,422 DEBUG [main] org.apache.http.wire:  >> "User-Agent: Apache-HttpClient/4.5.13 (Java/21.0.3)[\r][\n]"
2024-10-02 16:24:11,422 DEBUG [main] org.apache.http.wire:  >> "Accept-Encoding: gzip,deflate[\r][\n]"
2024-10-02 16:24:11,422 DEBUG [main] org.apache.http.wire:  >> "[\r][\n]"
2024-10-02 16:24:11,422 DEBUG [main] org.apache.http.headers: >> GET /v1/hooks HTTP/1.1
2024-10-02 16:24:11,422 DEBUG [main] org.apache.http.headers: >> Accept: */*
2024-10-02 16:24:11,423 DEBUG [main] org.apache.http.headers: >> Host: posthook-api.mock.beeceptor.com
2024-10-02 16:24:11,423 DEBUG [main] org.apache.http.headers: >> Connection: Keep-Alive
2024-10-02 16:24:11,423 DEBUG [main] org.apache.http.headers: >> User-Agent: Apache-HttpClient/4.5.13 (Java/21.0.3)
2024-10-02 16:24:11,423 DEBUG [main] org.apache.http.headers: >> Accept-Encoding: gzip,deflate
2024-10-02 16:24:11,699 DEBUG [main] org.apache.http.wire:  << "HTTP/1.1 200 OK[\r][\n]"
2024-10-02 16:24:11,699 DEBUG [main] org.apache.http.wire:  << "Access-Control-Allow-Origin: *[\r][\n]"
2024-10-02 16:24:11,700 DEBUG [main] org.apache.http.wire:  << "Alt-Svc: h3=":443"; ma=2592000[\r][\n]"
2024-10-02 16:24:11,700 DEBUG [main] org.apache.http.wire:  << "Content-Length: 1078[\r][\n]"
2024-10-02 16:24:11,703 DEBUG [main] org.apache.http.wire:  << "Content-Type: application/json[\r][\n]"
2024-10-02 16:24:11,703 DEBUG [main] org.apache.http.wire:  << "Date: Wed, 02 Oct 2024 10:54:09 GMT[\r][\n]"
2024-10-02 16:24:11,703 DEBUG [main] org.apache.http.wire:  << "Vary: Accept-Encoding[\r][\n]"
2024-10-02 16:24:11,704 DEBUG [main] org.apache.http.wire:  << "X-Beeceptor-Rule-Id: 9ozlian5ysr[\r][\n]"
2024-10-02 16:24:11,704 DEBUG [main] org.apache.http.wire:  << "[\r][\n]"
2024-10-02 16:24:11,705 DEBUG [main] org.apache.http.impl.conn.DefaultClientConnection: Receiving response: HTTP/1.1 200 OK
2024-10-02 16:24:11,705 DEBUG [main] org.apache.http.headers: << HTTP/1.1 200 OK
2024-10-02 16:24:11,705 DEBUG [main] org.apache.http.headers: << Access-Control-Allow-Origin: *
2024-10-02 16:24:11,705 DEBUG [main] org.apache.http.headers: << Alt-Svc: h3=":443"; ma=2592000
2024-10-02 16:24:11,705 DEBUG [main] org.apache.http.headers: << Content-Length: 1078
2024-10-02 16:24:11,705 DEBUG [main] org.apache.http.headers: << Content-Type: application/json
2024-10-02 16:24:11,705 DEBUG [main] org.apache.http.headers: << Date: Wed, 02 Oct 2024 10:54:09 GMT
2024-10-02 16:24:11,705 DEBUG [main] org.apache.http.headers: << Vary: Accept-Encoding
2024-10-02 16:24:11,705 DEBUG [main] org.apache.http.headers: << X-Beeceptor-Rule-Id: 9ozlian5ysr
2024-10-02 16:24:11,707 DEBUG [main] org.apache.http.impl.client.DefaultHttpClient: Connection can be kept alive indefinitely
2024-10-02 16:24:11,708 DEBUG [main] io.restassured.internal.RequestSpecificationImpl$RestAssuredHttpBuilder: Parsing response as: application/json
2024-10-02 16:24:11,708 DEBUG [main] io.restassured.internal.RequestSpecificationImpl$RestAssuredHttpBuilder: Parsed data to instance of: class org.apache.http.conn.EofSensorInputStream
2024-10-02 16:24:11,748 DEBUG [main] org.apache.http.wire:  << "{[\n]"
2024-10-02 16:24:11,748 DEBUG [main] org.apache.http.wire:  << "  "data": [[\n]"
2024-10-02 16:24:11,748 DEBUG [main] org.apache.http.wire:  << "    {[\n]"
2024-10-02 16:24:11,748 DEBUG [main] org.apache.http.wire:  << "      "id": "8e3aa909-fb84-4495-944d-a4c192defe66",[\n]"
2024-10-02 16:24:11,748 DEBUG [main] org.apache.http.wire:  << "      "path": "/webhooks/ph/event_reminder",[\n]"
2024-10-02 16:24:11,748 DEBUG [main] org.apache.http.wire:  << "      "domain": "posthook.io",[\n]"
2024-10-02 16:24:11,748 DEBUG [main] org.apache.http.wire:  << "      "data": {[\n]"
2024-10-02 16:24:11,748 DEBUG [main] org.apache.http.wire:  << "        "eventID": 25[\n]"
2024-10-02 16:24:11,748 DEBUG [main] org.apache.http.wire:  << "      },[\n]"
2024-10-02 16:24:11,748 DEBUG [main] org.apache.http.wire:  << "      "postAt": "2018-07-19T21:00:00Z",[\n]"
2024-10-02 16:24:11,749 DEBUG [main] org.apache.http.wire:  << "      "status": "pending",[\n]"
2024-10-02 16:24:11,749 DEBUG [main] org.apache.http.wire:  << "      "createdAt": "2018-04-30T17:45:20.68114Z",[\n]"
2024-10-02 16:24:11,749 DEBUG [main] org.apache.http.wire:  << "      "updatedAt": "2018-04-30T17:45:20.68114Z"[\n]"
2024-10-02 16:24:11,749 DEBUG [main] org.apache.http.wire:  << "    },[\n]"
2024-10-02 16:24:11,749 DEBUG [main] org.apache.http.wire:  << "    {[\n]"
2024-10-02 16:24:11,749 DEBUG [main] org.apache.http.wire:  << "      "id": "c1ec9560-65fc-4b88-bfe0-1bc6e56cb3db",[\n]"
2024-10-02 16:24:11,749 DEBUG [main] org.apache.http.wire:  << "      "path": "/webhooks/ph/event_reminder",[\n]"
2024-10-02 16:24:11,749 DEBUG [main] org.apache.http.wire:  << "      "domain": "posthook.io",[\n]"
2024-10-02 16:24:11,749 DEBUG [main] org.apache.http.wire:  << "      "data": {[\n]"
2024-10-02 16:24:11,749 DEBUG [main] org.apache.http.wire:  << "        "eventID": 25[\n]"
2024-10-02 16:24:11,749 DEBUG [main] org.apache.http.wire:  << "      },[\n]"
2024-10-02 16:24:11,749 DEBUG [main] org.apache.http.wire:  << "      "postAt": "2018-07-17T21:00:00Z",[\n]"
2024-10-02 16:24:11,749 DEBUG [main] org.apache.http.wire:  << "      "status": "pending",[\n]"
2024-10-02 16:24:11,749 DEBUG [main] org.apache.http.wire:  << "      "createdAt": "2018-04-30T17:45:16.097812Z",[\n]"
2024-10-02 16:24:11,749 DEBUG [main] org.apache.http.wire:  << "      "updatedAt": "2018-04-30T17:45:16.097812Z"[\n]"
2024-10-02 16:24:11,749 DEBUG [main] org.apache.http.wire:  << "    },[\n]"
2024-10-02 16:24:11,749 DEBUG [main] org.apache.http.wire:  << "    {[\n]"
2024-10-02 16:24:11,749 DEBUG [main] org.apache.http.wire:  << "      "id": "6ab4d4d5-4767-452d-b72f-6ec40562b27e",[\n]"
2024-10-02 16:24:11,749 DEBUG [main] org.apache.http.wire:  << "      "path": "/webhooks/ph/event_reminder",[\n]"
2024-10-02 16:24:11,749 DEBUG [main] org.apache.http.wire:  << "      "domain": "posthook.io",[\n]"
2024-10-02 16:24:11,749 DEBUG [main] org.apache.http.wire:  << "      "data": {[\n]"
2024-10-02 16:24:11,749 DEBUG [main] org.apache.http.wire:  << "        "eventID": 25[\n]"
2024-10-02 16:24:11,749 DEBUG [main] org.apache.http.wire:  << "      },[\n]"
2024-10-02 16:24:11,749 DEBUG [main] org.apache.http.wire:  << "      "postAt": "2018-07-15T21:00:00Z",[\n]"
2024-10-02 16:24:11,749 DEBUG [main] org.apache.http.wire:  << "      "status""
2024-10-02 16:24:11,750 DEBUG [main] org.apache.http.wire:  << ": "pending",[\n]"
2024-10-02 16:24:11,750 DEBUG [main] org.apache.http.wire:  << "      "createdAt": "2018-04-30T17:45:06.475047Z",[\n]"
2024-10-02 16:24:11,751 DEBUG [main] org.apache.http.wire:  << "      "updatedAt": "2018-04-30T17:45:06.475047Z"[\n]"
2024-10-02 16:24:11,751 DEBUG [main] org.apache.http.wire:  << "    }[\n]"
2024-10-02 16:24:11,751 DEBUG [main] org.apache.http.wire:  << "  ][\n]"
2024-10-02 16:24:11,751 DEBUG [main] org.apache.http.wire:  << "}"
2024-10-02 16:24:11,751 DEBUG [main] org.apache.http.impl.conn.BasicClientConnectionManager: Releasing connection org.apache.http.impl.conn.ManagedClientConnectionImpl@66a53104
2024-10-02 16:24:11,751 DEBUG [main] org.apache.http.impl.conn.BasicClientConnectionManager: Connection can be kept alive indefinitely
2024-10-02 16:24:11,825 INFO  [main] post_hook_Api_Testing.Post_Hook_API_Testing: Hooks fetched successfully.
2024-10-02 16:24:11,847 DEBUG [main] org.apache.http.impl.conn.BasicClientConnectionManager: Get connection for route {s}->https://posthook-api.mock.beeceptor.com:443
2024-10-02 16:24:11,847 DEBUG [main] org.apache.http.impl.conn.DefaultClientConnectionOperator: Connecting to posthook-api.mock.beeceptor.com:443
2024-10-02 16:24:12,543 DEBUG [main] org.apache.http.client.protocol.RequestAddCookies: CookieSpec selected: ignoreCookies
2024-10-02 16:24:12,543 DEBUG [main] org.apache.http.client.protocol.RequestAuthCache: Auth cache not set in the context
2024-10-02 16:24:12,543 DEBUG [main] org.apache.http.client.protocol.RequestTargetAuthentication: Target auth state: UNCHALLENGED
2024-10-02 16:24:12,543 DEBUG [main] org.apache.http.client.protocol.RequestProxyAuthentication: Proxy auth state: UNCHALLENGED
2024-10-02 16:24:12,543 DEBUG [main] org.apache.http.impl.client.DefaultHttpClient: Attempt 1 to execute request
2024-10-02 16:24:12,543 DEBUG [main] org.apache.http.impl.conn.DefaultClientConnection: Sending request: GET /v1/hooks/c1ec9560-65fc-4b88-bfe0-1bc6e56cb3db HTTP/1.1
2024-10-02 16:24:12,543 DEBUG [main] org.apache.http.wire:  >> "GET /v1/hooks/c1ec9560-65fc-4b88-bfe0-1bc6e56cb3db HTTP/1.1[\r][\n]"
2024-10-02 16:24:12,544 DEBUG [main] org.apache.http.wire:  >> "Accept: */*[\r][\n]"
2024-10-02 16:24:12,544 DEBUG [main] org.apache.http.wire:  >> "Host: posthook-api.mock.beeceptor.com[\r][\n]"
2024-10-02 16:24:12,544 DEBUG [main] org.apache.http.wire:  >> "Connection: Keep-Alive[\r][\n]"
2024-10-02 16:24:12,544 DEBUG [main] org.apache.http.wire:  >> "User-Agent: Apache-HttpClient/4.5.13 (Java/21.0.3)[\r][\n]"
2024-10-02 16:24:12,544 DEBUG [main] org.apache.http.wire:  >> "Accept-Encoding: gzip,deflate[\r][\n]"
2024-10-02 16:24:12,544 DEBUG [main] org.apache.http.wire:  >> "[\r][\n]"
2024-10-02 16:24:12,544 DEBUG [main] org.apache.http.headers: >> GET /v1/hooks/c1ec9560-65fc-4b88-bfe0-1bc6e56cb3db HTTP/1.1
2024-10-02 16:24:12,544 DEBUG [main] org.apache.http.headers: >> Accept: */*
2024-10-02 16:24:12,545 DEBUG [main] org.apache.http.headers: >> Host: posthook-api.mock.beeceptor.com
2024-10-02 16:24:12,545 DEBUG [main] org.apache.http.headers: >> Connection: Keep-Alive
2024-10-02 16:24:12,545 DEBUG [main] org.apache.http.headers: >> User-Agent: Apache-HttpClient/4.5.13 (Java/21.0.3)
2024-10-02 16:24:12,545 DEBUG [main] org.apache.http.headers: >> Accept-Encoding: gzip,deflate
2024-10-02 16:24:12,805 DEBUG [main] org.apache.http.wire:  << "HTTP/1.1 200 OK[\r][\n]"
2024-10-02 16:24:12,805 DEBUG [main] org.apache.http.wire:  << "Access-Control-Allow-Origin: *[\r][\n]"
2024-10-02 16:24:12,805 DEBUG [main] org.apache.http.wire:  << "Alt-Svc: h3=":443"; ma=2592000[\r][\n]"
2024-10-02 16:24:12,805 DEBUG [main] org.apache.http.wire:  << "Content-Length: 1078[\r][\n]"
2024-10-02 16:24:12,805 DEBUG [main] org.apache.http.wire:  << "Content-Type: application/json[\r][\n]"
2024-10-02 16:24:12,805 DEBUG [main] org.apache.http.wire:  << "Date: Wed, 02 Oct 2024 10:54:10 GMT[\r][\n]"
2024-10-02 16:24:12,805 DEBUG [main] org.apache.http.wire:  << "Vary: Accept-Encoding[\r][\n]"
2024-10-02 16:24:12,807 DEBUG [main] org.apache.http.wire:  << "X-Beeceptor-Rule-Id: 9ozlian5ysr[\r][\n]"
2024-10-02 16:24:12,807 DEBUG [main] org.apache.http.wire:  << "[\r][\n]"
2024-10-02 16:24:12,807 DEBUG [main] org.apache.http.impl.conn.DefaultClientConnection: Receiving response: HTTP/1.1 200 OK
2024-10-02 16:24:12,807 DEBUG [main] org.apache.http.headers: << HTTP/1.1 200 OK
2024-10-02 16:24:12,807 DEBUG [main] org.apache.http.headers: << Access-Control-Allow-Origin: *
2024-10-02 16:24:12,807 DEBUG [main] org.apache.http.headers: << Alt-Svc: h3=":443"; ma=2592000
2024-10-02 16:24:12,807 DEBUG [main] org.apache.http.headers: << Content-Length: 1078
2024-10-02 16:24:12,807 DEBUG [main] org.apache.http.headers: << Content-Type: application/json
2024-10-02 16:24:12,807 DEBUG [main] org.apache.http.headers: << Date: Wed, 02 Oct 2024 10:54:10 GMT
2024-10-02 16:24:12,807 DEBUG [main] org.apache.http.headers: << Vary: Accept-Encoding
2024-10-02 16:24:12,807 DEBUG [main] org.apache.http.headers: << X-Beeceptor-Rule-Id: 9ozlian5ysr
2024-10-02 16:24:12,808 DEBUG [main] org.apache.http.impl.client.DefaultHttpClient: Connection can be kept alive indefinitely
2024-10-02 16:24:12,809 DEBUG [main] io.restassured.internal.RequestSpecificationImpl$RestAssuredHttpBuilder: Parsing response as: application/json
2024-10-02 16:24:12,810 DEBUG [main] io.restassured.internal.RequestSpecificationImpl$RestAssuredHttpBuilder: Parsed data to instance of: class org.apache.http.conn.EofSensorInputStream
2024-10-02 16:24:12,813 DEBUG [main] org.apache.http.wire:  << "{[\n]"
2024-10-02 16:24:12,814 DEBUG [main] org.apache.http.wire:  << "  "data": [[\n]"
2024-10-02 16:24:12,814 DEBUG [main] org.apache.http.wire:  << "    {[\n]"
2024-10-02 16:24:12,814 DEBUG [main] org.apache.http.wire:  << "      "id": "8e3aa909-fb84-4495-944d-a4c192defe66",[\n]"
2024-10-02 16:24:12,814 DEBUG [main] org.apache.http.wire:  << "      "path": "/webhooks/ph/event_reminder",[\n]"
2024-10-02 16:24:12,814 DEBUG [main] org.apache.http.wire:  << "      "domain": "posthook.io",[\n]"
2024-10-02 16:24:12,814 DEBUG [main] org.apache.http.wire:  << "      "data": {[\n]"
2024-10-02 16:24:12,814 DEBUG [main] org.apache.http.wire:  << "        "eventID": 25[\n]"
2024-10-02 16:24:12,814 DEBUG [main] org.apache.http.wire:  << "      },[\n]"
2024-10-02 16:24:12,814 DEBUG [main] org.apache.http.wire:  << "      "postAt": "2018-07-19T21:00:00Z",[\n]"
2024-10-02 16:24:12,814 DEBUG [main] org.apache.http.wire:  << "      "status": "pending",[\n]"
2024-10-02 16:24:12,815 DEBUG [main] org.apache.http.wire:  << "      "createdAt": "2018-04-30T17:45:20.68114Z",[\n]"
2024-10-02 16:24:12,815 DEBUG [main] org.apache.http.wire:  << "      "updatedAt": "2018-04-30T17:45:20.68114Z"[\n]"
2024-10-02 16:24:12,815 DEBUG [main] org.apache.http.wire:  << "    },[\n]"
2024-10-02 16:24:12,815 DEBUG [main] org.apache.http.wire:  << "    {[\n]"
2024-10-02 16:24:12,815 DEBUG [main] org.apache.http.wire:  << "      "id": "c1ec9560-65fc-4b88-bfe0-1bc6e56cb3db",[\n]"
2024-10-02 16:24:12,815 DEBUG [main] org.apache.http.wire:  << "      "path": "/webhooks/ph/event_reminder",[\n]"
2024-10-02 16:24:12,815 DEBUG [main] org.apache.http.wire:  << "      "domain": "posthook.io",[\n]"
2024-10-02 16:24:12,815 DEBUG [main] org.apache.http.wire:  << "      "data": {[\n]"
2024-10-02 16:24:12,815 DEBUG [main] org.apache.http.wire:  << "        "eventID": 25[\n]"
2024-10-02 16:24:12,815 DEBUG [main] org.apache.http.wire:  << "      },[\n]"
2024-10-02 16:24:12,815 DEBUG [main] org.apache.http.wire:  << "      "postAt": "2018-07-17T21:00:00Z",[\n]"
2024-10-02 16:24:12,815 DEBUG [main] org.apache.http.wire:  << "      "status": "pending",[\n]"
2024-10-02 16:24:12,815 DEBUG [main] org.apache.http.wire:  << "      "createdAt": "2018-04-30T17:45:16.097812Z",[\n]"
2024-10-02 16:24:12,815 DEBUG [main] org.apache.http.wire:  << "      "updatedAt": "2018-04-30T17:45:16.097812Z"[\n]"
2024-10-02 16:24:12,815 DEBUG [main] org.apache.http.wire:  << "    },[\n]"
2024-10-02 16:24:12,815 DEBUG [main] org.apache.http.wire:  << "    {[\n]"
2024-10-02 16:24:12,815 DEBUG [main] org.apache.http.wire:  << "      "id": "6ab4d4d5-4767-452d-b72f-6ec40562b27e",[\n]"
2024-10-02 16:24:12,815 DEBUG [main] org.apache.http.wire:  << "      "path": "/webhooks/ph/event_reminder",[\n]"
2024-10-02 16:24:12,817 DEBUG [main] org.apache.http.wire:  << "      "domain": "posthook.io",[\n]"
2024-10-02 16:24:12,818 DEBUG [main] org.apache.http.wire:  << "      "data": {[\n]"
2024-10-02 16:24:12,819 DEBUG [main] org.apache.http.wire:  << "        "eventID": 25[\n]"
2024-10-02 16:24:12,819 DEBUG [main] org.apache.http.wire:  << "      },[\n]"
2024-10-02 16:24:12,819 DEBUG [main] org.apache.http.wire:  << "      "postAt": "2018-07-15T21:00:00Z",[\n]"
2024-10-02 16:24:12,819 DEBUG [main] org.apache.http.wire:  << "      "status""
2024-10-02 16:24:12,820 DEBUG [main] org.apache.http.wire:  << ": "pending",[\n]"
2024-10-02 16:24:12,822 DEBUG [main] org.apache.http.wire:  << "      "createdAt": "2018-04-30T17:45:06.475047Z",[\n]"
2024-10-02 16:24:12,822 DEBUG [main] org.apache.http.wire:  << "      "updatedAt": "2018-04-30T17:45:06.475047Z"[\n]"
2024-10-02 16:24:12,823 DEBUG [main] org.apache.http.wire:  << "    }[\n]"
2024-10-02 16:24:12,823 DEBUG [main] org.apache.http.wire:  << "  ][\n]"
2024-10-02 16:24:12,824 DEBUG [main] org.apache.http.wire:  << "}"
2024-10-02 16:24:12,824 DEBUG [main] org.apache.http.impl.conn.BasicClientConnectionManager: Releasing connection org.apache.http.impl.conn.ManagedClientConnectionImpl@47248a48
2024-10-02 16:24:12,824 DEBUG [main] org.apache.http.impl.conn.BasicClientConnectionManager: Connection can be kept alive indefinitely
2024-10-02 16:24:12,832 INFO  [main] post_hook_Api_Testing.Post_Hook_API_Testing: Hook fetched successfully.
2024-10-02 16:24:12,884 DEBUG [main] org.apache.http.impl.conn.BasicClientConnectionManager: Get connection for route {s}->https://posthook-api.mock.beeceptor.com:443
2024-10-02 16:24:12,885 DEBUG [main] org.apache.http.impl.conn.DefaultClientConnectionOperator: Connecting to posthook-api.mock.beeceptor.com:443
2024-10-02 16:24:13,565 DEBUG [main] org.apache.http.client.protocol.RequestAddCookies: CookieSpec selected: ignoreCookies
2024-10-02 16:24:13,565 DEBUG [main] org.apache.http.client.protocol.RequestAuthCache: Auth cache not set in the context
2024-10-02 16:24:13,565 DEBUG [main] org.apache.http.client.protocol.RequestTargetAuthentication: Target auth state: UNCHALLENGED
2024-10-02 16:24:13,565 DEBUG [main] org.apache.http.client.protocol.RequestProxyAuthentication: Proxy auth state: UNCHALLENGED
2024-10-02 16:24:13,565 DEBUG [main] org.apache.http.impl.client.DefaultHttpClient: Attempt 1 to execute request
2024-10-02 16:24:13,565 DEBUG [main] org.apache.http.impl.conn.DefaultClientConnection: Sending request: PUT /v1/projects/ HTTP/1.1
2024-10-02 16:24:13,565 DEBUG [main] org.apache.http.wire:  >> "PUT /v1/projects/ HTTP/1.1[\r][\n]"
2024-10-02 16:24:13,565 DEBUG [main] org.apache.http.wire:  >> "Accept: */*[\r][\n]"
2024-10-02 16:24:13,565 DEBUG [main] org.apache.http.wire:  >> "Content-Type: application/json[\r][\n]"
2024-10-02 16:24:13,565 DEBUG [main] org.apache.http.wire:  >> "Content-Length: 112[\r][\n]"
2024-10-02 16:24:13,565 DEBUG [main] org.apache.http.wire:  >> "Host: posthook-api.mock.beeceptor.com[\r][\n]"
2024-10-02 16:24:13,567 DEBUG [main] org.apache.http.wire:  >> "Connection: Keep-Alive[\r][\n]"
2024-10-02 16:24:13,567 DEBUG [main] org.apache.http.wire:  >> "User-Agent: Apache-HttpClient/4.5.13 (Java/21.0.3)[\r][\n]"
2024-10-02 16:24:13,567 DEBUG [main] org.apache.http.wire:  >> "Accept-Encoding: gzip,deflate[\r][\n]"
2024-10-02 16:24:13,567 DEBUG [main] org.apache.http.wire:  >> "[\r][\n]"
2024-10-02 16:24:13,567 DEBUG [main] org.apache.http.headers: >> PUT /v1/projects/ HTTP/1.1
2024-10-02 16:24:13,567 DEBUG [main] org.apache.http.headers: >> Accept: */*
2024-10-02 16:24:13,567 DEBUG [main] org.apache.http.headers: >> Content-Type: application/json
2024-10-02 16:24:13,567 DEBUG [main] org.apache.http.headers: >> Content-Length: 112
2024-10-02 16:24:13,567 DEBUG [main] org.apache.http.headers: >> Host: posthook-api.mock.beeceptor.com
2024-10-02 16:24:13,568 DEBUG [main] org.apache.http.headers: >> Connection: Keep-Alive
2024-10-02 16:24:13,568 DEBUG [main] org.apache.http.headers: >> User-Agent: Apache-HttpClient/4.5.13 (Java/21.0.3)
2024-10-02 16:24:13,568 DEBUG [main] org.apache.http.headers: >> Accept-Encoding: gzip,deflate
2024-10-02 16:24:13,568 DEBUG [main] org.apache.http.wire:  >> "{"retryDelaySecs":5,"domain":"api.example.com","headerAuthorization":"","name":"updated-project","minRetries":1}"
2024-10-02 16:24:13,850 DEBUG [main] org.apache.http.wire:  << "HTTP/1.1 200 OK[\r][\n]"
2024-10-02 16:24:13,851 DEBUG [main] org.apache.http.wire:  << "Access-Control-Allow-Origin: *[\r][\n]"
2024-10-02 16:24:13,851 DEBUG [main] org.apache.http.wire:  << "Alt-Svc: h3=":443"; ma=2592000[\r][\n]"
2024-10-02 16:24:13,851 DEBUG [main] org.apache.http.wire:  << "Content-Length: 143[\r][\n]"
2024-10-02 16:24:13,851 DEBUG [main] org.apache.http.wire:  << "Content-Type: application/json[\r][\n]"
2024-10-02 16:24:13,851 DEBUG [main] org.apache.http.wire:  << "Date: Wed, 02 Oct 2024 10:54:11 GMT[\r][\n]"
2024-10-02 16:24:13,851 DEBUG [main] org.apache.http.wire:  << "Vary: Accept-Encoding[\r][\n]"
2024-10-02 16:24:13,851 DEBUG [main] org.apache.http.wire:  << "X-Beeceptor-Rule-Id: jx4oqx8vtz7[\r][\n]"
2024-10-02 16:24:13,851 DEBUG [main] org.apache.http.wire:  << "[\r][\n]"
2024-10-02 16:24:13,851 DEBUG [main] org.apache.http.impl.conn.DefaultClientConnection: Receiving response: HTTP/1.1 200 OK
2024-10-02 16:24:13,851 DEBUG [main] org.apache.http.headers: << HTTP/1.1 200 OK
2024-10-02 16:24:13,852 DEBUG [main] org.apache.http.headers: << Access-Control-Allow-Origin: *
2024-10-02 16:24:13,852 DEBUG [main] org.apache.http.headers: << Alt-Svc: h3=":443"; ma=2592000
2024-10-02 16:24:13,852 DEBUG [main] org.apache.http.headers: << Content-Length: 143
2024-10-02 16:24:13,852 DEBUG [main] org.apache.http.headers: << Content-Type: application/json
2024-10-02 16:24:13,852 DEBUG [main] org.apache.http.headers: << Date: Wed, 02 Oct 2024 10:54:11 GMT
2024-10-02 16:24:13,852 DEBUG [main] org.apache.http.headers: << Vary: Accept-Encoding
2024-10-02 16:24:13,852 DEBUG [main] org.apache.http.headers: << X-Beeceptor-Rule-Id: jx4oqx8vtz7
2024-10-02 16:24:13,852 DEBUG [main] org.apache.http.impl.client.DefaultHttpClient: Connection can be kept alive indefinitely
2024-10-02 16:24:13,853 DEBUG [main] io.restassured.internal.RequestSpecificationImpl$RestAssuredHttpBuilder: Parsing response as: application/json
2024-10-02 16:24:13,853 DEBUG [main] io.restassured.internal.RequestSpecificationImpl$RestAssuredHttpBuilder: Parsed data to instance of: class org.apache.http.conn.EofSensorInputStream
2024-10-02 16:24:13,858 DEBUG [main] org.apache.http.wire:  << "{[\n]"
2024-10-02 16:24:13,859 DEBUG [main] org.apache.http.wire:  << "    "name": "updated-project",[\n]"
2024-10-02 16:24:13,859 DEBUG [main] org.apache.http.wire:  << "    "domain": "api.example.com",[\n]"
2024-10-02 16:24:13,859 DEBUG [main] org.apache.http.wire:  << "    "headerAuthorization": "",[\n]"
2024-10-02 16:24:13,859 DEBUG [main] org.apache.http.wire:  << "    "minRetries": 1,[\n]"
2024-10-02 16:24:13,860 DEBUG [main] org.apache.http.wire:  << "    "retryDelaySecs": 5[\n]"
2024-10-02 16:24:13,860 DEBUG [main] org.apache.http.wire:  << "}"
2024-10-02 16:24:13,860 DEBUG [main] org.apache.http.impl.conn.BasicClientConnectionManager: Releasing connection org.apache.http.impl.conn.ManagedClientConnectionImpl@4dcbae55
2024-10-02 16:24:13,860 DEBUG [main] org.apache.http.impl.conn.BasicClientConnectionManager: Connection can be kept alive indefinitely
2024-10-02 16:24:13,861 INFO  [main] post_hook_Api_Testing.Post_Hook_API_Testing: Hook updated successfully.
2024-10-02 16:24:13,900 DEBUG [main] org.apache.http.impl.conn.BasicClientConnectionManager: Get connection for route {s}->https://posthook-api.mock.beeceptor.com:443
2024-10-02 16:24:13,900 DEBUG [main] org.apache.http.impl.conn.DefaultClientConnectionOperator: Connecting to posthook-api.mock.beeceptor.com:443
2024-10-02 16:24:14,475 DEBUG [main] org.apache.http.client.protocol.RequestAddCookies: CookieSpec selected: ignoreCookies
2024-10-02 16:24:14,475 DEBUG [main] org.apache.http.client.protocol.RequestAuthCache: Auth cache not set in the context
2024-10-02 16:24:14,476 DEBUG [main] org.apache.http.client.protocol.RequestTargetAuthentication: Target auth state: UNCHALLENGED
2024-10-02 16:24:14,476 DEBUG [main] org.apache.http.client.protocol.RequestProxyAuthentication: Proxy auth state: UNCHALLENGED
2024-10-02 16:24:14,476 DEBUG [main] org.apache.http.impl.client.DefaultHttpClient: Attempt 1 to execute request
2024-10-02 16:24:14,476 DEBUG [main] org.apache.http.impl.conn.DefaultClientConnection: Sending request: DELETE /v1/hooks/c1ec9560-65fc-4b88-bfe0-1bc6e56cb3db HTTP/1.1
2024-10-02 16:24:14,476 DEBUG [main] org.apache.http.wire:  >> "DELETE /v1/hooks/c1ec9560-65fc-4b88-bfe0-1bc6e56cb3db HTTP/1.1[\r][\n]"
2024-10-02 16:24:14,476 DEBUG [main] org.apache.http.wire:  >> "Accept: */*[\r][\n]"
2024-10-02 16:24:14,476 DEBUG [main] org.apache.http.wire:  >> "Host: posthook-api.mock.beeceptor.com[\r][\n]"
2024-10-02 16:24:14,476 DEBUG [main] org.apache.http.wire:  >> "Connection: Keep-Alive[\r][\n]"
2024-10-02 16:24:14,477 DEBUG [main] org.apache.http.wire:  >> "User-Agent: Apache-HttpClient/4.5.13 (Java/21.0.3)[\r][\n]"
2024-10-02 16:24:14,477 DEBUG [main] org.apache.http.wire:  >> "Accept-Encoding: gzip,deflate[\r][\n]"
2024-10-02 16:24:14,477 DEBUG [main] org.apache.http.wire:  >> "[\r][\n]"
2024-10-02 16:24:14,477 DEBUG [main] org.apache.http.headers: >> DELETE /v1/hooks/c1ec9560-65fc-4b88-bfe0-1bc6e56cb3db HTTP/1.1
2024-10-02 16:24:14,477 DEBUG [main] org.apache.http.headers: >> Accept: */*
2024-10-02 16:24:14,477 DEBUG [main] org.apache.http.headers: >> Host: posthook-api.mock.beeceptor.com
2024-10-02 16:24:14,477 DEBUG [main] org.apache.http.headers: >> Connection: Keep-Alive
2024-10-02 16:24:14,477 DEBUG [main] org.apache.http.headers: >> User-Agent: Apache-HttpClient/4.5.13 (Java/21.0.3)
2024-10-02 16:24:14,477 DEBUG [main] org.apache.http.headers: >> Accept-Encoding: gzip,deflate
2024-10-02 16:24:14,772 DEBUG [main] org.apache.http.wire:  << "HTTP/1.1 200 OK[\r][\n]"
2024-10-02 16:24:14,772 DEBUG [main] org.apache.http.wire:  << "Access-Control-Allow-Origin: *[\r][\n]"
2024-10-02 16:24:14,772 DEBUG [main] org.apache.http.wire:  << "Alt-Svc: h3=":443"; ma=2592000[\r][\n]"
2024-10-02 16:24:14,772 DEBUG [main] org.apache.http.wire:  << "Content-Length: 16[\r][\n]"
2024-10-02 16:24:14,772 DEBUG [main] org.apache.http.wire:  << "Content-Type: application/json[\r][\n]"
2024-10-02 16:24:14,772 DEBUG [main] org.apache.http.wire:  << "Date: Wed, 02 Oct 2024 10:54:12 GMT[\r][\n]"
2024-10-02 16:24:14,772 DEBUG [main] org.apache.http.wire:  << "Vary: Accept-Encoding[\r][\n]"
2024-10-02 16:24:14,773 DEBUG [main] org.apache.http.wire:  << "X-Beeceptor-Rule-Id: mgkqz70kxf[\r][\n]"
2024-10-02 16:24:14,773 DEBUG [main] org.apache.http.wire:  << "[\r][\n]"
2024-10-02 16:24:14,773 DEBUG [main] org.apache.http.impl.conn.DefaultClientConnection: Receiving response: HTTP/1.1 200 OK
2024-10-02 16:24:14,773 DEBUG [main] org.apache.http.headers: << HTTP/1.1 200 OK
2024-10-02 16:24:14,773 DEBUG [main] org.apache.http.headers: << Access-Control-Allow-Origin: *
2024-10-02 16:24:14,773 DEBUG [main] org.apache.http.headers: << Alt-Svc: h3=":443"; ma=2592000
2024-10-02 16:24:14,773 DEBUG [main] org.apache.http.headers: << Content-Length: 16
2024-10-02 16:24:14,773 DEBUG [main] org.apache.http.headers: << Content-Type: application/json
2024-10-02 16:24:14,773 DEBUG [main] org.apache.http.headers: << Date: Wed, 02 Oct 2024 10:54:12 GMT
2024-10-02 16:24:14,773 DEBUG [main] org.apache.http.headers: << Vary: Accept-Encoding
2024-10-02 16:24:14,773 DEBUG [main] org.apache.http.headers: << X-Beeceptor-Rule-Id: mgkqz70kxf
2024-10-02 16:24:14,773 DEBUG [main] org.apache.http.impl.client.DefaultHttpClient: Connection can be kept alive indefinitely
2024-10-02 16:24:14,774 DEBUG [main] io.restassured.internal.RequestSpecificationImpl$RestAssuredHttpBuilder: Parsing response as: application/json
2024-10-02 16:24:14,774 DEBUG [main] io.restassured.internal.RequestSpecificationImpl$RestAssuredHttpBuilder: Parsed data to instance of: class org.apache.http.conn.EofSensorInputStream
2024-10-02 16:24:14,775 DEBUG [main] org.apache.http.wire:  << "{[\n]"
2024-10-02 16:24:14,775 DEBUG [main] org.apache.http.wire:  << "  "data": {}[\n]"
2024-10-02 16:24:14,775 DEBUG [main] org.apache.http.wire:  << "}"
2024-10-02 16:24:14,775 DEBUG [main] org.apache.http.impl.conn.BasicClientConnectionManager: Releasing connection org.apache.http.impl.conn.ManagedClientConnectionImpl@2287395
2024-10-02 16:24:14,776 DEBUG [main] org.apache.http.impl.conn.BasicClientConnectionManager: Connection can be kept alive indefinitely
2024-10-02 16:24:14,776 INFO  [main] post_hook_Api_Testing.Post_Hook_API_Testing: Hook deleted successfully.
2024-10-02 16:28:09,004 DEBUG [main] org.apache.http.impl.conn.BasicClientConnectionManager: Get connection for route {s}->https://posthook-api.mock.beeceptor.com:443
2024-10-02 16:28:09,368 DEBUG [main] org.apache.http.impl.conn.DefaultClientConnectionOperator: Connecting to posthook-api.mock.beeceptor.com:443
2024-10-02 16:28:10,372 DEBUG [main] org.apache.http.client.protocol.RequestAddCookies: CookieSpec selected: ignoreCookies
2024-10-02 16:28:10,374 DEBUG [main] org.apache.http.client.protocol.RequestAuthCache: Auth cache not set in the context
2024-10-02 16:28:10,374 DEBUG [main] org.apache.http.client.protocol.RequestTargetAuthentication: Target auth state: UNCHALLENGED
2024-10-02 16:28:10,374 DEBUG [main] org.apache.http.client.protocol.RequestProxyAuthentication: Proxy auth state: UNCHALLENGED
2024-10-02 16:28:10,374 DEBUG [main] org.apache.http.impl.client.DefaultHttpClient: Attempt 1 to execute request
2024-10-02 16:28:10,375 DEBUG [main] org.apache.http.impl.conn.DefaultClientConnection: Sending request: POST /v1/hooks HTTP/1.1
2024-10-02 16:28:10,375 DEBUG [main] org.apache.http.wire:  >> "POST /v1/hooks HTTP/1.1[\r][\n]"
2024-10-02 16:28:10,376 DEBUG [main] org.apache.http.wire:  >> "Content-Type: application/x-www-form-urlencoded; charset=ISO-8859-1[\r][\n]"
2024-10-02 16:28:10,376 DEBUG [main] org.apache.http.wire:  >> "Accept: */*[\r][\n]"
2024-10-02 16:28:10,376 DEBUG [main] org.apache.http.wire:  >> "Content-Length: 0[\r][\n]"
2024-10-02 16:28:10,376 DEBUG [main] org.apache.http.wire:  >> "Host: posthook-api.mock.beeceptor.com[\r][\n]"
2024-10-02 16:28:10,376 DEBUG [main] org.apache.http.wire:  >> "Connection: Keep-Alive[\r][\n]"
2024-10-02 16:28:10,376 DEBUG [main] org.apache.http.wire:  >> "User-Agent: Apache-HttpClient/4.5.13 (Java/21.0.3)[\r][\n]"
2024-10-02 16:28:10,376 DEBUG [main] org.apache.http.wire:  >> "Accept-Encoding: gzip,deflate[\r][\n]"
2024-10-02 16:28:10,376 DEBUG [main] org.apache.http.wire:  >> "[\r][\n]"
2024-10-02 16:28:10,376 DEBUG [main] org.apache.http.headers: >> POST /v1/hooks HTTP/1.1
2024-10-02 16:28:10,377 DEBUG [main] org.apache.http.headers: >> Content-Type: application/x-www-form-urlencoded; charset=ISO-8859-1
2024-10-02 16:28:10,377 DEBUG [main] org.apache.http.headers: >> Accept: */*
2024-10-02 16:28:10,377 DEBUG [main] org.apache.http.headers: >> Content-Length: 0
2024-10-02 16:28:10,377 DEBUG [main] org.apache.http.headers: >> Host: posthook-api.mock.beeceptor.com
2024-10-02 16:28:10,377 DEBUG [main] org.apache.http.headers: >> Connection: Keep-Alive
2024-10-02 16:28:10,377 DEBUG [main] org.apache.http.headers: >> User-Agent: Apache-HttpClient/4.5.13 (Java/21.0.3)
2024-10-02 16:28:10,377 DEBUG [main] org.apache.http.headers: >> Accept-Encoding: gzip,deflate
2024-10-02 16:28:10,638 DEBUG [main] org.apache.http.wire:  << "HTTP/1.1 200 OK[\r][\n]"
2024-10-02 16:28:10,642 DEBUG [main] org.apache.http.wire:  << "Access-Control-Allow-Origin: *[\r][\n]"
2024-10-02 16:28:10,643 DEBUG [main] org.apache.http.wire:  << "Alt-Svc: h3=":443"; ma=2592000[\r][\n]"
2024-10-02 16:28:10,643 DEBUG [main] org.apache.http.wire:  << "Content-Length: 311[\r][\n]"
2024-10-02 16:28:10,643 DEBUG [main] org.apache.http.wire:  << "Content-Type: application/json[\r][\n]"
2024-10-02 16:28:10,643 DEBUG [main] org.apache.http.wire:  << "Date: Wed, 02 Oct 2024 10:58:08 GMT[\r][\n]"
2024-10-02 16:28:10,643 DEBUG [main] org.apache.http.wire:  << "Vary: Accept-Encoding[\r][\n]"
2024-10-02 16:28:10,643 DEBUG [main] org.apache.http.wire:  << "X-Beeceptor-Rule-Id: ujqmrpj43oo[\r][\n]"
2024-10-02 16:28:10,643 DEBUG [main] org.apache.http.wire:  << "[\r][\n]"
2024-10-02 16:28:10,644 DEBUG [main] org.apache.http.impl.conn.DefaultClientConnection: Receiving response: HTTP/1.1 200 OK
2024-10-02 16:28:10,645 DEBUG [main] org.apache.http.headers: << HTTP/1.1 200 OK
2024-10-02 16:28:10,645 DEBUG [main] org.apache.http.headers: << Access-Control-Allow-Origin: *
2024-10-02 16:28:10,645 DEBUG [main] org.apache.http.headers: << Alt-Svc: h3=":443"; ma=2592000
2024-10-02 16:28:10,645 DEBUG [main] org.apache.http.headers: << Content-Length: 311
2024-10-02 16:28:10,645 DEBUG [main] org.apache.http.headers: << Content-Type: application/json
2024-10-02 16:28:10,645 DEBUG [main] org.apache.http.headers: << Date: Wed, 02 Oct 2024 10:58:08 GMT
2024-10-02 16:28:10,645 DEBUG [main] org.apache.http.headers: << Vary: Accept-Encoding
2024-10-02 16:28:10,645 DEBUG [main] org.apache.http.headers: << X-Beeceptor-Rule-Id: ujqmrpj43oo
2024-10-02 16:28:10,654 DEBUG [main] org.apache.http.impl.client.DefaultHttpClient: Connection can be kept alive indefinitely
2024-10-02 16:28:10,743 DEBUG [main] io.restassured.internal.RequestSpecificationImpl$RestAssuredHttpBuilder: Parsing response as: application/json
2024-10-02 16:28:10,744 DEBUG [main] io.restassured.internal.RequestSpecificationImpl$RestAssuredHttpBuilder: Parsed data to instance of: class org.apache.http.conn.EofSensorInputStream
2024-10-02 16:28:10,835 INFO  [main] post_hook_Api_Testing.Post_Hook_API_Testing: Hook scheduled successfully.
2024-10-02 16:28:10,891 DEBUG [main] org.apache.http.impl.conn.BasicClientConnectionManager: Get connection for route {s}->https://posthook-api.mock.beeceptor.com:443
2024-10-02 16:28:10,892 DEBUG [main] org.apache.http.impl.conn.DefaultClientConnectionOperator: Connecting to posthook-api.mock.beeceptor.com:443
2024-10-02 16:28:11,547 DEBUG [main] org.apache.http.client.protocol.RequestAddCookies: CookieSpec selected: ignoreCookies
2024-10-02 16:28:11,547 DEBUG [main] org.apache.http.client.protocol.RequestAuthCache: Auth cache not set in the context
2024-10-02 16:28:11,547 DEBUG [main] org.apache.http.client.protocol.RequestTargetAuthentication: Target auth state: UNCHALLENGED
2024-10-02 16:28:11,547 DEBUG [main] org.apache.http.client.protocol.RequestProxyAuthentication: Proxy auth state: UNCHALLENGED
2024-10-02 16:28:11,547 DEBUG [main] org.apache.http.impl.client.DefaultHttpClient: Attempt 1 to execute request
2024-10-02 16:28:11,547 DEBUG [main] org.apache.http.impl.conn.DefaultClientConnection: Sending request: GET /v1/hooks HTTP/1.1
2024-10-02 16:28:11,547 DEBUG [main] org.apache.http.wire:  >> "GET /v1/hooks HTTP/1.1[\r][\n]"
2024-10-02 16:28:11,548 DEBUG [main] org.apache.http.wire:  >> "Accept: */*[\r][\n]"
2024-10-02 16:28:11,548 DEBUG [main] org.apache.http.wire:  >> "Host: posthook-api.mock.beeceptor.com[\r][\n]"
2024-10-02 16:28:11,548 DEBUG [main] org.apache.http.wire:  >> "Connection: Keep-Alive[\r][\n]"
2024-10-02 16:28:11,548 DEBUG [main] org.apache.http.wire:  >> "User-Agent: Apache-HttpClient/4.5.13 (Java/21.0.3)[\r][\n]"
2024-10-02 16:28:11,548 DEBUG [main] org.apache.http.wire:  >> "Accept-Encoding: gzip,deflate[\r][\n]"
2024-10-02 16:28:11,548 DEBUG [main] org.apache.http.wire:  >> "[\r][\n]"
2024-10-02 16:28:11,548 DEBUG [main] org.apache.http.headers: >> GET /v1/hooks HTTP/1.1
2024-10-02 16:28:11,548 DEBUG [main] org.apache.http.headers: >> Accept: */*
2024-10-02 16:28:11,548 DEBUG [main] org.apache.http.headers: >> Host: posthook-api.mock.beeceptor.com
2024-10-02 16:28:11,548 DEBUG [main] org.apache.http.headers: >> Connection: Keep-Alive
2024-10-02 16:28:11,548 DEBUG [main] org.apache.http.headers: >> User-Agent: Apache-HttpClient/4.5.13 (Java/21.0.3)
2024-10-02 16:28:11,548 DEBUG [main] org.apache.http.headers: >> Accept-Encoding: gzip,deflate
2024-10-02 16:28:11,826 DEBUG [main] org.apache.http.wire:  << "HTTP/1.1 200 OK[\r][\n]"
2024-10-02 16:28:11,827 DEBUG [main] org.apache.http.wire:  << "Access-Control-Allow-Origin: *[\r][\n]"
2024-10-02 16:28:11,827 DEBUG [main] org.apache.http.wire:  << "Alt-Svc: h3=":443"; ma=2592000[\r][\n]"
2024-10-02 16:28:11,827 DEBUG [main] org.apache.http.wire:  << "Content-Length: 1078[\r][\n]"
2024-10-02 16:28:11,828 DEBUG [main] org.apache.http.wire:  << "Content-Type: application/json[\r][\n]"
2024-10-02 16:28:11,828 DEBUG [main] org.apache.http.wire:  << "Date: Wed, 02 Oct 2024 10:58:09 GMT[\r][\n]"
2024-10-02 16:28:11,828 DEBUG [main] org.apache.http.wire:  << "Vary: Accept-Encoding[\r][\n]"
2024-10-02 16:28:11,828 DEBUG [main] org.apache.http.wire:  << "X-Beeceptor-Rule-Id: 9ozlian5ysr[\r][\n]"
2024-10-02 16:28:11,829 DEBUG [main] org.apache.http.wire:  << "[\r][\n]"
2024-10-02 16:28:11,829 DEBUG [main] org.apache.http.impl.conn.DefaultClientConnection: Receiving response: HTTP/1.1 200 OK
2024-10-02 16:28:11,829 DEBUG [main] org.apache.http.headers: << HTTP/1.1 200 OK
2024-10-02 16:28:11,829 DEBUG [main] org.apache.http.headers: << Access-Control-Allow-Origin: *
2024-10-02 16:28:11,829 DEBUG [main] org.apache.http.headers: << Alt-Svc: h3=":443"; ma=2592000
2024-10-02 16:28:11,829 DEBUG [main] org.apache.http.headers: << Content-Length: 1078
2024-10-02 16:28:11,829 DEBUG [main] org.apache.http.headers: << Content-Type: application/json
2024-10-02 16:28:11,830 DEBUG [main] org.apache.http.headers: << Date: Wed, 02 Oct 2024 10:58:09 GMT
2024-10-02 16:28:11,830 DEBUG [main] org.apache.http.headers: << Vary: Accept-Encoding
2024-10-02 16:28:11,830 DEBUG [main] org.apache.http.headers: << X-Beeceptor-Rule-Id: 9ozlian5ysr
2024-10-02 16:28:11,830 DEBUG [main] org.apache.http.impl.client.DefaultHttpClient: Connection can be kept alive indefinitely
2024-10-02 16:28:11,831 DEBUG [main] io.restassured.internal.RequestSpecificationImpl$RestAssuredHttpBuilder: Parsing response as: application/json
2024-10-02 16:28:11,832 DEBUG [main] io.restassured.internal.RequestSpecificationImpl$RestAssuredHttpBuilder: Parsed data to instance of: class org.apache.http.conn.EofSensorInputStream
2024-10-02 16:28:11,876 DEBUG [main] org.apache.http.wire:  << "{[\n]"
2024-10-02 16:28:11,876 DEBUG [main] org.apache.http.wire:  << "  "data": [[\n]"
2024-10-02 16:28:11,877 DEBUG [main] org.apache.http.wire:  << "    {[\n]"
2024-10-02 16:28:11,877 DEBUG [main] org.apache.http.wire:  << "      "id": "8e3aa909-fb84-4495-944d-a4c192defe66",[\n]"
2024-10-02 16:28:11,877 DEBUG [main] org.apache.http.wire:  << "      "path": "/webhooks/ph/event_reminder",[\n]"
2024-10-02 16:28:11,877 DEBUG [main] org.apache.http.wire:  << "      "domain": "posthook.io",[\n]"
2024-10-02 16:28:11,877 DEBUG [main] org.apache.http.wire:  << "      "data": {[\n]"
2024-10-02 16:28:11,877 DEBUG [main] org.apache.http.wire:  << "        "eventID": 25[\n]"
2024-10-02 16:28:11,877 DEBUG [main] org.apache.http.wire:  << "      },[\n]"
2024-10-02 16:28:11,877 DEBUG [main] org.apache.http.wire:  << "      "postAt": "2018-07-19T21:00:00Z",[\n]"
2024-10-02 16:28:11,877 DEBUG [main] org.apache.http.wire:  << "      "status": "pending",[\n]"
2024-10-02 16:28:11,877 DEBUG [main] org.apache.http.wire:  << "      "createdAt": "2018-04-30T17:45:20.68114Z",[\n]"
2024-10-02 16:28:11,877 DEBUG [main] org.apache.http.wire:  << "      "updatedAt": "2018-04-30T17:45:20.68114Z"[\n]"
2024-10-02 16:28:11,877 DEBUG [main] org.apache.http.wire:  << "    },[\n]"
2024-10-02 16:28:11,877 DEBUG [main] org.apache.http.wire:  << "    {[\n]"
2024-10-02 16:28:11,877 DEBUG [main] org.apache.http.wire:  << "      "id": "c1ec9560-65fc-4b88-bfe0-1bc6e56cb3db",[\n]"
2024-10-02 16:28:11,877 DEBUG [main] org.apache.http.wire:  << "      "path": "/webhooks/ph/event_reminder",[\n]"
2024-10-02 16:28:11,878 DEBUG [main] org.apache.http.wire:  << "      "domain": "posthook.io",[\n]"
2024-10-02 16:28:11,878 DEBUG [main] org.apache.http.wire:  << "      "data": {[\n]"
2024-10-02 16:28:11,878 DEBUG [main] org.apache.http.wire:  << "        "eventID": 25[\n]"
2024-10-02 16:28:11,878 DEBUG [main] org.apache.http.wire:  << "      },[\n]"
2024-10-02 16:28:11,878 DEBUG [main] org.apache.http.wire:  << "      "postAt": "2018-07-17T21:00:00Z",[\n]"
2024-10-02 16:28:11,878 DEBUG [main] org.apache.http.wire:  << "      "status": "pending",[\n]"
2024-10-02 16:28:11,878 DEBUG [main] org.apache.http.wire:  << "      "createdAt": "2018-04-30T17:45:16.097812Z",[\n]"
2024-10-02 16:28:11,878 DEBUG [main] org.apache.http.wire:  << "      "updatedAt": "2018-04-30T17:45:16.097812Z"[\n]"
2024-10-02 16:28:11,878 DEBUG [main] org.apache.http.wire:  << "    },[\n]"
2024-10-02 16:28:11,878 DEBUG [main] org.apache.http.wire:  << "    {[\n]"
2024-10-02 16:28:11,878 DEBUG [main] org.apache.http.wire:  << "      "id": "6ab4d4d5-4767-452d-b72f-6ec40562b27e",[\n]"
2024-10-02 16:28:11,878 DEBUG [main] org.apache.http.wire:  << "      "path": "/webhooks/ph/event_reminder",[\n]"
2024-10-02 16:28:11,878 DEBUG [main] org.apache.http.wire:  << "      "domain": "posthook.io",[\n]"
2024-10-02 16:28:11,878 DEBUG [main] org.apache.http.wire:  << "      "data": {[\n]"
2024-10-02 16:28:11,878 DEBUG [main] org.apache.http.wire:  << "        "eventID": 25[\n]"
2024-10-02 16:28:11,878 DEBUG [main] org.apache.http.wire:  << "      },[\n]"
2024-10-02 16:28:11,878 DEBUG [main] org.apache.http.wire:  << "      "postAt": "2018-07-15T21:00:00Z",[\n]"
2024-10-02 16:28:11,878 DEBUG [main] org.apache.http.wire:  << "      "status""
2024-10-02 16:28:11,882 DEBUG [main] org.apache.http.wire:  << ": "pending",[\n]"
2024-10-02 16:28:11,882 DEBUG [main] org.apache.http.wire:  << "      "createdAt": "2018-04-30T17:45:06.475047Z",[\n]"
2024-10-02 16:28:11,882 DEBUG [main] org.apache.http.wire:  << "      "updatedAt": "2018-04-30T17:45:06.475047Z"[\n]"
2024-10-02 16:28:11,882 DEBUG [main] org.apache.http.wire:  << "    }[\n]"
2024-10-02 16:28:11,882 DEBUG [main] org.apache.http.wire:  << "  ][\n]"
2024-10-02 16:28:11,882 DEBUG [main] org.apache.http.wire:  << "}"
2024-10-02 16:28:11,882 DEBUG [main] org.apache.http.impl.conn.BasicClientConnectionManager: Releasing connection org.apache.http.impl.conn.ManagedClientConnectionImpl@66a53104
2024-10-02 16:28:11,882 DEBUG [main] org.apache.http.impl.conn.BasicClientConnectionManager: Connection can be kept alive indefinitely
2024-10-02 16:28:11,962 INFO  [main] post_hook_Api_Testing.Post_Hook_API_Testing: Hooks fetched successfully.
2024-10-02 16:28:11,990 DEBUG [main] org.apache.http.impl.conn.BasicClientConnectionManager: Get connection for route {s}->https://posthook-api.mock.beeceptor.com:443
2024-10-02 16:28:11,990 DEBUG [main] org.apache.http.impl.conn.DefaultClientConnectionOperator: Connecting to posthook-api.mock.beeceptor.com:443
2024-10-02 16:28:12,667 DEBUG [main] org.apache.http.client.protocol.RequestAddCookies: CookieSpec selected: ignoreCookies
2024-10-02 16:28:12,668 DEBUG [main] org.apache.http.client.protocol.RequestAuthCache: Auth cache not set in the context
2024-10-02 16:28:12,668 DEBUG [main] org.apache.http.client.protocol.RequestTargetAuthentication: Target auth state: UNCHALLENGED
2024-10-02 16:28:12,668 DEBUG [main] org.apache.http.client.protocol.RequestProxyAuthentication: Proxy auth state: UNCHALLENGED
2024-10-02 16:28:12,668 DEBUG [main] org.apache.http.impl.client.DefaultHttpClient: Attempt 1 to execute request
2024-10-02 16:28:12,668 DEBUG [main] org.apache.http.impl.conn.DefaultClientConnection: Sending request: GET /v1/hooks/c1ec9560-65fc-4b88-bfe0-1bc6e56cb3db HTTP/1.1
2024-10-02 16:28:12,669 DEBUG [main] org.apache.http.wire:  >> "GET /v1/hooks/c1ec9560-65fc-4b88-bfe0-1bc6e56cb3db HTTP/1.1[\r][\n]"
2024-10-02 16:28:12,669 DEBUG [main] org.apache.http.wire:  >> "Accept: */*[\r][\n]"
2024-10-02 16:28:12,669 DEBUG [main] org.apache.http.wire:  >> "Host: posthook-api.mock.beeceptor.com[\r][\n]"
2024-10-02 16:28:12,669 DEBUG [main] org.apache.http.wire:  >> "Connection: Keep-Alive[\r][\n]"
2024-10-02 16:28:12,670 DEBUG [main] org.apache.http.wire:  >> "User-Agent: Apache-HttpClient/4.5.13 (Java/21.0.3)[\r][\n]"
2024-10-02 16:28:12,671 DEBUG [main] org.apache.http.wire:  >> "Accept-Encoding: gzip,deflate[\r][\n]"
2024-10-02 16:28:12,671 DEBUG [main] org.apache.http.wire:  >> "[\r][\n]"
2024-10-02 16:28:12,671 DEBUG [main] org.apache.http.headers: >> GET /v1/hooks/c1ec9560-65fc-4b88-bfe0-1bc6e56cb3db HTTP/1.1
2024-10-02 16:28:12,671 DEBUG [main] org.apache.http.headers: >> Accept: */*
2024-10-02 16:28:12,671 DEBUG [main] org.apache.http.headers: >> Host: posthook-api.mock.beeceptor.com
2024-10-02 16:28:12,672 DEBUG [main] org.apache.http.headers: >> Connection: Keep-Alive
2024-10-02 16:28:12,672 DEBUG [main] org.apache.http.headers: >> User-Agent: Apache-HttpClient/4.5.13 (Java/21.0.3)
2024-10-02 16:28:12,672 DEBUG [main] org.apache.http.headers: >> Accept-Encoding: gzip,deflate
2024-10-02 16:28:12,950 DEBUG [main] org.apache.http.wire:  << "HTTP/1.1 200 OK[\r][\n]"
2024-10-02 16:28:12,956 DEBUG [main] org.apache.http.wire:  << "Access-Control-Allow-Origin: *[\r][\n]"
2024-10-02 16:28:12,956 DEBUG [main] org.apache.http.wire:  << "Alt-Svc: h3=":443"; ma=2592000[\r][\n]"
2024-10-02 16:28:12,957 DEBUG [main] org.apache.http.wire:  << "Content-Length: 1078[\r][\n]"
2024-10-02 16:28:12,957 DEBUG [main] org.apache.http.wire:  << "Content-Type: application/json[\r][\n]"
2024-10-02 16:28:12,957 DEBUG [main] org.apache.http.wire:  << "Date: Wed, 02 Oct 2024 10:58:10 GMT[\r][\n]"
2024-10-02 16:28:12,957 DEBUG [main] org.apache.http.wire:  << "Vary: Accept-Encoding[\r][\n]"
2024-10-02 16:28:12,957 DEBUG [main] org.apache.http.wire:  << "X-Beeceptor-Rule-Id: 9ozlian5ysr[\r][\n]"
2024-10-02 16:28:12,957 DEBUG [main] org.apache.http.wire:  << "[\r][\n]"
2024-10-02 16:28:12,958 DEBUG [main] org.apache.http.impl.conn.DefaultClientConnection: Receiving response: HTTP/1.1 200 OK
2024-10-02 16:28:12,958 DEBUG [main] org.apache.http.headers: << HTTP/1.1 200 OK
2024-10-02 16:28:12,958 DEBUG [main] org.apache.http.headers: << Access-Control-Allow-Origin: *
2024-10-02 16:28:12,958 DEBUG [main] org.apache.http.headers: << Alt-Svc: h3=":443"; ma=2592000
2024-10-02 16:28:12,958 DEBUG [main] org.apache.http.headers: << Content-Length: 1078
2024-10-02 16:28:12,958 DEBUG [main] org.apache.http.headers: << Content-Type: application/json
2024-10-02 16:28:12,958 DEBUG [main] org.apache.http.headers: << Date: Wed, 02 Oct 2024 10:58:10 GMT
2024-10-02 16:28:12,958 DEBUG [main] org.apache.http.headers: << Vary: Accept-Encoding
2024-10-02 16:28:12,958 DEBUG [main] org.apache.http.headers: << X-Beeceptor-Rule-Id: 9ozlian5ysr
2024-10-02 16:28:12,958 DEBUG [main] org.apache.http.impl.client.DefaultHttpClient: Connection can be kept alive indefinitely
2024-10-02 16:28:12,960 DEBUG [main] io.restassured.internal.RequestSpecificationImpl$RestAssuredHttpBuilder: Parsing response as: application/json
2024-10-02 16:28:12,961 DEBUG [main] io.restassured.internal.RequestSpecificationImpl$RestAssuredHttpBuilder: Parsed data to instance of: class org.apache.http.conn.EofSensorInputStream
2024-10-02 16:28:12,963 DEBUG [main] org.apache.http.wire:  << "{[\n]"
2024-10-02 16:28:12,964 DEBUG [main] org.apache.http.wire:  << "  "data": [[\n]"
2024-10-02 16:28:12,964 DEBUG [main] org.apache.http.wire:  << "    {[\n]"
2024-10-02 16:28:12,964 DEBUG [main] org.apache.http.wire:  << "      "id": "8e3aa909-fb84-4495-944d-a4c192defe66",[\n]"
2024-10-02 16:28:12,964 DEBUG [main] org.apache.http.wire:  << "      "path": "/webhooks/ph/event_reminder",[\n]"
2024-10-02 16:28:12,964 DEBUG [main] org.apache.http.wire:  << "      "domain": "posthook.io",[\n]"
2024-10-02 16:28:12,964 DEBUG [main] org.apache.http.wire:  << "      "data": {[\n]"
2024-10-02 16:28:12,964 DEBUG [main] org.apache.http.wire:  << "        "eventID": 25[\n]"
2024-10-02 16:28:12,965 DEBUG [main] org.apache.http.wire:  << "      },[\n]"
2024-10-02 16:28:12,965 DEBUG [main] org.apache.http.wire:  << "      "postAt": "2018-07-19T21:00:00Z",[\n]"
2024-10-02 16:28:12,965 DEBUG [main] org.apache.http.wire:  << "      "status": "pending",[\n]"
2024-10-02 16:28:12,965 DEBUG [main] org.apache.http.wire:  << "      "createdAt": "2018-04-30T17:45:20.68114Z",[\n]"
2024-10-02 16:28:12,965 DEBUG [main] org.apache.http.wire:  << "      "updatedAt": "2018-04-30T17:45:20.68114Z"[\n]"
2024-10-02 16:28:12,965 DEBUG [main] org.apache.http.wire:  << "    },[\n]"
2024-10-02 16:28:12,965 DEBUG [main] org.apache.http.wire:  << "    {[\n]"
2024-10-02 16:28:12,965 DEBUG [main] org.apache.http.wire:  << "      "id": "c1ec9560-65fc-4b88-bfe0-1bc6e56cb3db",[\n]"
2024-10-02 16:28:12,965 DEBUG [main] org.apache.http.wire:  << "      "path": "/webhooks/ph/event_reminder",[\n]"
2024-10-02 16:28:12,965 DEBUG [main] org.apache.http.wire:  << "      "domain": "posthook.io",[\n]"
2024-10-02 16:28:12,966 DEBUG [main] org.apache.http.wire:  << "      "data": {[\n]"
2024-10-02 16:28:12,966 DEBUG [main] org.apache.http.wire:  << "        "eventID": 25[\n]"
2024-10-02 16:28:12,966 DEBUG [main] org.apache.http.wire:  << "      },[\n]"
2024-10-02 16:28:12,966 DEBUG [main] org.apache.http.wire:  << "      "postAt": "2018-07-17T21:00:00Z",[\n]"
2024-10-02 16:28:12,966 DEBUG [main] org.apache.http.wire:  << "      "status": "pending",[\n]"
2024-10-02 16:28:12,966 DEBUG [main] org.apache.http.wire:  << "      "createdAt": "2018-04-30T17:45:16.097812Z",[\n]"
2024-10-02 16:28:12,966 DEBUG [main] org.apache.http.wire:  << "      "updatedAt": "2018-04-30T17:45:16.097812Z"[\n]"
2024-10-02 16:28:12,966 DEBUG [main] org.apache.http.wire:  << "    },[\n]"
2024-10-02 16:28:12,966 DEBUG [main] org.apache.http.wire:  << "    {[\n]"
2024-10-02 16:28:12,966 DEBUG [main] org.apache.http.wire:  << "      "id": "6ab4d4d5-4767-452d-b72f-6ec40562b27e",[\n]"
2024-10-02 16:28:12,966 DEBUG [main] org.apache.http.wire:  << "      "path": "/webhooks/ph/event_reminder",[\n]"
2024-10-02 16:28:12,966 DEBUG [main] org.apache.http.wire:  << "      "domain": "posthook.io",[\n]"
2024-10-02 16:28:12,967 DEBUG [main] org.apache.http.wire:  << "      "data": {[\n]"
2024-10-02 16:28:12,967 DEBUG [main] org.apache.http.wire:  << "        "eventID": 25[\n]"
2024-10-02 16:28:12,967 DEBUG [main] org.apache.http.wire:  << "      },[\n]"
2024-10-02 16:28:12,967 DEBUG [main] org.apache.http.wire:  << "      "postAt": "2018-07-15T21:00:00Z",[\n]"
2024-10-02 16:28:12,967 DEBUG [main] org.apache.http.wire:  << "      "status""
2024-10-02 16:28:12,967 DEBUG [main] org.apache.http.wire:  << ": "pending",[\n]"
2024-10-02 16:28:12,968 DEBUG [main] org.apache.http.wire:  << "      "createdAt": "2018-04-30T17:45:06.475047Z",[\n]"
2024-10-02 16:28:12,968 DEBUG [main] org.apache.http.wire:  << "      "updatedAt": "2018-04-30T17:45:06.475047Z"[\n]"
2024-10-02 16:28:12,968 DEBUG [main] org.apache.http.wire:  << "    }[\n]"
2024-10-02 16:28:12,968 DEBUG [main] org.apache.http.wire:  << "  ][\n]"
2024-10-02 16:28:12,968 DEBUG [main] org.apache.http.wire:  << "}"
2024-10-02 16:28:12,968 DEBUG [main] org.apache.http.impl.conn.BasicClientConnectionManager: Releasing connection org.apache.http.impl.conn.ManagedClientConnectionImpl@47248a48
2024-10-02 16:28:12,968 DEBUG [main] org.apache.http.impl.conn.BasicClientConnectionManager: Connection can be kept alive indefinitely
2024-10-02 16:28:12,975 INFO  [main] post_hook_Api_Testing.Post_Hook_API_Testing: Hook fetched successfully.
2024-10-02 16:28:13,085 DEBUG [main] org.apache.http.impl.conn.BasicClientConnectionManager: Get connection for route {s}->https://posthook-api.mock.beeceptor.com:443
2024-10-02 16:28:13,087 DEBUG [main] org.apache.http.impl.conn.DefaultClientConnectionOperator: Connecting to posthook-api.mock.beeceptor.com:443
2024-10-02 16:28:13,690 DEBUG [main] org.apache.http.client.protocol.RequestAddCookies: CookieSpec selected: ignoreCookies
2024-10-02 16:28:13,690 DEBUG [main] org.apache.http.client.protocol.RequestAuthCache: Auth cache not set in the context
2024-10-02 16:28:13,691 DEBUG [main] org.apache.http.client.protocol.RequestTargetAuthentication: Target auth state: UNCHALLENGED
2024-10-02 16:28:13,691 DEBUG [main] org.apache.http.client.protocol.RequestProxyAuthentication: Proxy auth state: UNCHALLENGED
2024-10-02 16:28:13,691 DEBUG [main] org.apache.http.impl.client.DefaultHttpClient: Attempt 1 to execute request
2024-10-02 16:28:13,691 DEBUG [main] org.apache.http.impl.conn.DefaultClientConnection: Sending request: PUT /v1/projects/ HTTP/1.1
2024-10-02 16:28:13,691 DEBUG [main] org.apache.http.wire:  >> "PUT /v1/projects/ HTTP/1.1[\r][\n]"
2024-10-02 16:28:13,691 DEBUG [main] org.apache.http.wire:  >> "Accept: */*[\r][\n]"
2024-10-02 16:28:13,691 DEBUG [main] org.apache.http.wire:  >> "Content-Type: application/json[\r][\n]"
2024-10-02 16:28:13,692 DEBUG [main] org.apache.http.wire:  >> "Content-Length: 112[\r][\n]"
2024-10-02 16:28:13,692 DEBUG [main] org.apache.http.wire:  >> "Host: posthook-api.mock.beeceptor.com[\r][\n]"
2024-10-02 16:28:13,692 DEBUG [main] org.apache.http.wire:  >> "Connection: Keep-Alive[\r][\n]"
2024-10-02 16:28:13,692 DEBUG [main] org.apache.http.wire:  >> "User-Agent: Apache-HttpClient/4.5.13 (Java/21.0.3)[\r][\n]"
2024-10-02 16:28:13,692 DEBUG [main] org.apache.http.wire:  >> "Accept-Encoding: gzip,deflate[\r][\n]"
2024-10-02 16:28:13,693 DEBUG [main] org.apache.http.wire:  >> "[\r][\n]"
2024-10-02 16:28:13,693 DEBUG [main] org.apache.http.headers: >> PUT /v1/projects/ HTTP/1.1
2024-10-02 16:28:13,693 DEBUG [main] org.apache.http.headers: >> Accept: */*
2024-10-02 16:28:13,693 DEBUG [main] org.apache.http.headers: >> Content-Type: application/json
2024-10-02 16:28:13,693 DEBUG [main] org.apache.http.headers: >> Content-Length: 112
2024-10-02 16:28:13,693 DEBUG [main] org.apache.http.headers: >> Host: posthook-api.mock.beeceptor.com
2024-10-02 16:28:13,693 DEBUG [main] org.apache.http.headers: >> Connection: Keep-Alive
2024-10-02 16:28:13,693 DEBUG [main] org.apache.http.headers: >> User-Agent: Apache-HttpClient/4.5.13 (Java/21.0.3)
2024-10-02 16:28:13,693 DEBUG [main] org.apache.http.headers: >> Accept-Encoding: gzip,deflate
2024-10-02 16:28:13,694 DEBUG [main] org.apache.http.wire:  >> "{"retryDelaySecs":5,"domain":"api.example.com","headerAuthorization":"","name":"updated-project","minRetries":1}"
2024-10-02 16:28:13,953 DEBUG [main] org.apache.http.wire:  << "HTTP/1.1 200 OK[\r][\n]"
2024-10-02 16:28:13,954 DEBUG [main] org.apache.http.wire:  << "Access-Control-Allow-Origin: *[\r][\n]"
2024-10-02 16:28:13,954 DEBUG [main] org.apache.http.wire:  << "Alt-Svc: h3=":443"; ma=2592000[\r][\n]"
2024-10-02 16:28:13,954 DEBUG [main] org.apache.http.wire:  << "Content-Length: 143[\r][\n]"
2024-10-02 16:28:13,954 DEBUG [main] org.apache.http.wire:  << "Content-Type: application/json[\r][\n]"
2024-10-02 16:28:13,954 DEBUG [main] org.apache.http.wire:  << "Date: Wed, 02 Oct 2024 10:58:11 GMT[\r][\n]"
2024-10-02 16:28:13,954 DEBUG [main] org.apache.http.wire:  << "Vary: Accept-Encoding[\r][\n]"
2024-10-02 16:28:13,955 DEBUG [main] org.apache.http.wire:  << "X-Beeceptor-Rule-Id: jx4oqx8vtz7[\r][\n]"
2024-10-02 16:28:13,955 DEBUG [main] org.apache.http.wire:  << "[\r][\n]"
2024-10-02 16:28:13,955 DEBUG [main] org.apache.http.impl.conn.DefaultClientConnection: Receiving response: HTTP/1.1 200 OK
2024-10-02 16:28:13,955 DEBUG [main] org.apache.http.headers: << HTTP/1.1 200 OK
2024-10-02 16:28:13,955 DEBUG [main] org.apache.http.headers: << Access-Control-Allow-Origin: *
2024-10-02 16:28:13,955 DEBUG [main] org.apache.http.headers: << Alt-Svc: h3=":443"; ma=2592000
2024-10-02 16:28:13,955 DEBUG [main] org.apache.http.headers: << Content-Length: 143
2024-10-02 16:28:13,955 DEBUG [main] org.apache.http.headers: << Content-Type: application/json
2024-10-02 16:28:13,955 DEBUG [main] org.apache.http.headers: << Date: Wed, 02 Oct 2024 10:58:11 GMT
2024-10-02 16:28:13,955 DEBUG [main] org.apache.http.headers: << Vary: Accept-Encoding
2024-10-02 16:28:13,956 DEBUG [main] org.apache.http.headers: << X-Beeceptor-Rule-Id: jx4oqx8vtz7
2024-10-02 16:28:13,956 DEBUG [main] org.apache.http.impl.client.DefaultHttpClient: Connection can be kept alive indefinitely
2024-10-02 16:28:13,956 DEBUG [main] io.restassured.internal.RequestSpecificationImpl$RestAssuredHttpBuilder: Parsing response as: application/json
2024-10-02 16:28:13,957 DEBUG [main] io.restassured.internal.RequestSpecificationImpl$RestAssuredHttpBuilder: Parsed data to instance of: class org.apache.http.conn.EofSensorInputStream
2024-10-02 16:28:13,960 DEBUG [main] org.apache.http.wire:  << "{[\n]"
2024-10-02 16:28:13,960 DEBUG [main] org.apache.http.wire:  << "    "name": "updated-project",[\n]"
2024-10-02 16:28:13,962 DEBUG [main] org.apache.http.wire:  << "    "domain": "api.example.com",[\n]"
2024-10-02 16:28:13,962 DEBUG [main] org.apache.http.wire:  << "    "headerAuthorization": "",[\n]"
2024-10-02 16:28:13,962 DEBUG [main] org.apache.http.wire:  << "    "minRetries": 1,[\n]"
2024-10-02 16:28:13,962 DEBUG [main] org.apache.http.wire:  << "    "retryDelaySecs": 5[\n]"
2024-10-02 16:28:13,962 DEBUG [main] org.apache.http.wire:  << "}"
2024-10-02 16:28:13,962 DEBUG [main] org.apache.http.impl.conn.BasicClientConnectionManager: Releasing connection org.apache.http.impl.conn.ManagedClientConnectionImpl@4dcbae55
2024-10-02 16:28:13,962 DEBUG [main] org.apache.http.impl.conn.BasicClientConnectionManager: Connection can be kept alive indefinitely
2024-10-02 16:28:13,964 INFO  [main] post_hook_Api_Testing.Post_Hook_API_Testing: Hook updated successfully.
2024-10-02 16:28:14,010 DEBUG [main] org.apache.http.impl.conn.BasicClientConnectionManager: Get connection for route {s}->https://posthook-api.mock.beeceptor.com:443
2024-10-02 16:28:14,010 DEBUG [main] org.apache.http.impl.conn.DefaultClientConnectionOperator: Connecting to posthook-api.mock.beeceptor.com:443
2024-10-02 16:28:14,610 DEBUG [main] org.apache.http.client.protocol.RequestAddCookies: CookieSpec selected: ignoreCookies
2024-10-02 16:28:14,611 DEBUG [main] org.apache.http.client.protocol.RequestAuthCache: Auth cache not set in the context
2024-10-02 16:28:14,611 DEBUG [main] org.apache.http.client.protocol.RequestTargetAuthentication: Target auth state: UNCHALLENGED
2024-10-02 16:28:14,611 DEBUG [main] org.apache.http.client.protocol.RequestProxyAuthentication: Proxy auth state: UNCHALLENGED
2024-10-02 16:28:14,611 DEBUG [main] org.apache.http.impl.client.DefaultHttpClient: Attempt 1 to execute request
2024-10-02 16:28:14,611 DEBUG [main] org.apache.http.impl.conn.DefaultClientConnection: Sending request: DELETE /v1/hooks/c1ec9560-65fc-4b88-bfe0-1bc6e56cb3db HTTP/1.1
2024-10-02 16:28:14,611 DEBUG [main] org.apache.http.wire:  >> "DELETE /v1/hooks/c1ec9560-65fc-4b88-bfe0-1bc6e56cb3db HTTP/1.1[\r][\n]"
2024-10-02 16:28:14,611 DEBUG [main] org.apache.http.wire:  >> "Accept: */*[\r][\n]"
2024-10-02 16:28:14,611 DEBUG [main] org.apache.http.wire:  >> "Host: posthook-api.mock.beeceptor.com[\r][\n]"
2024-10-02 16:28:14,612 DEBUG [main] org.apache.http.wire:  >> "Connection: Keep-Alive[\r][\n]"
2024-10-02 16:28:14,612 DEBUG [main] org.apache.http.wire:  >> "User-Agent: Apache-HttpClient/4.5.13 (Java/21.0.3)[\r][\n]"
2024-10-02 16:28:14,612 DEBUG [main] org.apache.http.wire:  >> "Accept-Encoding: gzip,deflate[\r][\n]"
2024-10-02 16:28:14,612 DEBUG [main] org.apache.http.wire:  >> "[\r][\n]"
2024-10-02 16:28:14,612 DEBUG [main] org.apache.http.headers: >> DELETE /v1/hooks/c1ec9560-65fc-4b88-bfe0-1bc6e56cb3db HTTP/1.1
2024-10-02 16:28:14,612 DEBUG [main] org.apache.http.headers: >> Accept: */*
2024-10-02 16:28:14,612 DEBUG [main] org.apache.http.headers: >> Host: posthook-api.mock.beeceptor.com
2024-10-02 16:28:14,612 DEBUG [main] org.apache.http.headers: >> Connection: Keep-Alive
2024-10-02 16:28:14,612 DEBUG [main] org.apache.http.headers: >> User-Agent: Apache-HttpClient/4.5.13 (Java/21.0.3)
2024-10-02 16:28:14,612 DEBUG [main] org.apache.http.headers: >> Accept-Encoding: gzip,deflate
2024-10-02 16:28:14,862 DEBUG [main] org.apache.http.wire:  << "HTTP/1.1 200 OK[\r][\n]"
2024-10-02 16:28:14,863 DEBUG [main] org.apache.http.wire:  << "Access-Control-Allow-Origin: *[\r][\n]"
2024-10-02 16:28:14,863 DEBUG [main] org.apache.http.wire:  << "Alt-Svc: h3=":443"; ma=2592000[\r][\n]"
2024-10-02 16:28:14,863 DEBUG [main] org.apache.http.wire:  << "Content-Length: 16[\r][\n]"
2024-10-02 16:28:14,863 DEBUG [main] org.apache.http.wire:  << "Content-Type: application/json[\r][\n]"
2024-10-02 16:28:14,863 DEBUG [main] org.apache.http.wire:  << "Date: Wed, 02 Oct 2024 10:58:12 GMT[\r][\n]"
2024-10-02 16:28:14,863 DEBUG [main] org.apache.http.wire:  << "Vary: Accept-Encoding[\r][\n]"
2024-10-02 16:28:14,863 DEBUG [main] org.apache.http.wire:  << "X-Beeceptor-Rule-Id: mgkqz70kxf[\r][\n]"
2024-10-02 16:28:14,863 DEBUG [main] org.apache.http.wire:  << "[\r][\n]"
2024-10-02 16:28:14,864 DEBUG [main] org.apache.http.impl.conn.DefaultClientConnection: Receiving response: HTTP/1.1 200 OK
2024-10-02 16:28:14,864 DEBUG [main] org.apache.http.headers: << HTTP/1.1 200 OK
2024-10-02 16:28:14,864 DEBUG [main] org.apache.http.headers: << Access-Control-Allow-Origin: *
2024-10-02 16:28:14,864 DEBUG [main] org.apache.http.headers: << Alt-Svc: h3=":443"; ma=2592000
2024-10-02 16:28:14,864 DEBUG [main] org.apache.http.headers: << Content-Length: 16
2024-10-02 16:28:14,864 DEBUG [main] org.apache.http.headers: << Content-Type: application/json
2024-10-02 16:28:14,864 DEBUG [main] org.apache.http.headers: << Date: Wed, 02 Oct 2024 10:58:12 GMT
2024-10-02 16:28:14,864 DEBUG [main] org.apache.http.headers: << Vary: Accept-Encoding
2024-10-02 16:28:14,864 DEBUG [main] org.apache.http.headers: << X-Beeceptor-Rule-Id: mgkqz70kxf
2024-10-02 16:28:14,865 DEBUG [main] org.apache.http.impl.client.DefaultHttpClient: Connection can be kept alive indefinitely
2024-10-02 16:28:14,865 DEBUG [main] io.restassured.internal.RequestSpecificationImpl$RestAssuredHttpBuilder: Parsing response as: application/json
2024-10-02 16:28:14,866 DEBUG [main] io.restassured.internal.RequestSpecificationImpl$RestAssuredHttpBuilder: Parsed data to instance of: class org.apache.http.conn.EofSensorInputStream
2024-10-02 16:28:14,868 DEBUG [main] org.apache.http.wire:  << "{[\n]"
2024-10-02 16:28:14,868 DEBUG [main] org.apache.http.wire:  << "  "data": {}[\n]"
2024-10-02 16:28:14,868 DEBUG [main] org.apache.http.wire:  << "}"
2024-10-02 16:28:14,868 DEBUG [main] org.apache.http.impl.conn.BasicClientConnectionManager: Releasing connection org.apache.http.impl.conn.ManagedClientConnectionImpl@2287395
2024-10-02 16:28:14,869 DEBUG [main] org.apache.http.impl.conn.BasicClientConnectionManager: Connection can be kept alive indefinitely
2024-10-02 16:28:14,870 INFO  [main] post_hook_Api_Testing.Post_Hook_API_Testing: Hook deleted successfully.
2024-10-02 16:32:39,253 DEBUG [main] org.apache.http.impl.conn.BasicClientConnectionManager: Get connection for route {s}->https://posthook-api.mock.beeceptor.com:443
2024-10-02 16:32:39,494 DEBUG [main] org.apache.http.impl.conn.DefaultClientConnectionOperator: Connecting to posthook-api.mock.beeceptor.com:443
2024-10-02 16:32:40,531 DEBUG [main] org.apache.http.client.protocol.RequestAddCookies: CookieSpec selected: ignoreCookies
2024-10-02 16:32:40,533 DEBUG [main] org.apache.http.client.protocol.RequestAuthCache: Auth cache not set in the context
2024-10-02 16:32:40,533 DEBUG [main] org.apache.http.client.protocol.RequestTargetAuthentication: Target auth state: UNCHALLENGED
2024-10-02 16:32:40,533 DEBUG [main] org.apache.http.client.protocol.RequestProxyAuthentication: Proxy auth state: UNCHALLENGED
2024-10-02 16:32:40,534 DEBUG [main] org.apache.http.impl.client.DefaultHttpClient: Attempt 1 to execute request
2024-10-02 16:32:40,534 DEBUG [main] org.apache.http.impl.conn.DefaultClientConnection: Sending request: POST /v1/hooks HTTP/1.1
2024-10-02 16:32:40,534 DEBUG [main] org.apache.http.wire:  >> "POST /v1/hooks HTTP/1.1[\r][\n]"
2024-10-02 16:32:40,535 DEBUG [main] org.apache.http.wire:  >> "Content-Type: application/x-www-form-urlencoded; charset=ISO-8859-1[\r][\n]"
2024-10-02 16:32:40,535 DEBUG [main] org.apache.http.wire:  >> "Accept: */*[\r][\n]"
2024-10-02 16:32:40,535 DEBUG [main] org.apache.http.wire:  >> "Content-Length: 0[\r][\n]"
2024-10-02 16:32:40,535 DEBUG [main] org.apache.http.wire:  >> "Host: posthook-api.mock.beeceptor.com[\r][\n]"
2024-10-02 16:32:40,535 DEBUG [main] org.apache.http.wire:  >> "Connection: Keep-Alive[\r][\n]"
2024-10-02 16:32:40,535 DEBUG [main] org.apache.http.wire:  >> "User-Agent: Apache-HttpClient/4.5.13 (Java/21.0.3)[\r][\n]"
2024-10-02 16:32:40,535 DEBUG [main] org.apache.http.wire:  >> "Accept-Encoding: gzip,deflate[\r][\n]"
2024-10-02 16:32:40,536 DEBUG [main] org.apache.http.wire:  >> "[\r][\n]"
2024-10-02 16:32:40,536 DEBUG [main] org.apache.http.headers: >> POST /v1/hooks HTTP/1.1
2024-10-02 16:32:40,536 DEBUG [main] org.apache.http.headers: >> Content-Type: application/x-www-form-urlencoded; charset=ISO-8859-1
2024-10-02 16:32:40,536 DEBUG [main] org.apache.http.headers: >> Accept: */*
2024-10-02 16:32:40,536 DEBUG [main] org.apache.http.headers: >> Content-Length: 0
2024-10-02 16:32:40,536 DEBUG [main] org.apache.http.headers: >> Host: posthook-api.mock.beeceptor.com
2024-10-02 16:32:40,536 DEBUG [main] org.apache.http.headers: >> Connection: Keep-Alive
2024-10-02 16:32:40,536 DEBUG [main] org.apache.http.headers: >> User-Agent: Apache-HttpClient/4.5.13 (Java/21.0.3)
2024-10-02 16:32:40,536 DEBUG [main] org.apache.http.headers: >> Accept-Encoding: gzip,deflate
2024-10-02 16:32:40,787 DEBUG [main] org.apache.http.wire:  << "HTTP/1.1 200 OK[\r][\n]"
2024-10-02 16:32:40,790 DEBUG [main] org.apache.http.wire:  << "Access-Control-Allow-Origin: *[\r][\n]"
2024-10-02 16:32:40,790 DEBUG [main] org.apache.http.wire:  << "Alt-Svc: h3=":443"; ma=2592000[\r][\n]"
2024-10-02 16:32:40,790 DEBUG [main] org.apache.http.wire:  << "Content-Length: 311[\r][\n]"
2024-10-02 16:32:40,790 DEBUG [main] org.apache.http.wire:  << "Content-Type: application/json[\r][\n]"
2024-10-02 16:32:40,791 DEBUG [main] org.apache.http.wire:  << "Date: Wed, 02 Oct 2024 11:02:38 GMT[\r][\n]"
2024-10-02 16:32:40,791 DEBUG [main] org.apache.http.wire:  << "Vary: Accept-Encoding[\r][\n]"
2024-10-02 16:32:40,791 DEBUG [main] org.apache.http.wire:  << "X-Beeceptor-Rule-Id: ujqmrpj43oo[\r][\n]"
2024-10-02 16:32:40,791 DEBUG [main] org.apache.http.wire:  << "[\r][\n]"
2024-10-02 16:32:40,792 DEBUG [main] org.apache.http.impl.conn.DefaultClientConnection: Receiving response: HTTP/1.1 200 OK
2024-10-02 16:32:40,793 DEBUG [main] org.apache.http.headers: << HTTP/1.1 200 OK
2024-10-02 16:32:40,793 DEBUG [main] org.apache.http.headers: << Access-Control-Allow-Origin: *
2024-10-02 16:32:40,793 DEBUG [main] org.apache.http.headers: << Alt-Svc: h3=":443"; ma=2592000
2024-10-02 16:32:40,793 DEBUG [main] org.apache.http.headers: << Content-Length: 311
2024-10-02 16:32:40,793 DEBUG [main] org.apache.http.headers: << Content-Type: application/json
2024-10-02 16:32:40,793 DEBUG [main] org.apache.http.headers: << Date: Wed, 02 Oct 2024 11:02:38 GMT
2024-10-02 16:32:40,793 DEBUG [main] org.apache.http.headers: << Vary: Accept-Encoding
2024-10-02 16:32:40,793 DEBUG [main] org.apache.http.headers: << X-Beeceptor-Rule-Id: ujqmrpj43oo
2024-10-02 16:32:40,803 DEBUG [main] org.apache.http.impl.client.DefaultHttpClient: Connection can be kept alive indefinitely
2024-10-02 16:32:40,866 DEBUG [main] io.restassured.internal.RequestSpecificationImpl$RestAssuredHttpBuilder: Parsing response as: application/json
2024-10-02 16:32:40,866 DEBUG [main] io.restassured.internal.RequestSpecificationImpl$RestAssuredHttpBuilder: Parsed data to instance of: class org.apache.http.conn.EofSensorInputStream
2024-10-02 16:32:40,954 INFO  [main] post_hook_Api_Testing.Post_Hook_API_Testing: Hook scheduled successfully.
2024-10-02 16:32:41,000 DEBUG [main] org.apache.http.impl.conn.BasicClientConnectionManager: Get connection for route {s}->https://posthook-api.mock.beeceptor.com:443
2024-10-02 16:32:41,001 DEBUG [main] org.apache.http.impl.conn.DefaultClientConnectionOperator: Connecting to posthook-api.mock.beeceptor.com:443
2024-10-02 16:32:41,682 DEBUG [main] org.apache.http.client.protocol.RequestAddCookies: CookieSpec selected: ignoreCookies
2024-10-02 16:32:41,682 DEBUG [main] org.apache.http.client.protocol.RequestAuthCache: Auth cache not set in the context
2024-10-02 16:32:41,682 DEBUG [main] org.apache.http.client.protocol.RequestTargetAuthentication: Target auth state: UNCHALLENGED
2024-10-02 16:32:41,682 DEBUG [main] org.apache.http.client.protocol.RequestProxyAuthentication: Proxy auth state: UNCHALLENGED
2024-10-02 16:32:41,682 DEBUG [main] org.apache.http.impl.client.DefaultHttpClient: Attempt 1 to execute request
2024-10-02 16:32:41,683 DEBUG [main] org.apache.http.impl.conn.DefaultClientConnection: Sending request: GET /v1/hooks HTTP/1.1
2024-10-02 16:32:41,683 DEBUG [main] org.apache.http.wire:  >> "GET /v1/hooks HTTP/1.1[\r][\n]"
2024-10-02 16:32:41,683 DEBUG [main] org.apache.http.wire:  >> "Accept: */*[\r][\n]"
2024-10-02 16:32:41,683 DEBUG [main] org.apache.http.wire:  >> "Host: posthook-api.mock.beeceptor.com[\r][\n]"
2024-10-02 16:32:41,683 DEBUG [main] org.apache.http.wire:  >> "Connection: Keep-Alive[\r][\n]"
2024-10-02 16:32:41,684 DEBUG [main] org.apache.http.wire:  >> "User-Agent: Apache-HttpClient/4.5.13 (Java/21.0.3)[\r][\n]"
2024-10-02 16:32:41,684 DEBUG [main] org.apache.http.wire:  >> "Accept-Encoding: gzip,deflate[\r][\n]"
2024-10-02 16:32:41,684 DEBUG [main] org.apache.http.wire:  >> "[\r][\n]"
2024-10-02 16:32:41,684 DEBUG [main] org.apache.http.headers: >> GET /v1/hooks HTTP/1.1
2024-10-02 16:32:41,684 DEBUG [main] org.apache.http.headers: >> Accept: */*
2024-10-02 16:32:41,684 DEBUG [main] org.apache.http.headers: >> Host: posthook-api.mock.beeceptor.com
2024-10-02 16:32:41,684 DEBUG [main] org.apache.http.headers: >> Connection: Keep-Alive
2024-10-02 16:32:41,684 DEBUG [main] org.apache.http.headers: >> User-Agent: Apache-HttpClient/4.5.13 (Java/21.0.3)
2024-10-02 16:32:41,685 DEBUG [main] org.apache.http.headers: >> Accept-Encoding: gzip,deflate
2024-10-02 16:32:41,951 DEBUG [main] org.apache.http.wire:  << "HTTP/1.1 200 OK[\r][\n]"
2024-10-02 16:32:41,951 DEBUG [main] org.apache.http.wire:  << "Access-Control-Allow-Origin: *[\r][\n]"
2024-10-02 16:32:41,951 DEBUG [main] org.apache.http.wire:  << "Alt-Svc: h3=":443"; ma=2592000[\r][\n]"
2024-10-02 16:32:41,951 DEBUG [main] org.apache.http.wire:  << "Content-Length: 1078[\r][\n]"
2024-10-02 16:32:41,952 DEBUG [main] org.apache.http.wire:  << "Content-Type: application/json[\r][\n]"
2024-10-02 16:32:41,952 DEBUG [main] org.apache.http.wire:  << "Date: Wed, 02 Oct 2024 11:02:39 GMT[\r][\n]"
2024-10-02 16:32:41,952 DEBUG [main] org.apache.http.wire:  << "Vary: Accept-Encoding[\r][\n]"
2024-10-02 16:32:41,952 DEBUG [main] org.apache.http.wire:  << "X-Beeceptor-Rule-Id: 9ozlian5ysr[\r][\n]"
2024-10-02 16:32:41,952 DEBUG [main] org.apache.http.wire:  << "[\r][\n]"
2024-10-02 16:32:41,952 DEBUG [main] org.apache.http.impl.conn.DefaultClientConnection: Receiving response: HTTP/1.1 200 OK
2024-10-02 16:32:41,952 DEBUG [main] org.apache.http.headers: << HTTP/1.1 200 OK
2024-10-02 16:32:41,952 DEBUG [main] org.apache.http.headers: << Access-Control-Allow-Origin: *
2024-10-02 16:32:41,952 DEBUG [main] org.apache.http.headers: << Alt-Svc: h3=":443"; ma=2592000
2024-10-02 16:32:41,953 DEBUG [main] org.apache.http.headers: << Content-Length: 1078
2024-10-02 16:32:41,953 DEBUG [main] org.apache.http.headers: << Content-Type: application/json
2024-10-02 16:32:41,953 DEBUG [main] org.apache.http.headers: << Date: Wed, 02 Oct 2024 11:02:39 GMT
2024-10-02 16:32:41,953 DEBUG [main] org.apache.http.headers: << Vary: Accept-Encoding
2024-10-02 16:32:41,953 DEBUG [main] org.apache.http.headers: << X-Beeceptor-Rule-Id: 9ozlian5ysr
2024-10-02 16:32:41,953 DEBUG [main] org.apache.http.impl.client.DefaultHttpClient: Connection can be kept alive indefinitely
2024-10-02 16:32:41,954 DEBUG [main] io.restassured.internal.RequestSpecificationImpl$RestAssuredHttpBuilder: Parsing response as: application/json
2024-10-02 16:32:41,954 DEBUG [main] io.restassured.internal.RequestSpecificationImpl$RestAssuredHttpBuilder: Parsed data to instance of: class org.apache.http.conn.EofSensorInputStream
2024-10-02 16:32:42,002 DEBUG [main] org.apache.http.wire:  << "{[\n]"
2024-10-02 16:32:42,002 DEBUG [main] org.apache.http.wire:  << "  "data": [[\n]"
2024-10-02 16:32:42,002 DEBUG [main] org.apache.http.wire:  << "    {[\n]"
2024-10-02 16:32:42,003 DEBUG [main] org.apache.http.wire:  << "      "id": "8e3aa909-fb84-4495-944d-a4c192defe66",[\n]"
2024-10-02 16:32:42,003 DEBUG [main] org.apache.http.wire:  << "      "path": "/webhooks/ph/event_reminder",[\n]"
2024-10-02 16:32:42,003 DEBUG [main] org.apache.http.wire:  << "      "domain": "posthook.io",[\n]"
2024-10-02 16:32:42,003 DEBUG [main] org.apache.http.wire:  << "      "data": {[\n]"
2024-10-02 16:32:42,003 DEBUG [main] org.apache.http.wire:  << "        "eventID": 25[\n]"
2024-10-02 16:32:42,003 DEBUG [main] org.apache.http.wire:  << "      },[\n]"
2024-10-02 16:32:42,003 DEBUG [main] org.apache.http.wire:  << "      "postAt": "2018-07-19T21:00:00Z",[\n]"
2024-10-02 16:32:42,004 DEBUG [main] org.apache.http.wire:  << "      "status": "pending",[\n]"
2024-10-02 16:32:42,004 DEBUG [main] org.apache.http.wire:  << "      "createdAt": "2018-04-30T17:45:20.68114Z",[\n]"
2024-10-02 16:32:42,004 DEBUG [main] org.apache.http.wire:  << "      "updatedAt": "2018-04-30T17:45:20.68114Z"[\n]"
2024-10-02 16:32:42,004 DEBUG [main] org.apache.http.wire:  << "    },[\n]"
2024-10-02 16:32:42,004 DEBUG [main] org.apache.http.wire:  << "    {[\n]"
2024-10-02 16:32:42,004 DEBUG [main] org.apache.http.wire:  << "      "id": "c1ec9560-65fc-4b88-bfe0-1bc6e56cb3db",[\n]"
2024-10-02 16:32:42,004 DEBUG [main] org.apache.http.wire:  << "      "path": "/webhooks/ph/event_reminder",[\n]"
2024-10-02 16:32:42,004 DEBUG [main] org.apache.http.wire:  << "      "domain": "posthook.io",[\n]"
2024-10-02 16:32:42,004 DEBUG [main] org.apache.http.wire:  << "      "data": {[\n]"
2024-10-02 16:32:42,004 DEBUG [main] org.apache.http.wire:  << "        "eventID": 25[\n]"
2024-10-02 16:32:42,004 DEBUG [main] org.apache.http.wire:  << "      },[\n]"
2024-10-02 16:32:42,004 DEBUG [main] org.apache.http.wire:  << "      "postAt": "2018-07-17T21:00:00Z",[\n]"
2024-10-02 16:32:42,004 DEBUG [main] org.apache.http.wire:  << "      "status": "pending",[\n]"
2024-10-02 16:32:42,004 DEBUG [main] org.apache.http.wire:  << "      "createdAt": "2018-04-30T17:45:16.097812Z",[\n]"
2024-10-02 16:32:42,005 DEBUG [main] org.apache.http.wire:  << "      "updatedAt": "2018-04-30T17:45:16.097812Z"[\n]"
2024-10-02 16:32:42,005 DEBUG [main] org.apache.http.wire:  << "    },[\n]"
2024-10-02 16:32:42,005 DEBUG [main] org.apache.http.wire:  << "    {[\n]"
2024-10-02 16:32:42,005 DEBUG [main] org.apache.http.wire:  << "      "id": "6ab4d4d5-4767-452d-b72f-6ec40562b27e",[\n]"
2024-10-02 16:32:42,005 DEBUG [main] org.apache.http.wire:  << "      "path": "/webhooks/ph/event_reminder",[\n]"
2024-10-02 16:32:42,005 DEBUG [main] org.apache.http.wire:  << "      "domain": "posthook.io",[\n]"
2024-10-02 16:32:42,005 DEBUG [main] org.apache.http.wire:  << "      "data": {[\n]"
2024-10-02 16:32:42,005 DEBUG [main] org.apache.http.wire:  << "        "eventID": 25[\n]"
2024-10-02 16:32:42,005 DEBUG [main] org.apache.http.wire:  << "      },[\n]"
2024-10-02 16:32:42,005 DEBUG [main] org.apache.http.wire:  << "      "postAt": "2018-07-15T21:00:00Z",[\n]"
2024-10-02 16:32:42,005 DEBUG [main] org.apache.http.wire:  << "      "status""
2024-10-02 16:32:42,007 DEBUG [main] org.apache.http.wire:  << ": "pending",[\n]"
2024-10-02 16:32:42,007 DEBUG [main] org.apache.http.wire:  << "      "createdAt": "2018-04-30T17:45:06.475047Z",[\n]"
2024-10-02 16:32:42,007 DEBUG [main] org.apache.http.wire:  << "      "updatedAt": "2018-04-30T17:45:06.475047Z"[\n]"
2024-10-02 16:32:42,007 DEBUG [main] org.apache.http.wire:  << "    }[\n]"
2024-10-02 16:32:42,007 DEBUG [main] org.apache.http.wire:  << "  ][\n]"
2024-10-02 16:32:42,008 DEBUG [main] org.apache.http.wire:  << "}"
2024-10-02 16:32:42,008 DEBUG [main] org.apache.http.impl.conn.BasicClientConnectionManager: Releasing connection org.apache.http.impl.conn.ManagedClientConnectionImpl@2e1b374c
2024-10-02 16:32:42,008 DEBUG [main] org.apache.http.impl.conn.BasicClientConnectionManager: Connection can be kept alive indefinitely
2024-10-02 16:32:42,095 INFO  [main] post_hook_Api_Testing.Post_Hook_API_Testing: Hooks fetched successfully.
2024-10-02 16:32:42,129 DEBUG [main] org.apache.http.impl.conn.BasicClientConnectionManager: Get connection for route {s}->https://posthook-api.mock.beeceptor.com:443
2024-10-02 16:32:42,130 DEBUG [main] org.apache.http.impl.conn.DefaultClientConnectionOperator: Connecting to posthook-api.mock.beeceptor.com:443
2024-10-02 16:32:42,695 DEBUG [main] org.apache.http.client.protocol.RequestAddCookies: CookieSpec selected: ignoreCookies
2024-10-02 16:32:42,696 DEBUG [main] org.apache.http.client.protocol.RequestAuthCache: Auth cache not set in the context
2024-10-02 16:32:42,696 DEBUG [main] org.apache.http.client.protocol.RequestTargetAuthentication: Target auth state: UNCHALLENGED
2024-10-02 16:32:42,696 DEBUG [main] org.apache.http.client.protocol.RequestProxyAuthentication: Proxy auth state: UNCHALLENGED
2024-10-02 16:32:42,696 DEBUG [main] org.apache.http.impl.client.DefaultHttpClient: Attempt 1 to execute request
2024-10-02 16:32:42,696 DEBUG [main] org.apache.http.impl.conn.DefaultClientConnection: Sending request: GET /v1/hooks/c1ec9560-65fc-4b88-bfe0-1bc6e56cb3db HTTP/1.1
2024-10-02 16:32:42,696 DEBUG [main] org.apache.http.wire:  >> "GET /v1/hooks/c1ec9560-65fc-4b88-bfe0-1bc6e56cb3db HTTP/1.1[\r][\n]"
2024-10-02 16:32:42,696 DEBUG [main] org.apache.http.wire:  >> "Accept: */*[\r][\n]"
2024-10-02 16:32:42,697 DEBUG [main] org.apache.http.wire:  >> "Host: posthook-api.mock.beeceptor.com[\r][\n]"
2024-10-02 16:32:42,697 DEBUG [main] org.apache.http.wire:  >> "Connection: Keep-Alive[\r][\n]"
2024-10-02 16:32:42,697 DEBUG [main] org.apache.http.wire:  >> "User-Agent: Apache-HttpClient/4.5.13 (Java/21.0.3)[\r][\n]"
2024-10-02 16:32:42,697 DEBUG [main] org.apache.http.wire:  >> "Accept-Encoding: gzip,deflate[\r][\n]"
2024-10-02 16:32:42,697 DEBUG [main] org.apache.http.wire:  >> "[\r][\n]"
2024-10-02 16:32:42,697 DEBUG [main] org.apache.http.headers: >> GET /v1/hooks/c1ec9560-65fc-4b88-bfe0-1bc6e56cb3db HTTP/1.1
2024-10-02 16:32:42,697 DEBUG [main] org.apache.http.headers: >> Accept: */*
2024-10-02 16:32:42,698 DEBUG [main] org.apache.http.headers: >> Host: posthook-api.mock.beeceptor.com
2024-10-02 16:32:42,698 DEBUG [main] org.apache.http.headers: >> Connection: Keep-Alive
2024-10-02 16:32:42,698 DEBUG [main] org.apache.http.headers: >> User-Agent: Apache-HttpClient/4.5.13 (Java/21.0.3)
2024-10-02 16:32:42,698 DEBUG [main] org.apache.http.headers: >> Accept-Encoding: gzip,deflate
2024-10-02 16:32:42,975 DEBUG [main] org.apache.http.wire:  << "HTTP/1.1 200 OK[\r][\n]"
2024-10-02 16:32:42,975 DEBUG [main] org.apache.http.wire:  << "Access-Control-Allow-Origin: *[\r][\n]"
2024-10-02 16:32:42,976 DEBUG [main] org.apache.http.wire:  << "Alt-Svc: h3=":443"; ma=2592000[\r][\n]"
2024-10-02 16:32:42,976 DEBUG [main] org.apache.http.wire:  << "Content-Length: 1078[\r][\n]"
2024-10-02 16:32:42,976 DEBUG [main] org.apache.http.wire:  << "Content-Type: application/json[\r][\n]"
2024-10-02 16:32:42,976 DEBUG [main] org.apache.http.wire:  << "Date: Wed, 02 Oct 2024 11:02:40 GMT[\r][\n]"
2024-10-02 16:32:42,976 DEBUG [main] org.apache.http.wire:  << "Vary: Accept-Encoding[\r][\n]"
2024-10-02 16:32:42,977 DEBUG [main] org.apache.http.wire:  << "X-Beeceptor-Rule-Id: 9ozlian5ysr[\r][\n]"
2024-10-02 16:32:42,977 DEBUG [main] org.apache.http.wire:  << "[\r][\n]"
2024-10-02 16:32:42,977 DEBUG [main] org.apache.http.impl.conn.DefaultClientConnection: Receiving response: HTTP/1.1 200 OK
2024-10-02 16:32:42,977 DEBUG [main] org.apache.http.headers: << HTTP/1.1 200 OK
2024-10-02 16:32:42,977 DEBUG [main] org.apache.http.headers: << Access-Control-Allow-Origin: *
2024-10-02 16:32:42,977 DEBUG [main] org.apache.http.headers: << Alt-Svc: h3=":443"; ma=2592000
2024-10-02 16:32:42,978 DEBUG [main] org.apache.http.headers: << Content-Length: 1078
2024-10-02 16:32:42,978 DEBUG [main] org.apache.http.headers: << Content-Type: application/json
2024-10-02 16:32:42,978 DEBUG [main] org.apache.http.headers: << Date: Wed, 02 Oct 2024 11:02:40 GMT
2024-10-02 16:32:42,978 DEBUG [main] org.apache.http.headers: << Vary: Accept-Encoding
2024-10-02 16:32:42,978 DEBUG [main] org.apache.http.headers: << X-Beeceptor-Rule-Id: 9ozlian5ysr
2024-10-02 16:32:42,978 DEBUG [main] org.apache.http.impl.client.DefaultHttpClient: Connection can be kept alive indefinitely
2024-10-02 16:32:42,979 DEBUG [main] io.restassured.internal.RequestSpecificationImpl$RestAssuredHttpBuilder: Parsing response as: application/json
2024-10-02 16:32:42,980 DEBUG [main] io.restassured.internal.RequestSpecificationImpl$RestAssuredHttpBuilder: Parsed data to instance of: class org.apache.http.conn.EofSensorInputStream
2024-10-02 16:32:42,985 DEBUG [main] org.apache.http.wire:  << "{[\n]"
2024-10-02 16:32:42,985 DEBUG [main] org.apache.http.wire:  << "  "data": [[\n]"
2024-10-02 16:32:42,985 DEBUG [main] org.apache.http.wire:  << "    {[\n]"
2024-10-02 16:32:42,985 DEBUG [main] org.apache.http.wire:  << "      "id": "8e3aa909-fb84-4495-944d-a4c192defe66",[\n]"
2024-10-02 16:32:42,986 DEBUG [main] org.apache.http.wire:  << "      "path": "/webhooks/ph/event_reminder",[\n]"
2024-10-02 16:32:42,986 DEBUG [main] org.apache.http.wire:  << "      "domain": "posthook.io",[\n]"
2024-10-02 16:32:42,986 DEBUG [main] org.apache.http.wire:  << "      "data": {[\n]"
2024-10-02 16:32:42,986 DEBUG [main] org.apache.http.wire:  << "        "eventID": 25[\n]"
2024-10-02 16:32:42,987 DEBUG [main] org.apache.http.wire:  << "      },[\n]"
2024-10-02 16:32:42,987 DEBUG [main] org.apache.http.wire:  << "      "postAt": "2018-07-19T21:00:00Z",[\n]"
2024-10-02 16:32:42,987 DEBUG [main] org.apache.http.wire:  << "      "status": "pending",[\n]"
2024-10-02 16:32:42,987 DEBUG [main] org.apache.http.wire:  << "      "createdAt": "2018-04-30T17:45:20.68114Z",[\n]"
2024-10-02 16:32:42,987 DEBUG [main] org.apache.http.wire:  << "      "updatedAt": "2018-04-30T17:45:20.68114Z"[\n]"
2024-10-02 16:32:42,987 DEBUG [main] org.apache.http.wire:  << "    },[\n]"
2024-10-02 16:32:42,987 DEBUG [main] org.apache.http.wire:  << "    {[\n]"
2024-10-02 16:32:42,987 DEBUG [main] org.apache.http.wire:  << "      "id": "c1ec9560-65fc-4b88-bfe0-1bc6e56cb3db",[\n]"
2024-10-02 16:32:42,987 DEBUG [main] org.apache.http.wire:  << "      "path": "/webhooks/ph/event_reminder",[\n]"
2024-10-02 16:32:42,988 DEBUG [main] org.apache.http.wire:  << "      "domain": "posthook.io",[\n]"
2024-10-02 16:32:42,988 DEBUG [main] org.apache.http.wire:  << "      "data": {[\n]"
2024-10-02 16:32:42,988 DEBUG [main] org.apache.http.wire:  << "        "eventID": 25[\n]"
2024-10-02 16:32:42,988 DEBUG [main] org.apache.http.wire:  << "      },[\n]"
2024-10-02 16:32:42,988 DEBUG [main] org.apache.http.wire:  << "      "postAt": "2018-07-17T21:00:00Z",[\n]"
2024-10-02 16:32:42,988 DEBUG [main] org.apache.http.wire:  << "      "status": "pending",[\n]"
2024-10-02 16:32:42,988 DEBUG [main] org.apache.http.wire:  << "      "createdAt": "2018-04-30T17:45:16.097812Z",[\n]"
2024-10-02 16:32:42,988 DEBUG [main] org.apache.http.wire:  << "      "updatedAt": "2018-04-30T17:45:16.097812Z"[\n]"
2024-10-02 16:32:42,988 DEBUG [main] org.apache.http.wire:  << "    },[\n]"
2024-10-02 16:32:42,989 DEBUG [main] org.apache.http.wire:  << "    {[\n]"
2024-10-02 16:32:42,989 DEBUG [main] org.apache.http.wire:  << "      "id": "6ab4d4d5-4767-452d-b72f-6ec40562b27e",[\n]"
2024-10-02 16:32:42,989 DEBUG [main] org.apache.http.wire:  << "      "path": "/webhooks/ph/event_reminder",[\n]"
2024-10-02 16:32:42,989 DEBUG [main] org.apache.http.wire:  << "      "domain": "posthook.io",[\n]"
2024-10-02 16:32:42,989 DEBUG [main] org.apache.http.wire:  << "      "data": {[\n]"
2024-10-02 16:32:42,989 DEBUG [main] org.apache.http.wire:  << "        "eventID": 25[\n]"
2024-10-02 16:32:42,989 DEBUG [main] org.apache.http.wire:  << "      },[\n]"
2024-10-02 16:32:42,989 DEBUG [main] org.apache.http.wire:  << "      "postAt": "2018-07-15T21:00:00Z",[\n]"
2024-10-02 16:32:42,989 DEBUG [main] org.apache.http.wire:  << "      "status""
2024-10-02 16:32:42,990 DEBUG [main] org.apache.http.wire:  << ": "pending",[\n]"
2024-10-02 16:32:42,990 DEBUG [main] org.apache.http.wire:  << "      "createdAt": "2018-04-30T17:45:06.475047Z",[\n]"
2024-10-02 16:32:42,990 DEBUG [main] org.apache.http.wire:  << "      "updatedAt": "2018-04-30T17:45:06.475047Z"[\n]"
2024-10-02 16:32:42,991 DEBUG [main] org.apache.http.wire:  << "    }[\n]"
2024-10-02 16:32:42,991 DEBUG [main] org.apache.http.wire:  << "  ][\n]"
2024-10-02 16:32:42,991 DEBUG [main] org.apache.http.wire:  << "}"
2024-10-02 16:32:42,991 DEBUG [main] org.apache.http.impl.conn.BasicClientConnectionManager: Releasing connection org.apache.http.impl.conn.ManagedClientConnectionImpl@180b3819
2024-10-02 16:32:42,991 DEBUG [main] org.apache.http.impl.conn.BasicClientConnectionManager: Connection can be kept alive indefinitely
2024-10-02 16:32:42,999 INFO  [main] post_hook_Api_Testing.Post_Hook_API_Testing: Hook fetched successfully.
2024-10-02 16:32:43,059 DEBUG [main] org.apache.http.impl.conn.BasicClientConnectionManager: Get connection for route {s}->https://posthook-api.mock.beeceptor.com:443
2024-10-02 16:32:43,079 DEBUG [main] org.apache.http.impl.conn.DefaultClientConnectionOperator: Connecting to posthook-api.mock.beeceptor.com:443
2024-10-02 16:32:43,714 DEBUG [main] org.apache.http.client.protocol.RequestAddCookies: CookieSpec selected: ignoreCookies
2024-10-02 16:32:43,715 DEBUG [main] org.apache.http.client.protocol.RequestAuthCache: Auth cache not set in the context
2024-10-02 16:32:43,715 DEBUG [main] org.apache.http.client.protocol.RequestTargetAuthentication: Target auth state: UNCHALLENGED
2024-10-02 16:32:43,715 DEBUG [main] org.apache.http.client.protocol.RequestProxyAuthentication: Proxy auth state: UNCHALLENGED
2024-10-02 16:32:43,715 DEBUG [main] org.apache.http.impl.client.DefaultHttpClient: Attempt 1 to execute request
2024-10-02 16:32:43,715 DEBUG [main] org.apache.http.impl.conn.DefaultClientConnection: Sending request: PUT /v1/projects/ HTTP/1.1
2024-10-02 16:32:43,715 DEBUG [main] org.apache.http.wire:  >> "PUT /v1/projects/ HTTP/1.1[\r][\n]"
2024-10-02 16:32:43,716 DEBUG [main] org.apache.http.wire:  >> "Accept: */*[\r][\n]"
2024-10-02 16:32:43,716 DEBUG [main] org.apache.http.wire:  >> "Content-Type: application/json[\r][\n]"
2024-10-02 16:32:43,716 DEBUG [main] org.apache.http.wire:  >> "Content-Length: 112[\r][\n]"
2024-10-02 16:32:43,716 DEBUG [main] org.apache.http.wire:  >> "Host: posthook-api.mock.beeceptor.com[\r][\n]"
2024-10-02 16:32:43,716 DEBUG [main] org.apache.http.wire:  >> "Connection: Keep-Alive[\r][\n]"
2024-10-02 16:32:43,716 DEBUG [main] org.apache.http.wire:  >> "User-Agent: Apache-HttpClient/4.5.13 (Java/21.0.3)[\r][\n]"
2024-10-02 16:32:43,716 DEBUG [main] org.apache.http.wire:  >> "Accept-Encoding: gzip,deflate[\r][\n]"
2024-10-02 16:32:43,716 DEBUG [main] org.apache.http.wire:  >> "[\r][\n]"
2024-10-02 16:32:43,716 DEBUG [main] org.apache.http.headers: >> PUT /v1/projects/ HTTP/1.1
2024-10-02 16:32:43,716 DEBUG [main] org.apache.http.headers: >> Accept: */*
2024-10-02 16:32:43,716 DEBUG [main] org.apache.http.headers: >> Content-Type: application/json
2024-10-02 16:32:43,717 DEBUG [main] org.apache.http.headers: >> Content-Length: 112
2024-10-02 16:32:43,717 DEBUG [main] org.apache.http.headers: >> Host: posthook-api.mock.beeceptor.com
2024-10-02 16:32:43,717 DEBUG [main] org.apache.http.headers: >> Connection: Keep-Alive
2024-10-02 16:32:43,717 DEBUG [main] org.apache.http.headers: >> User-Agent: Apache-HttpClient/4.5.13 (Java/21.0.3)
2024-10-02 16:32:43,717 DEBUG [main] org.apache.http.headers: >> Accept-Encoding: gzip,deflate
2024-10-02 16:32:43,717 DEBUG [main] org.apache.http.wire:  >> "{"retryDelaySecs":5,"domain":"api.example.com","headerAuthorization":"","name":"updated-project","minRetries":1}"
2024-10-02 16:32:44,000 DEBUG [main] org.apache.http.wire:  << "HTTP/1.1 200 OK[\r][\n]"
2024-10-02 16:32:44,000 DEBUG [main] org.apache.http.wire:  << "Access-Control-Allow-Origin: *[\r][\n]"
2024-10-02 16:32:44,000 DEBUG [main] org.apache.http.wire:  << "Alt-Svc: h3=":443"; ma=2592000[\r][\n]"
2024-10-02 16:32:44,000 DEBUG [main] org.apache.http.wire:  << "Content-Length: 143[\r][\n]"
2024-10-02 16:32:44,001 DEBUG [main] org.apache.http.wire:  << "Content-Type: application/json[\r][\n]"
2024-10-02 16:32:44,001 DEBUG [main] org.apache.http.wire:  << "Date: Wed, 02 Oct 2024 11:02:41 GMT[\r][\n]"
2024-10-02 16:32:44,001 DEBUG [main] org.apache.http.wire:  << "Vary: Accept-Encoding[\r][\n]"
2024-10-02 16:32:44,001 DEBUG [main] org.apache.http.wire:  << "X-Beeceptor-Rule-Id: jx4oqx8vtz7[\r][\n]"
2024-10-02 16:32:44,001 DEBUG [main] org.apache.http.wire:  << "[\r][\n]"
2024-10-02 16:32:44,001 DEBUG [main] org.apache.http.impl.conn.DefaultClientConnection: Receiving response: HTTP/1.1 200 OK
2024-10-02 16:32:44,001 DEBUG [main] org.apache.http.headers: << HTTP/1.1 200 OK
2024-10-02 16:32:44,001 DEBUG [main] org.apache.http.headers: << Access-Control-Allow-Origin: *
2024-10-02 16:32:44,001 DEBUG [main] org.apache.http.headers: << Alt-Svc: h3=":443"; ma=2592000
2024-10-02 16:32:44,001 DEBUG [main] org.apache.http.headers: << Content-Length: 143
2024-10-02 16:32:44,001 DEBUG [main] org.apache.http.headers: << Content-Type: application/json
2024-10-02 16:32:44,001 DEBUG [main] org.apache.http.headers: << Date: Wed, 02 Oct 2024 11:02:41 GMT
2024-10-02 16:32:44,001 DEBUG [main] org.apache.http.headers: << Vary: Accept-Encoding
2024-10-02 16:32:44,001 DEBUG [main] org.apache.http.headers: << X-Beeceptor-Rule-Id: jx4oqx8vtz7
2024-10-02 16:32:44,002 DEBUG [main] org.apache.http.impl.client.DefaultHttpClient: Connection can be kept alive indefinitely
2024-10-02 16:32:44,002 DEBUG [main] io.restassured.internal.RequestSpecificationImpl$RestAssuredHttpBuilder: Parsing response as: application/json
2024-10-02 16:32:44,002 DEBUG [main] io.restassured.internal.RequestSpecificationImpl$RestAssuredHttpBuilder: Parsed data to instance of: class org.apache.http.conn.EofSensorInputStream
2024-10-02 16:32:44,005 DEBUG [main] org.apache.http.wire:  << "{[\n]"
2024-10-02 16:32:44,006 DEBUG [main] org.apache.http.wire:  << "    "name": "updated-project",[\n]"
2024-10-02 16:32:44,006 DEBUG [main] org.apache.http.wire:  << "    "domain": "api.example.com",[\n]"
2024-10-02 16:32:44,006 DEBUG [main] org.apache.http.wire:  << "    "headerAuthorization": "",[\n]"
2024-10-02 16:32:44,006 DEBUG [main] org.apache.http.wire:  << "    "minRetries": 1,[\n]"
2024-10-02 16:32:44,006 DEBUG [main] org.apache.http.wire:  << "    "retryDelaySecs": 5[\n]"
2024-10-02 16:32:44,006 DEBUG [main] org.apache.http.wire:  << "}"
2024-10-02 16:32:44,007 DEBUG [main] org.apache.http.impl.conn.BasicClientConnectionManager: Releasing connection org.apache.http.impl.conn.ManagedClientConnectionImpl@606a1bc4
2024-10-02 16:32:44,007 DEBUG [main] org.apache.http.impl.conn.BasicClientConnectionManager: Connection can be kept alive indefinitely
2024-10-02 16:32:44,009 INFO  [main] post_hook_Api_Testing.Post_Hook_API_Testing: Hook updated successfully.
2024-10-02 16:32:44,056 DEBUG [main] org.apache.http.impl.conn.BasicClientConnectionManager: Get connection for route {s}->https://posthook-api.mock.beeceptor.com:443
2024-10-02 16:32:44,056 DEBUG [main] org.apache.http.impl.conn.DefaultClientConnectionOperator: Connecting to posthook-api.mock.beeceptor.com:443
2024-10-02 16:32:44,640 DEBUG [main] org.apache.http.client.protocol.RequestAddCookies: CookieSpec selected: ignoreCookies
2024-10-02 16:32:44,640 DEBUG [main] org.apache.http.client.protocol.RequestAuthCache: Auth cache not set in the context
2024-10-02 16:32:44,640 DEBUG [main] org.apache.http.client.protocol.RequestTargetAuthentication: Target auth state: UNCHALLENGED
2024-10-02 16:32:44,640 DEBUG [main] org.apache.http.client.protocol.RequestProxyAuthentication: Proxy auth state: UNCHALLENGED
2024-10-02 16:32:44,640 DEBUG [main] org.apache.http.impl.client.DefaultHttpClient: Attempt 1 to execute request
2024-10-02 16:32:44,640 DEBUG [main] org.apache.http.impl.conn.DefaultClientConnection: Sending request: DELETE /v1/hooks/c1ec9560-65fc-4b88-bfe0-1bc6e56cb3db HTTP/1.1
2024-10-02 16:32:44,640 DEBUG [main] org.apache.http.wire:  >> "DELETE /v1/hooks/c1ec9560-65fc-4b88-bfe0-1bc6e56cb3db HTTP/1.1[\r][\n]"
2024-10-02 16:32:44,641 DEBUG [main] org.apache.http.wire:  >> "Accept: */*[\r][\n]"
2024-10-02 16:32:44,641 DEBUG [main] org.apache.http.wire:  >> "Host: posthook-api.mock.beeceptor.com[\r][\n]"
2024-10-02 16:32:44,641 DEBUG [main] org.apache.http.wire:  >> "Connection: Keep-Alive[\r][\n]"
2024-10-02 16:32:44,641 DEBUG [main] org.apache.http.wire:  >> "User-Agent: Apache-HttpClient/4.5.13 (Java/21.0.3)[\r][\n]"
2024-10-02 16:32:44,641 DEBUG [main] org.apache.http.wire:  >> "Accept-Encoding: gzip,deflate[\r][\n]"
2024-10-02 16:32:44,641 DEBUG [main] org.apache.http.wire:  >> "[\r][\n]"
2024-10-02 16:32:44,641 DEBUG [main] org.apache.http.headers: >> DELETE /v1/hooks/c1ec9560-65fc-4b88-bfe0-1bc6e56cb3db HTTP/1.1
2024-10-02 16:32:44,641 DEBUG [main] org.apache.http.headers: >> Accept: */*
2024-10-02 16:32:44,641 DEBUG [main] org.apache.http.headers: >> Host: posthook-api.mock.beeceptor.com
2024-10-02 16:32:44,641 DEBUG [main] org.apache.http.headers: >> Connection: Keep-Alive
2024-10-02 16:32:44,641 DEBUG [main] org.apache.http.headers: >> User-Agent: Apache-HttpClient/4.5.13 (Java/21.0.3)
2024-10-02 16:32:44,642 DEBUG [main] org.apache.http.headers: >> Accept-Encoding: gzip,deflate
2024-10-02 16:32:44,921 DEBUG [main] org.apache.http.wire:  << "HTTP/1.1 200 OK[\r][\n]"
2024-10-02 16:32:44,921 DEBUG [main] org.apache.http.wire:  << "Access-Control-Allow-Origin: *[\r][\n]"
2024-10-02 16:32:44,921 DEBUG [main] org.apache.http.wire:  << "Alt-Svc: h3=":443"; ma=2592000[\r][\n]"
2024-10-02 16:32:44,921 DEBUG [main] org.apache.http.wire:  << "Content-Length: 16[\r][\n]"
2024-10-02 16:32:44,921 DEBUG [main] org.apache.http.wire:  << "Content-Type: application/json[\r][\n]"
2024-10-02 16:32:44,922 DEBUG [main] org.apache.http.wire:  << "Date: Wed, 02 Oct 2024 11:02:42 GMT[\r][\n]"
2024-10-02 16:32:44,922 DEBUG [main] org.apache.http.wire:  << "Vary: Accept-Encoding[\r][\n]"
2024-10-02 16:32:44,922 DEBUG [main] org.apache.http.wire:  << "X-Beeceptor-Rule-Id: mgkqz70kxf[\r][\n]"
2024-10-02 16:32:44,922 DEBUG [main] org.apache.http.wire:  << "[\r][\n]"
2024-10-02 16:32:44,923 DEBUG [main] org.apache.http.impl.conn.DefaultClientConnection: Receiving response: HTTP/1.1 200 OK
2024-10-02 16:32:44,923 DEBUG [main] org.apache.http.headers: << HTTP/1.1 200 OK
2024-10-02 16:32:44,923 DEBUG [main] org.apache.http.headers: << Access-Control-Allow-Origin: *
2024-10-02 16:32:44,923 DEBUG [main] org.apache.http.headers: << Alt-Svc: h3=":443"; ma=2592000
2024-10-02 16:32:44,923 DEBUG [main] org.apache.http.headers: << Content-Length: 16
2024-10-02 16:32:44,923 DEBUG [main] org.apache.http.headers: << Content-Type: application/json
2024-10-02 16:32:44,923 DEBUG [main] org.apache.http.headers: << Date: Wed, 02 Oct 2024 11:02:42 GMT
2024-10-02 16:32:44,923 DEBUG [main] org.apache.http.headers: << Vary: Accept-Encoding
2024-10-02 16:32:44,923 DEBUG [main] org.apache.http.headers: << X-Beeceptor-Rule-Id: mgkqz70kxf
2024-10-02 16:32:44,924 DEBUG [main] org.apache.http.impl.client.DefaultHttpClient: Connection can be kept alive indefinitely
2024-10-02 16:32:44,924 DEBUG [main] io.restassured.internal.RequestSpecificationImpl$RestAssuredHttpBuilder: Parsing response as: application/json
2024-10-02 16:32:44,925 DEBUG [main] io.restassured.internal.RequestSpecificationImpl$RestAssuredHttpBuilder: Parsed data to instance of: class org.apache.http.conn.EofSensorInputStream
2024-10-02 16:32:44,928 DEBUG [main] org.apache.http.wire:  << "{[\n]"
2024-10-02 16:32:44,928 DEBUG [main] org.apache.http.wire:  << "  "data": {}[\n]"
2024-10-02 16:32:44,928 DEBUG [main] org.apache.http.wire:  << "}"
2024-10-02 16:32:44,928 DEBUG [main] org.apache.http.impl.conn.BasicClientConnectionManager: Releasing connection org.apache.http.impl.conn.ManagedClientConnectionImpl@40d52be7
2024-10-02 16:32:44,928 DEBUG [main] org.apache.http.impl.conn.BasicClientConnectionManager: Connection can be kept alive indefinitely
2024-10-02 16:32:44,929 INFO  [main] post_hook_Api_Testing.Post_Hook_API_Testing: Hook deleted successfully.
2024-10-02 16:34:34,522 DEBUG [main] org.apache.http.impl.conn.BasicClientConnectionManager: Get connection for route {s}->https://posthook-api.mock.beeceptor.com:443
2024-10-02 16:34:34,763 DEBUG [main] org.apache.http.impl.conn.DefaultClientConnectionOperator: Connecting to posthook-api.mock.beeceptor.com:443
2024-10-02 16:34:35,774 DEBUG [main] org.apache.http.client.protocol.RequestAddCookies: CookieSpec selected: ignoreCookies
2024-10-02 16:34:35,776 DEBUG [main] org.apache.http.client.protocol.RequestAuthCache: Auth cache not set in the context
2024-10-02 16:34:35,776 DEBUG [main] org.apache.http.client.protocol.RequestTargetAuthentication: Target auth state: UNCHALLENGED
2024-10-02 16:34:35,777 DEBUG [main] org.apache.http.client.protocol.RequestProxyAuthentication: Proxy auth state: UNCHALLENGED
2024-10-02 16:34:35,777 DEBUG [main] org.apache.http.impl.client.DefaultHttpClient: Attempt 1 to execute request
2024-10-02 16:34:35,777 DEBUG [main] org.apache.http.impl.conn.DefaultClientConnection: Sending request: POST /v1/hooks HTTP/1.1
2024-10-02 16:34:35,777 DEBUG [main] org.apache.http.wire:  >> "POST /v1/hooks HTTP/1.1[\r][\n]"
2024-10-02 16:34:35,778 DEBUG [main] org.apache.http.wire:  >> "Content-Type: application/x-www-form-urlencoded; charset=ISO-8859-1[\r][\n]"
2024-10-02 16:34:35,779 DEBUG [main] org.apache.http.wire:  >> "Accept: */*[\r][\n]"
2024-10-02 16:34:35,779 DEBUG [main] org.apache.http.wire:  >> "Content-Length: 0[\r][\n]"
2024-10-02 16:34:35,779 DEBUG [main] org.apache.http.wire:  >> "Host: posthook-api.mock.beeceptor.com[\r][\n]"
2024-10-02 16:34:35,779 DEBUG [main] org.apache.http.wire:  >> "Connection: Keep-Alive[\r][\n]"
2024-10-02 16:34:35,779 DEBUG [main] org.apache.http.wire:  >> "User-Agent: Apache-HttpClient/4.5.13 (Java/21.0.3)[\r][\n]"
2024-10-02 16:34:35,779 DEBUG [main] org.apache.http.wire:  >> "Accept-Encoding: gzip,deflate[\r][\n]"
2024-10-02 16:34:35,779 DEBUG [main] org.apache.http.wire:  >> "[\r][\n]"
2024-10-02 16:34:35,779 DEBUG [main] org.apache.http.headers: >> POST /v1/hooks HTTP/1.1
2024-10-02 16:34:35,779 DEBUG [main] org.apache.http.headers: >> Content-Type: application/x-www-form-urlencoded; charset=ISO-8859-1
2024-10-02 16:34:35,779 DEBUG [main] org.apache.http.headers: >> Accept: */*
2024-10-02 16:34:35,779 DEBUG [main] org.apache.http.headers: >> Content-Length: 0
2024-10-02 16:34:35,779 DEBUG [main] org.apache.http.headers: >> Host: posthook-api.mock.beeceptor.com
2024-10-02 16:34:35,779 DEBUG [main] org.apache.http.headers: >> Connection: Keep-Alive
2024-10-02 16:34:35,779 DEBUG [main] org.apache.http.headers: >> User-Agent: Apache-HttpClient/4.5.13 (Java/21.0.3)
2024-10-02 16:34:35,780 DEBUG [main] org.apache.http.headers: >> Accept-Encoding: gzip,deflate
2024-10-02 16:34:36,030 DEBUG [main] org.apache.http.wire:  << "HTTP/1.1 200 OK[\r][\n]"
2024-10-02 16:34:36,035 DEBUG [main] org.apache.http.wire:  << "Access-Control-Allow-Origin: *[\r][\n]"
2024-10-02 16:34:36,035 DEBUG [main] org.apache.http.wire:  << "Alt-Svc: h3=":443"; ma=2592000[\r][\n]"
2024-10-02 16:34:36,035 DEBUG [main] org.apache.http.wire:  << "Content-Length: 311[\r][\n]"
2024-10-02 16:34:36,035 DEBUG [main] org.apache.http.wire:  << "Content-Type: application/json[\r][\n]"
2024-10-02 16:34:36,036 DEBUG [main] org.apache.http.wire:  << "Date: Wed, 02 Oct 2024 11:04:34 GMT[\r][\n]"
2024-10-02 16:34:36,036 DEBUG [main] org.apache.http.wire:  << "Vary: Accept-Encoding[\r][\n]"
2024-10-02 16:34:36,036 DEBUG [main] org.apache.http.wire:  << "X-Beeceptor-Rule-Id: ujqmrpj43oo[\r][\n]"
2024-10-02 16:34:36,036 DEBUG [main] org.apache.http.wire:  << "[\r][\n]"
2024-10-02 16:34:36,038 DEBUG [main] org.apache.http.impl.conn.DefaultClientConnection: Receiving response: HTTP/1.1 200 OK
2024-10-02 16:34:36,038 DEBUG [main] org.apache.http.headers: << HTTP/1.1 200 OK
2024-10-02 16:34:36,039 DEBUG [main] org.apache.http.headers: << Access-Control-Allow-Origin: *
2024-10-02 16:34:36,039 DEBUG [main] org.apache.http.headers: << Alt-Svc: h3=":443"; ma=2592000
2024-10-02 16:34:36,039 DEBUG [main] org.apache.http.headers: << Content-Length: 311
2024-10-02 16:34:36,039 DEBUG [main] org.apache.http.headers: << Content-Type: application/json
2024-10-02 16:34:36,039 DEBUG [main] org.apache.http.headers: << Date: Wed, 02 Oct 2024 11:04:34 GMT
2024-10-02 16:34:36,039 DEBUG [main] org.apache.http.headers: << Vary: Accept-Encoding
2024-10-02 16:34:36,039 DEBUG [main] org.apache.http.headers: << X-Beeceptor-Rule-Id: ujqmrpj43oo
2024-10-02 16:34:36,048 DEBUG [main] org.apache.http.impl.client.DefaultHttpClient: Connection can be kept alive indefinitely
2024-10-02 16:34:36,120 DEBUG [main] io.restassured.internal.RequestSpecificationImpl$RestAssuredHttpBuilder: Parsing response as: application/json
2024-10-02 16:34:36,120 DEBUG [main] io.restassured.internal.RequestSpecificationImpl$RestAssuredHttpBuilder: Parsed data to instance of: class org.apache.http.conn.EofSensorInputStream
2024-10-02 16:34:36,203 INFO  [main] post_hook_Api_Testing.Post_Hook_API_Testing: Hook scheduled successfully.
2024-10-02 16:34:36,255 DEBUG [main] org.apache.http.impl.conn.BasicClientConnectionManager: Get connection for route {s}->https://posthook-api.mock.beeceptor.com:443
2024-10-02 16:34:36,255 DEBUG [main] org.apache.http.impl.conn.DefaultClientConnectionOperator: Connecting to posthook-api.mock.beeceptor.com:443
2024-10-02 16:34:36,868 DEBUG [main] org.apache.http.client.protocol.RequestAddCookies: CookieSpec selected: ignoreCookies
2024-10-02 16:34:36,869 DEBUG [main] org.apache.http.client.protocol.RequestAuthCache: Auth cache not set in the context
2024-10-02 16:34:36,869 DEBUG [main] org.apache.http.client.protocol.RequestTargetAuthentication: Target auth state: UNCHALLENGED
2024-10-02 16:34:36,869 DEBUG [main] org.apache.http.client.protocol.RequestProxyAuthentication: Proxy auth state: UNCHALLENGED
2024-10-02 16:34:36,869 DEBUG [main] org.apache.http.impl.client.DefaultHttpClient: Attempt 1 to execute request
2024-10-02 16:34:36,869 DEBUG [main] org.apache.http.impl.conn.DefaultClientConnection: Sending request: GET /v1/hooks HTTP/1.1
2024-10-02 16:34:36,870 DEBUG [main] org.apache.http.wire:  >> "GET /v1/hooks HTTP/1.1[\r][\n]"
2024-10-02 16:34:36,870 DEBUG [main] org.apache.http.wire:  >> "Accept: */*[\r][\n]"
2024-10-02 16:34:36,870 DEBUG [main] org.apache.http.wire:  >> "Host: posthook-api.mock.beeceptor.com[\r][\n]"
2024-10-02 16:34:36,870 DEBUG [main] org.apache.http.wire:  >> "Connection: Keep-Alive[\r][\n]"
2024-10-02 16:34:36,870 DEBUG [main] org.apache.http.wire:  >> "User-Agent: Apache-HttpClient/4.5.13 (Java/21.0.3)[\r][\n]"
2024-10-02 16:34:36,870 DEBUG [main] org.apache.http.wire:  >> "Accept-Encoding: gzip,deflate[\r][\n]"
2024-10-02 16:34:36,871 DEBUG [main] org.apache.http.wire:  >> "[\r][\n]"
2024-10-02 16:34:36,871 DEBUG [main] org.apache.http.headers: >> GET /v1/hooks HTTP/1.1
2024-10-02 16:34:36,871 DEBUG [main] org.apache.http.headers: >> Accept: */*
2024-10-02 16:34:36,871 DEBUG [main] org.apache.http.headers: >> Host: posthook-api.mock.beeceptor.com
2024-10-02 16:34:36,871 DEBUG [main] org.apache.http.headers: >> Connection: Keep-Alive
2024-10-02 16:34:36,871 DEBUG [main] org.apache.http.headers: >> User-Agent: Apache-HttpClient/4.5.13 (Java/21.0.3)
2024-10-02 16:34:36,871 DEBUG [main] org.apache.http.headers: >> Accept-Encoding: gzip,deflate
2024-10-02 16:34:37,149 DEBUG [main] org.apache.http.wire:  << "HTTP/1.1 200 OK[\r][\n]"
2024-10-02 16:34:37,150 DEBUG [main] org.apache.http.wire:  << "Access-Control-Allow-Origin: *[\r][\n]"
2024-10-02 16:34:37,150 DEBUG [main] org.apache.http.wire:  << "Alt-Svc: h3=":443"; ma=2592000[\r][\n]"
2024-10-02 16:34:37,150 DEBUG [main] org.apache.http.wire:  << "Content-Length: 1078[\r][\n]"
2024-10-02 16:34:37,151 DEBUG [main] org.apache.http.wire:  << "Content-Type: application/json[\r][\n]"
2024-10-02 16:34:37,151 DEBUG [main] org.apache.http.wire:  << "Date: Wed, 02 Oct 2024 11:04:35 GMT[\r][\n]"
2024-10-02 16:34:37,152 DEBUG [main] org.apache.http.wire:  << "Vary: Accept-Encoding[\r][\n]"
2024-10-02 16:34:37,152 DEBUG [main] org.apache.http.wire:  << "X-Beeceptor-Rule-Id: 9ozlian5ysr[\r][\n]"
2024-10-02 16:34:37,152 DEBUG [main] org.apache.http.wire:  << "[\r][\n]"
2024-10-02 16:34:37,152 DEBUG [main] org.apache.http.impl.conn.DefaultClientConnection: Receiving response: HTTP/1.1 200 OK
2024-10-02 16:34:37,153 DEBUG [main] org.apache.http.headers: << HTTP/1.1 200 OK
2024-10-02 16:34:37,153 DEBUG [main] org.apache.http.headers: << Access-Control-Allow-Origin: *
2024-10-02 16:34:37,153 DEBUG [main] org.apache.http.headers: << Alt-Svc: h3=":443"; ma=2592000
2024-10-02 16:34:37,153 DEBUG [main] org.apache.http.headers: << Content-Length: 1078
2024-10-02 16:34:37,153 DEBUG [main] org.apache.http.headers: << Content-Type: application/json
2024-10-02 16:34:37,153 DEBUG [main] org.apache.http.headers: << Date: Wed, 02 Oct 2024 11:04:35 GMT
2024-10-02 16:34:37,153 DEBUG [main] org.apache.http.headers: << Vary: Accept-Encoding
2024-10-02 16:34:37,153 DEBUG [main] org.apache.http.headers: << X-Beeceptor-Rule-Id: 9ozlian5ysr
2024-10-02 16:34:37,154 DEBUG [main] org.apache.http.impl.client.DefaultHttpClient: Connection can be kept alive indefinitely
2024-10-02 16:34:37,155 DEBUG [main] io.restassured.internal.RequestSpecificationImpl$RestAssuredHttpBuilder: Parsing response as: application/json
2024-10-02 16:34:37,155 DEBUG [main] io.restassured.internal.RequestSpecificationImpl$RestAssuredHttpBuilder: Parsed data to instance of: class org.apache.http.conn.EofSensorInputStream
2024-10-02 16:34:37,199 DEBUG [main] org.apache.http.wire:  << "{[\n]"
2024-10-02 16:34:37,199 DEBUG [main] org.apache.http.wire:  << "  "data": [[\n]"
2024-10-02 16:34:37,199 DEBUG [main] org.apache.http.wire:  << "    {[\n]"
2024-10-02 16:34:37,200 DEBUG [main] org.apache.http.wire:  << "      "id": "8e3aa909-fb84-4495-944d-a4c192defe66",[\n]"
2024-10-02 16:34:37,200 DEBUG [main] org.apache.http.wire:  << "      "path": "/webhooks/ph/event_reminder",[\n]"
2024-10-02 16:34:37,201 DEBUG [main] org.apache.http.wire:  << "      "domain": "posthook.io",[\n]"
2024-10-02 16:34:37,201 DEBUG [main] org.apache.http.wire:  << "      "data": {[\n]"
2024-10-02 16:34:37,201 DEBUG [main] org.apache.http.wire:  << "        "eventID": 25[\n]"
2024-10-02 16:34:37,201 DEBUG [main] org.apache.http.wire:  << "      },[\n]"
2024-10-02 16:34:37,202 DEBUG [main] org.apache.http.wire:  << "      "postAt": "2018-07-19T21:00:00Z",[\n]"
2024-10-02 16:34:37,202 DEBUG [main] org.apache.http.wire:  << "      "status": "pending",[\n]"
2024-10-02 16:34:37,202 DEBUG [main] org.apache.http.wire:  << "      "createdAt": "2018-04-30T17:45:20.68114Z",[\n]"
2024-10-02 16:34:37,202 DEBUG [main] org.apache.http.wire:  << "      "updatedAt": "2018-04-30T17:45:20.68114Z"[\n]"
2024-10-02 16:34:37,202 DEBUG [main] org.apache.http.wire:  << "    },[\n]"
2024-10-02 16:34:37,202 DEBUG [main] org.apache.http.wire:  << "    {[\n]"
2024-10-02 16:34:37,202 DEBUG [main] org.apache.http.wire:  << "      "id": "c1ec9560-65fc-4b88-bfe0-1bc6e56cb3db",[\n]"
2024-10-02 16:34:37,202 DEBUG [main] org.apache.http.wire:  << "      "path": "/webhooks/ph/event_reminder",[\n]"
2024-10-02 16:34:37,202 DEBUG [main] org.apache.http.wire:  << "      "domain": "posthook.io",[\n]"
2024-10-02 16:34:37,204 DEBUG [main] org.apache.http.wire:  << "      "data": {[\n]"
2024-10-02 16:34:37,204 DEBUG [main] org.apache.http.wire:  << "        "eventID": 25[\n]"
2024-10-02 16:34:37,204 DEBUG [main] org.apache.http.wire:  << "      },[\n]"
2024-10-02 16:34:37,205 DEBUG [main] org.apache.http.wire:  << "      "postAt": "2018-07-17T21:00:00Z",[\n]"
2024-10-02 16:34:37,205 DEBUG [main] org.apache.http.wire:  << "      "status": "pending",[\n]"
2024-10-02 16:34:37,205 DEBUG [main] org.apache.http.wire:  << "      "createdAt": "2018-04-30T17:45:16.097812Z",[\n]"
2024-10-02 16:34:37,205 DEBUG [main] org.apache.http.wire:  << "      "updatedAt": "2018-04-30T17:45:16.097812Z"[\n]"
2024-10-02 16:34:37,205 DEBUG [main] org.apache.http.wire:  << "    },[\n]"
2024-10-02 16:34:37,205 DEBUG [main] org.apache.http.wire:  << "    {[\n]"
2024-10-02 16:34:37,205 DEBUG [main] org.apache.http.wire:  << "      "id": "6ab4d4d5-4767-452d-b72f-6ec40562b27e",[\n]"
2024-10-02 16:34:37,205 DEBUG [main] org.apache.http.wire:  << "      "path": "/webhooks/ph/event_reminder",[\n]"
2024-10-02 16:34:37,206 DEBUG [main] org.apache.http.wire:  << "      "domain": "posthook.io",[\n]"
2024-10-02 16:34:37,206 DEBUG [main] org.apache.http.wire:  << "      "data": {[\n]"
2024-10-02 16:34:37,206 DEBUG [main] org.apache.http.wire:  << "        "eventID": 25[\n]"
2024-10-02 16:34:37,207 DEBUG [main] org.apache.http.wire:  << "      },[\n]"
2024-10-02 16:34:37,207 DEBUG [main] org.apache.http.wire:  << "      "postAt": "2018-07-15T21:00:00Z",[\n]"
2024-10-02 16:34:37,207 DEBUG [main] org.apache.http.wire:  << "      "status""
2024-10-02 16:34:37,209 DEBUG [main] org.apache.http.wire:  << ": "pending",[\n]"
2024-10-02 16:34:37,209 DEBUG [main] org.apache.http.wire:  << "      "createdAt": "2018-04-30T17:45:06.475047Z",[\n]"
2024-10-02 16:34:37,210 DEBUG [main] org.apache.http.wire:  << "      "updatedAt": "2018-04-30T17:45:06.475047Z"[\n]"
2024-10-02 16:34:37,210 DEBUG [main] org.apache.http.wire:  << "    }[\n]"
2024-10-02 16:34:37,210 DEBUG [main] org.apache.http.wire:  << "  ][\n]"
2024-10-02 16:34:37,211 DEBUG [main] org.apache.http.wire:  << "}"
2024-10-02 16:34:37,211 DEBUG [main] org.apache.http.impl.conn.BasicClientConnectionManager: Releasing connection org.apache.http.impl.conn.ManagedClientConnectionImpl@74024f3
2024-10-02 16:34:37,211 DEBUG [main] org.apache.http.impl.conn.BasicClientConnectionManager: Connection can be kept alive indefinitely
2024-10-02 16:34:37,292 INFO  [main] post_hook_Api_Testing.Post_Hook_API_Testing: Hooks fetched successfully.
2024-10-02 16:34:37,322 DEBUG [main] org.apache.http.impl.conn.BasicClientConnectionManager: Get connection for route {s}->https://posthook-api.mock.beeceptor.com:443
2024-10-02 16:34:37,322 DEBUG [main] org.apache.http.impl.conn.DefaultClientConnectionOperator: Connecting to posthook-api.mock.beeceptor.com:443
2024-10-02 16:34:37,990 DEBUG [main] org.apache.http.client.protocol.RequestAddCookies: CookieSpec selected: ignoreCookies
2024-10-02 16:34:37,990 DEBUG [main] org.apache.http.client.protocol.RequestAuthCache: Auth cache not set in the context
2024-10-02 16:34:37,990 DEBUG [main] org.apache.http.client.protocol.RequestTargetAuthentication: Target auth state: UNCHALLENGED
2024-10-02 16:34:37,990 DEBUG [main] org.apache.http.client.protocol.RequestProxyAuthentication: Proxy auth state: UNCHALLENGED
2024-10-02 16:34:37,990 DEBUG [main] org.apache.http.impl.client.DefaultHttpClient: Attempt 1 to execute request
2024-10-02 16:34:37,990 DEBUG [main] org.apache.http.impl.conn.DefaultClientConnection: Sending request: GET /v1/hooks/c1ec9560-65fc-4b88-bfe0-1bc6e56cb3db HTTP/1.1
2024-10-02 16:34:37,991 DEBUG [main] org.apache.http.wire:  >> "GET /v1/hooks/c1ec9560-65fc-4b88-bfe0-1bc6e56cb3db HTTP/1.1[\r][\n]"
2024-10-02 16:34:37,991 DEBUG [main] org.apache.http.wire:  >> "Accept: */*[\r][\n]"
2024-10-02 16:34:37,991 DEBUG [main] org.apache.http.wire:  >> "Host: posthook-api.mock.beeceptor.com[\r][\n]"
2024-10-02 16:34:37,991 DEBUG [main] org.apache.http.wire:  >> "Connection: Keep-Alive[\r][\n]"
2024-10-02 16:34:37,991 DEBUG [main] org.apache.http.wire:  >> "User-Agent: Apache-HttpClient/4.5.13 (Java/21.0.3)[\r][\n]"
2024-10-02 16:34:37,991 DEBUG [main] org.apache.http.wire:  >> "Accept-Encoding: gzip,deflate[\r][\n]"
2024-10-02 16:34:37,991 DEBUG [main] org.apache.http.wire:  >> "[\r][\n]"
2024-10-02 16:34:37,991 DEBUG [main] org.apache.http.headers: >> GET /v1/hooks/c1ec9560-65fc-4b88-bfe0-1bc6e56cb3db HTTP/1.1
2024-10-02 16:34:37,991 DEBUG [main] org.apache.http.headers: >> Accept: */*
2024-10-02 16:34:37,991 DEBUG [main] org.apache.http.headers: >> Host: posthook-api.mock.beeceptor.com
2024-10-02 16:34:37,992 DEBUG [main] org.apache.http.headers: >> Connection: Keep-Alive
2024-10-02 16:34:37,992 DEBUG [main] org.apache.http.headers: >> User-Agent: Apache-HttpClient/4.5.13 (Java/21.0.3)
2024-10-02 16:34:37,992 DEBUG [main] org.apache.http.headers: >> Accept-Encoding: gzip,deflate
2024-10-02 16:34:38,276 DEBUG [main] org.apache.http.wire:  << "HTTP/1.1 200 OK[\r][\n]"
2024-10-02 16:34:38,277 DEBUG [main] org.apache.http.wire:  << "Access-Control-Allow-Origin: *[\r][\n]"
2024-10-02 16:34:38,277 DEBUG [main] org.apache.http.wire:  << "Alt-Svc: h3=":443"; ma=2592000[\r][\n]"
2024-10-02 16:34:38,277 DEBUG [main] org.apache.http.wire:  << "Content-Length: 1078[\r][\n]"
2024-10-02 16:34:38,277 DEBUG [main] org.apache.http.wire:  << "Content-Type: application/json[\r][\n]"
2024-10-02 16:34:38,277 DEBUG [main] org.apache.http.wire:  << "Date: Wed, 02 Oct 2024 11:04:36 GMT[\r][\n]"
2024-10-02 16:34:38,277 DEBUG [main] org.apache.http.wire:  << "Vary: Accept-Encoding[\r][\n]"
2024-10-02 16:34:38,277 DEBUG [main] org.apache.http.wire:  << "X-Beeceptor-Rule-Id: 9ozlian5ysr[\r][\n]"
2024-10-02 16:34:38,278 DEBUG [main] org.apache.http.wire:  << "[\r][\n]"
2024-10-02 16:34:38,278 DEBUG [main] org.apache.http.impl.conn.DefaultClientConnection: Receiving response: HTTP/1.1 200 OK
2024-10-02 16:34:38,278 DEBUG [main] org.apache.http.headers: << HTTP/1.1 200 OK
2024-10-02 16:34:38,278 DEBUG [main] org.apache.http.headers: << Access-Control-Allow-Origin: *
2024-10-02 16:34:38,278 DEBUG [main] org.apache.http.headers: << Alt-Svc: h3=":443"; ma=2592000
2024-10-02 16:34:38,279 DEBUG [main] org.apache.http.headers: << Content-Length: 1078
2024-10-02 16:34:38,279 DEBUG [main] org.apache.http.headers: << Content-Type: application/json
2024-10-02 16:34:38,279 DEBUG [main] org.apache.http.headers: << Date: Wed, 02 Oct 2024 11:04:36 GMT
2024-10-02 16:34:38,279 DEBUG [main] org.apache.http.headers: << Vary: Accept-Encoding
2024-10-02 16:34:38,279 DEBUG [main] org.apache.http.headers: << X-Beeceptor-Rule-Id: 9ozlian5ysr
2024-10-02 16:34:38,279 DEBUG [main] org.apache.http.impl.client.DefaultHttpClient: Connection can be kept alive indefinitely
2024-10-02 16:34:38,281 DEBUG [main] io.restassured.internal.RequestSpecificationImpl$RestAssuredHttpBuilder: Parsing response as: application/json
2024-10-02 16:34:38,281 DEBUG [main] io.restassured.internal.RequestSpecificationImpl$RestAssuredHttpBuilder: Parsed data to instance of: class org.apache.http.conn.EofSensorInputStream
2024-10-02 16:34:38,285 DEBUG [main] org.apache.http.wire:  << "{[\n]"
2024-10-02 16:34:38,285 DEBUG [main] org.apache.http.wire:  << "  "data": [[\n]"
2024-10-02 16:34:38,285 DEBUG [main] org.apache.http.wire:  << "    {[\n]"
2024-10-02 16:34:38,286 DEBUG [main] org.apache.http.wire:  << "      "id": "8e3aa909-fb84-4495-944d-a4c192defe66",[\n]"
2024-10-02 16:34:38,286 DEBUG [main] org.apache.http.wire:  << "      "path": "/webhooks/ph/event_reminder",[\n]"
2024-10-02 16:34:38,286 DEBUG [main] org.apache.http.wire:  << "      "domain": "posthook.io",[\n]"
2024-10-02 16:34:38,286 DEBUG [main] org.apache.http.wire:  << "      "data": {[\n]"
2024-10-02 16:34:38,286 DEBUG [main] org.apache.http.wire:  << "        "eventID": 25[\n]"
2024-10-02 16:34:38,286 DEBUG [main] org.apache.http.wire:  << "      },[\n]"
2024-10-02 16:34:38,286 DEBUG [main] org.apache.http.wire:  << "      "postAt": "2018-07-19T21:00:00Z",[\n]"
2024-10-02 16:34:38,286 DEBUG [main] org.apache.http.wire:  << "      "status": "pending",[\n]"
2024-10-02 16:34:38,286 DEBUG [main] org.apache.http.wire:  << "      "createdAt": "2018-04-30T17:45:20.68114Z",[\n]"
2024-10-02 16:34:38,286 DEBUG [main] org.apache.http.wire:  << "      "updatedAt": "2018-04-30T17:45:20.68114Z"[\n]"
2024-10-02 16:34:38,286 DEBUG [main] org.apache.http.wire:  << "    },[\n]"
2024-10-02 16:34:38,287 DEBUG [main] org.apache.http.wire:  << "    {[\n]"
2024-10-02 16:34:38,287 DEBUG [main] org.apache.http.wire:  << "      "id": "c1ec9560-65fc-4b88-bfe0-1bc6e56cb3db",[\n]"
2024-10-02 16:34:38,287 DEBUG [main] org.apache.http.wire:  << "      "path": "/webhooks/ph/event_reminder",[\n]"
2024-10-02 16:34:38,287 DEBUG [main] org.apache.http.wire:  << "      "domain": "posthook.io",[\n]"
2024-10-02 16:34:38,287 DEBUG [main] org.apache.http.wire:  << "      "data": {[\n]"
2024-10-02 16:34:38,287 DEBUG [main] org.apache.http.wire:  << "        "eventID": 25[\n]"
2024-10-02 16:34:38,287 DEBUG [main] org.apache.http.wire:  << "      },[\n]"
2024-10-02 16:34:38,287 DEBUG [main] org.apache.http.wire:  << "      "postAt": "2018-07-17T21:00:00Z",[\n]"
2024-10-02 16:34:38,287 DEBUG [main] org.apache.http.wire:  << "      "status": "pending",[\n]"
2024-10-02 16:34:38,288 DEBUG [main] org.apache.http.wire:  << "      "createdAt": "2018-04-30T17:45:16.097812Z",[\n]"
2024-10-02 16:34:38,288 DEBUG [main] org.apache.http.wire:  << "      "updatedAt": "2018-04-30T17:45:16.097812Z"[\n]"
2024-10-02 16:34:38,288 DEBUG [main] org.apache.http.wire:  << "    },[\n]"
2024-10-02 16:34:38,288 DEBUG [main] org.apache.http.wire:  << "    {[\n]"
2024-10-02 16:34:38,288 DEBUG [main] org.apache.http.wire:  << "      "id": "6ab4d4d5-4767-452d-b72f-6ec40562b27e",[\n]"
2024-10-02 16:34:38,288 DEBUG [main] org.apache.http.wire:  << "      "path": "/webhooks/ph/event_reminder",[\n]"
2024-10-02 16:34:38,288 DEBUG [main] org.apache.http.wire:  << "      "domain": "posthook.io",[\n]"
2024-10-02 16:34:38,288 DEBUG [main] org.apache.http.wire:  << "      "data": {[\n]"
2024-10-02 16:34:38,288 DEBUG [main] org.apache.http.wire:  << "        "eventID": 25[\n]"
2024-10-02 16:34:38,288 DEBUG [main] org.apache.http.wire:  << "      },[\n]"
2024-10-02 16:34:38,289 DEBUG [main] org.apache.http.wire:  << "      "postAt": "2018-07-15T21:00:00Z",[\n]"
2024-10-02 16:34:38,289 DEBUG [main] org.apache.http.wire:  << "      "status""
2024-10-02 16:34:38,289 DEBUG [main] org.apache.http.wire:  << ": "pending",[\n]"
2024-10-02 16:34:38,289 DEBUG [main] org.apache.http.wire:  << "      "createdAt": "2018-04-30T17:45:06.475047Z",[\n]"
2024-10-02 16:34:38,290 DEBUG [main] org.apache.http.wire:  << "      "updatedAt": "2018-04-30T17:45:06.475047Z"[\n]"
2024-10-02 16:34:38,290 DEBUG [main] org.apache.http.wire:  << "    }[\n]"
2024-10-02 16:34:38,290 DEBUG [main] org.apache.http.wire:  << "  ][\n]"
2024-10-02 16:34:38,290 DEBUG [main] org.apache.http.wire:  << "}"
2024-10-02 16:34:38,290 DEBUG [main] org.apache.http.impl.conn.BasicClientConnectionManager: Releasing connection org.apache.http.impl.conn.ManagedClientConnectionImpl@6f8e9d06
2024-10-02 16:34:38,290 DEBUG [main] org.apache.http.impl.conn.BasicClientConnectionManager: Connection can be kept alive indefinitely
2024-10-02 16:34:38,298 INFO  [main] post_hook_Api_Testing.Post_Hook_API_Testing: Hook fetched successfully.
2024-10-02 16:34:38,378 DEBUG [main] org.apache.http.impl.conn.BasicClientConnectionManager: Get connection for route {s}->https://posthook-api.mock.beeceptor.com:443
2024-10-02 16:34:38,379 DEBUG [main] org.apache.http.impl.conn.DefaultClientConnectionOperator: Connecting to posthook-api.mock.beeceptor.com:443
2024-10-02 16:34:38,908 DEBUG [main] org.apache.http.client.protocol.RequestAddCookies: CookieSpec selected: ignoreCookies
2024-10-02 16:34:38,908 DEBUG [main] org.apache.http.client.protocol.RequestAuthCache: Auth cache not set in the context
2024-10-02 16:34:38,910 DEBUG [main] org.apache.http.client.protocol.RequestTargetAuthentication: Target auth state: UNCHALLENGED
2024-10-02 16:34:38,910 DEBUG [main] org.apache.http.client.protocol.RequestProxyAuthentication: Proxy auth state: UNCHALLENGED
2024-10-02 16:34:38,910 DEBUG [main] org.apache.http.impl.client.DefaultHttpClient: Attempt 1 to execute request
2024-10-02 16:34:38,910 DEBUG [main] org.apache.http.impl.conn.DefaultClientConnection: Sending request: PUT /v1/projects/ HTTP/1.1
2024-10-02 16:34:38,910 DEBUG [main] org.apache.http.wire:  >> "PUT /v1/projects/ HTTP/1.1[\r][\n]"
2024-10-02 16:34:38,910 DEBUG [main] org.apache.http.wire:  >> "Accept: */*[\r][\n]"
2024-10-02 16:34:38,910 DEBUG [main] org.apache.http.wire:  >> "Content-Type: application/json[\r][\n]"
2024-10-02 16:34:38,910 DEBUG [main] org.apache.http.wire:  >> "Content-Length: 112[\r][\n]"
2024-10-02 16:34:38,910 DEBUG [main] org.apache.http.wire:  >> "Host: posthook-api.mock.beeceptor.com[\r][\n]"
2024-10-02 16:34:38,910 DEBUG [main] org.apache.http.wire:  >> "Connection: Keep-Alive[\r][\n]"
2024-10-02 16:34:38,910 DEBUG [main] org.apache.http.wire:  >> "User-Agent: Apache-HttpClient/4.5.13 (Java/21.0.3)[\r][\n]"
2024-10-02 16:34:38,910 DEBUG [main] org.apache.http.wire:  >> "Accept-Encoding: gzip,deflate[\r][\n]"
2024-10-02 16:34:38,911 DEBUG [main] org.apache.http.wire:  >> "[\r][\n]"
2024-10-02 16:34:38,911 DEBUG [main] org.apache.http.headers: >> PUT /v1/projects/ HTTP/1.1
2024-10-02 16:34:38,911 DEBUG [main] org.apache.http.headers: >> Accept: */*
2024-10-02 16:34:38,911 DEBUG [main] org.apache.http.headers: >> Content-Type: application/json
2024-10-02 16:34:38,911 DEBUG [main] org.apache.http.headers: >> Content-Length: 112
2024-10-02 16:34:38,911 DEBUG [main] org.apache.http.headers: >> Host: posthook-api.mock.beeceptor.com
2024-10-02 16:34:38,912 DEBUG [main] org.apache.http.headers: >> Connection: Keep-Alive
2024-10-02 16:34:38,912 DEBUG [main] org.apache.http.headers: >> User-Agent: Apache-HttpClient/4.5.13 (Java/21.0.3)
2024-10-02 16:34:38,912 DEBUG [main] org.apache.http.headers: >> Accept-Encoding: gzip,deflate
2024-10-02 16:34:38,912 DEBUG [main] org.apache.http.wire:  >> "{"retryDelaySecs":5,"domain":"api.example.com","headerAuthorization":"","name":"updated-project","minRetries":1}"
2024-10-02 16:34:39,197 DEBUG [main] org.apache.http.wire:  << "HTTP/1.1 200 OK[\r][\n]"
2024-10-02 16:34:39,198 DEBUG [main] org.apache.http.wire:  << "Access-Control-Allow-Origin: *[\r][\n]"
2024-10-02 16:34:39,198 DEBUG [main] org.apache.http.wire:  << "Alt-Svc: h3=":443"; ma=2592000[\r][\n]"
2024-10-02 16:34:39,198 DEBUG [main] org.apache.http.wire:  << "Content-Length: 143[\r][\n]"
2024-10-02 16:34:39,198 DEBUG [main] org.apache.http.wire:  << "Content-Type: application/json[\r][\n]"
2024-10-02 16:34:39,198 DEBUG [main] org.apache.http.wire:  << "Date: Wed, 02 Oct 2024 11:04:37 GMT[\r][\n]"
2024-10-02 16:34:39,198 DEBUG [main] org.apache.http.wire:  << "Vary: Accept-Encoding[\r][\n]"
2024-10-02 16:34:39,199 DEBUG [main] org.apache.http.wire:  << "X-Beeceptor-Rule-Id: jx4oqx8vtz7[\r][\n]"
2024-10-02 16:34:39,199 DEBUG [main] org.apache.http.wire:  << "[\r][\n]"
2024-10-02 16:34:39,199 DEBUG [main] org.apache.http.impl.conn.DefaultClientConnection: Receiving response: HTTP/1.1 200 OK
2024-10-02 16:34:39,199 DEBUG [main] org.apache.http.headers: << HTTP/1.1 200 OK
2024-10-02 16:34:39,199 DEBUG [main] org.apache.http.headers: << Access-Control-Allow-Origin: *
2024-10-02 16:34:39,199 DEBUG [main] org.apache.http.headers: << Alt-Svc: h3=":443"; ma=2592000
2024-10-02 16:34:39,199 DEBUG [main] org.apache.http.headers: << Content-Length: 143
2024-10-02 16:34:39,199 DEBUG [main] org.apache.http.headers: << Content-Type: application/json
2024-10-02 16:34:39,199 DEBUG [main] org.apache.http.headers: << Date: Wed, 02 Oct 2024 11:04:37 GMT
2024-10-02 16:34:39,199 DEBUG [main] org.apache.http.headers: << Vary: Accept-Encoding
2024-10-02 16:34:39,199 DEBUG [main] org.apache.http.headers: << X-Beeceptor-Rule-Id: jx4oqx8vtz7
2024-10-02 16:34:39,200 DEBUG [main] org.apache.http.impl.client.DefaultHttpClient: Connection can be kept alive indefinitely
2024-10-02 16:34:39,200 DEBUG [main] io.restassured.internal.RequestSpecificationImpl$RestAssuredHttpBuilder: Parsing response as: application/json
2024-10-02 16:34:39,200 DEBUG [main] io.restassured.internal.RequestSpecificationImpl$RestAssuredHttpBuilder: Parsed data to instance of: class org.apache.http.conn.EofSensorInputStream
2024-10-02 16:34:39,203 DEBUG [main] org.apache.http.wire:  << "{[\n]"
2024-10-02 16:34:39,203 DEBUG [main] org.apache.http.wire:  << "    "name": "updated-project",[\n]"
2024-10-02 16:34:39,203 DEBUG [main] org.apache.http.wire:  << "    "domain": "api.example.com",[\n]"
2024-10-02 16:34:39,204 DEBUG [main] org.apache.http.wire:  << "    "headerAuthorization": "",[\n]"
2024-10-02 16:34:39,204 DEBUG [main] org.apache.http.wire:  << "    "minRetries": 1,[\n]"
2024-10-02 16:34:39,204 DEBUG [main] org.apache.http.wire:  << "    "retryDelaySecs": 5[\n]"
2024-10-02 16:34:39,204 DEBUG [main] org.apache.http.wire:  << "}"
2024-10-02 16:34:39,204 DEBUG [main] org.apache.http.impl.conn.BasicClientConnectionManager: Releasing connection org.apache.http.impl.conn.ManagedClientConnectionImpl@706ceca6
2024-10-02 16:34:39,204 DEBUG [main] org.apache.http.impl.conn.BasicClientConnectionManager: Connection can be kept alive indefinitely
2024-10-02 16:34:39,206 INFO  [main] post_hook_Api_Testing.Post_Hook_API_Testing: Hook updated successfully.
2024-10-02 16:34:39,250 DEBUG [main] org.apache.http.impl.conn.BasicClientConnectionManager: Get connection for route {s}->https://posthook-api.mock.beeceptor.com:443
2024-10-02 16:34:39,250 DEBUG [main] org.apache.http.impl.conn.DefaultClientConnectionOperator: Connecting to posthook-api.mock.beeceptor.com:443
2024-10-02 16:34:39,937 DEBUG [main] org.apache.http.client.protocol.RequestAddCookies: CookieSpec selected: ignoreCookies
2024-10-02 16:34:39,938 DEBUG [main] org.apache.http.client.protocol.RequestAuthCache: Auth cache not set in the context
2024-10-02 16:34:39,938 DEBUG [main] org.apache.http.client.protocol.RequestTargetAuthentication: Target auth state: UNCHALLENGED
2024-10-02 16:34:39,938 DEBUG [main] org.apache.http.client.protocol.RequestProxyAuthentication: Proxy auth state: UNCHALLENGED
2024-10-02 16:34:39,938 DEBUG [main] org.apache.http.impl.client.DefaultHttpClient: Attempt 1 to execute request
2024-10-02 16:34:39,938 DEBUG [main] org.apache.http.impl.conn.DefaultClientConnection: Sending request: DELETE /v1/hooks/c1ec9560-65fc-4b88-bfe0-1bc6e56cb3db HTTP/1.1
2024-10-02 16:34:39,938 DEBUG [main] org.apache.http.wire:  >> "DELETE /v1/hooks/c1ec9560-65fc-4b88-bfe0-1bc6e56cb3db HTTP/1.1[\r][\n]"
2024-10-02 16:34:39,938 DEBUG [main] org.apache.http.wire:  >> "Accept: */*[\r][\n]"
2024-10-02 16:34:39,938 DEBUG [main] org.apache.http.wire:  >> "Host: posthook-api.mock.beeceptor.com[\r][\n]"
2024-10-02 16:34:39,938 DEBUG [main] org.apache.http.wire:  >> "Connection: Keep-Alive[\r][\n]"
2024-10-02 16:34:39,939 DEBUG [main] org.apache.http.wire:  >> "User-Agent: Apache-HttpClient/4.5.13 (Java/21.0.3)[\r][\n]"
2024-10-02 16:34:39,939 DEBUG [main] org.apache.http.wire:  >> "Accept-Encoding: gzip,deflate[\r][\n]"
2024-10-02 16:34:39,939 DEBUG [main] org.apache.http.wire:  >> "[\r][\n]"
2024-10-02 16:34:39,939 DEBUG [main] org.apache.http.headers: >> DELETE /v1/hooks/c1ec9560-65fc-4b88-bfe0-1bc6e56cb3db HTTP/1.1
2024-10-02 16:34:39,939 DEBUG [main] org.apache.http.headers: >> Accept: */*
2024-10-02 16:34:39,939 DEBUG [main] org.apache.http.headers: >> Host: posthook-api.mock.beeceptor.com
2024-10-02 16:34:39,939 DEBUG [main] org.apache.http.headers: >> Connection: Keep-Alive
2024-10-02 16:34:39,939 DEBUG [main] org.apache.http.headers: >> User-Agent: Apache-HttpClient/4.5.13 (Java/21.0.3)
2024-10-02 16:34:39,940 DEBUG [main] org.apache.http.headers: >> Accept-Encoding: gzip,deflate
2024-10-02 16:34:40,220 DEBUG [main] org.apache.http.wire:  << "HTTP/1.1 200 OK[\r][\n]"
2024-10-02 16:34:40,221 DEBUG [main] org.apache.http.wire:  << "Access-Control-Allow-Origin: *[\r][\n]"
2024-10-02 16:34:40,221 DEBUG [main] org.apache.http.wire:  << "Alt-Svc: h3=":443"; ma=2592000[\r][\n]"
2024-10-02 16:34:40,221 DEBUG [main] org.apache.http.wire:  << "Content-Length: 16[\r][\n]"
2024-10-02 16:34:40,221 DEBUG [main] org.apache.http.wire:  << "Content-Type: application/json[\r][\n]"
2024-10-02 16:34:40,221 DEBUG [main] org.apache.http.wire:  << "Date: Wed, 02 Oct 2024 11:04:38 GMT[\r][\n]"
2024-10-02 16:34:40,221 DEBUG [main] org.apache.http.wire:  << "Vary: Accept-Encoding[\r][\n]"
2024-10-02 16:34:40,221 DEBUG [main] org.apache.http.wire:  << "X-Beeceptor-Rule-Id: mgkqz70kxf[\r][\n]"
2024-10-02 16:34:40,221 DEBUG [main] org.apache.http.wire:  << "[\r][\n]"
2024-10-02 16:34:40,221 DEBUG [main] org.apache.http.impl.conn.DefaultClientConnection: Receiving response: HTTP/1.1 200 OK
2024-10-02 16:34:40,221 DEBUG [main] org.apache.http.headers: << HTTP/1.1 200 OK
2024-10-02 16:34:40,221 DEBUG [main] org.apache.http.headers: << Access-Control-Allow-Origin: *
2024-10-02 16:34:40,222 DEBUG [main] org.apache.http.headers: << Alt-Svc: h3=":443"; ma=2592000
2024-10-02 16:34:40,222 DEBUG [main] org.apache.http.headers: << Content-Length: 16
2024-10-02 16:34:40,222 DEBUG [main] org.apache.http.headers: << Content-Type: application/json
2024-10-02 16:34:40,222 DEBUG [main] org.apache.http.headers: << Date: Wed, 02 Oct 2024 11:04:38 GMT
2024-10-02 16:34:40,222 DEBUG [main] org.apache.http.headers: << Vary: Accept-Encoding
2024-10-02 16:34:40,222 DEBUG [main] org.apache.http.headers: << X-Beeceptor-Rule-Id: mgkqz70kxf
2024-10-02 16:34:40,222 DEBUG [main] org.apache.http.impl.client.DefaultHttpClient: Connection can be kept alive indefinitely
2024-10-02 16:34:40,223 DEBUG [main] io.restassured.internal.RequestSpecificationImpl$RestAssuredHttpBuilder: Parsing response as: application/json
2024-10-02 16:34:40,223 DEBUG [main] io.restassured.internal.RequestSpecificationImpl$RestAssuredHttpBuilder: Parsed data to instance of: class org.apache.http.conn.EofSensorInputStream
2024-10-02 16:34:40,225 DEBUG [main] org.apache.http.wire:  << "{[\n]"
2024-10-02 16:34:40,225 DEBUG [main] org.apache.http.wire:  << "  "data": {}[\n]"
2024-10-02 16:34:40,226 DEBUG [main] org.apache.http.wire:  << "}"
2024-10-02 16:34:40,226 DEBUG [main] org.apache.http.impl.conn.BasicClientConnectionManager: Releasing connection org.apache.http.impl.conn.ManagedClientConnectionImpl@3d40a3b4
2024-10-02 16:34:40,226 DEBUG [main] org.apache.http.impl.conn.BasicClientConnectionManager: Connection can be kept alive indefinitely
2024-10-02 16:34:40,227 INFO  [main] post_hook_Api_Testing.Post_Hook_API_Testing: Hook deleted successfully.
2024-10-02 16:36:45,851 DEBUG [main] org.apache.http.impl.conn.BasicClientConnectionManager: Get connection for route {s}->https://posthook-api.mock.beeceptor.com:443
2024-10-02 16:36:46,171 DEBUG [main] org.apache.http.impl.conn.DefaultClientConnectionOperator: Connecting to posthook-api.mock.beeceptor.com:443
2024-10-02 16:36:47,158 DEBUG [main] org.apache.http.client.protocol.RequestAddCookies: CookieSpec selected: ignoreCookies
2024-10-02 16:36:47,160 DEBUG [main] org.apache.http.client.protocol.RequestAuthCache: Auth cache not set in the context
2024-10-02 16:36:47,160 DEBUG [main] org.apache.http.client.protocol.RequestTargetAuthentication: Target auth state: UNCHALLENGED
2024-10-02 16:36:47,161 DEBUG [main] org.apache.http.client.protocol.RequestProxyAuthentication: Proxy auth state: UNCHALLENGED
2024-10-02 16:36:47,161 DEBUG [main] org.apache.http.impl.client.DefaultHttpClient: Attempt 1 to execute request
2024-10-02 16:36:47,161 DEBUG [main] org.apache.http.impl.conn.DefaultClientConnection: Sending request: POST /v1/hooks HTTP/1.1
2024-10-02 16:36:47,162 DEBUG [main] org.apache.http.wire:  >> "POST /v1/hooks HTTP/1.1[\r][\n]"
2024-10-02 16:36:47,163 DEBUG [main] org.apache.http.wire:  >> "Content-Type: application/x-www-form-urlencoded; charset=ISO-8859-1[\r][\n]"
2024-10-02 16:36:47,163 DEBUG [main] org.apache.http.wire:  >> "Accept: */*[\r][\n]"
2024-10-02 16:36:47,163 DEBUG [main] org.apache.http.wire:  >> "Content-Length: 0[\r][\n]"
2024-10-02 16:36:47,163 DEBUG [main] org.apache.http.wire:  >> "Host: posthook-api.mock.beeceptor.com[\r][\n]"
2024-10-02 16:36:47,163 DEBUG [main] org.apache.http.wire:  >> "Connection: Keep-Alive[\r][\n]"
2024-10-02 16:36:47,163 DEBUG [main] org.apache.http.wire:  >> "User-Agent: Apache-HttpClient/4.5.13 (Java/21.0.3)[\r][\n]"
2024-10-02 16:36:47,163 DEBUG [main] org.apache.http.wire:  >> "Accept-Encoding: gzip,deflate[\r][\n]"
2024-10-02 16:36:47,163 DEBUG [main] org.apache.http.wire:  >> "[\r][\n]"
2024-10-02 16:36:47,164 DEBUG [main] org.apache.http.headers: >> POST /v1/hooks HTTP/1.1
2024-10-02 16:36:47,164 DEBUG [main] org.apache.http.headers: >> Content-Type: application/x-www-form-urlencoded; charset=ISO-8859-1
2024-10-02 16:36:47,164 DEBUG [main] org.apache.http.headers: >> Accept: */*
2024-10-02 16:36:47,164 DEBUG [main] org.apache.http.headers: >> Content-Length: 0
2024-10-02 16:36:47,164 DEBUG [main] org.apache.http.headers: >> Host: posthook-api.mock.beeceptor.com
2024-10-02 16:36:47,164 DEBUG [main] org.apache.http.headers: >> Connection: Keep-Alive
2024-10-02 16:36:47,164 DEBUG [main] org.apache.http.headers: >> User-Agent: Apache-HttpClient/4.5.13 (Java/21.0.3)
2024-10-02 16:36:47,164 DEBUG [main] org.apache.http.headers: >> Accept-Encoding: gzip,deflate
2024-10-02 16:36:47,419 DEBUG [main] org.apache.http.wire:  << "HTTP/1.1 200 OK[\r][\n]"
2024-10-02 16:36:47,424 DEBUG [main] org.apache.http.wire:  << "Access-Control-Allow-Origin: *[\r][\n]"
2024-10-02 16:36:47,425 DEBUG [main] org.apache.http.wire:  << "Alt-Svc: h3=":443"; ma=2592000[\r][\n]"
2024-10-02 16:36:47,425 DEBUG [main] org.apache.http.wire:  << "Content-Length: 311[\r][\n]"
2024-10-02 16:36:47,425 DEBUG [main] org.apache.http.wire:  << "Content-Type: application/json[\r][\n]"
2024-10-02 16:36:47,425 DEBUG [main] org.apache.http.wire:  << "Date: Wed, 02 Oct 2024 11:06:45 GMT[\r][\n]"
2024-10-02 16:36:47,425 DEBUG [main] org.apache.http.wire:  << "Vary: Accept-Encoding[\r][\n]"
2024-10-02 16:36:47,426 DEBUG [main] org.apache.http.wire:  << "X-Beeceptor-Rule-Id: ujqmrpj43oo[\r][\n]"
2024-10-02 16:36:47,426 DEBUG [main] org.apache.http.wire:  << "[\r][\n]"
2024-10-02 16:36:47,430 DEBUG [main] org.apache.http.impl.conn.DefaultClientConnection: Receiving response: HTTP/1.1 200 OK
2024-10-02 16:36:47,430 DEBUG [main] org.apache.http.headers: << HTTP/1.1 200 OK
2024-10-02 16:36:47,431 DEBUG [main] org.apache.http.headers: << Access-Control-Allow-Origin: *
2024-10-02 16:36:47,431 DEBUG [main] org.apache.http.headers: << Alt-Svc: h3=":443"; ma=2592000
2024-10-02 16:36:47,431 DEBUG [main] org.apache.http.headers: << Content-Length: 311
2024-10-02 16:36:47,431 DEBUG [main] org.apache.http.headers: << Content-Type: application/json
2024-10-02 16:36:47,431 DEBUG [main] org.apache.http.headers: << Date: Wed, 02 Oct 2024 11:06:45 GMT
2024-10-02 16:36:47,431 DEBUG [main] org.apache.http.headers: << Vary: Accept-Encoding
2024-10-02 16:36:47,432 DEBUG [main] org.apache.http.headers: << X-Beeceptor-Rule-Id: ujqmrpj43oo
2024-10-02 16:36:47,439 DEBUG [main] org.apache.http.impl.client.DefaultHttpClient: Connection can be kept alive indefinitely
2024-10-02 16:36:47,504 DEBUG [main] io.restassured.internal.RequestSpecificationImpl$RestAssuredHttpBuilder: Parsing response as: application/json
2024-10-02 16:36:47,504 DEBUG [main] io.restassured.internal.RequestSpecificationImpl$RestAssuredHttpBuilder: Parsed data to instance of: class org.apache.http.conn.EofSensorInputStream
2024-10-02 16:36:47,673 INFO  [main] post_hook_Api_Testing.Post_Hook_API_Testing: Hook scheduled successfully.
2024-10-02 16:36:47,726 DEBUG [main] org.apache.http.impl.conn.BasicClientConnectionManager: Get connection for route {s}->https://posthook-api.mock.beeceptor.com:443
2024-10-02 16:36:47,727 DEBUG [main] org.apache.http.impl.conn.DefaultClientConnectionOperator: Connecting to posthook-api.mock.beeceptor.com:443
2024-10-02 16:36:48,299 DEBUG [main] org.apache.http.client.protocol.RequestAddCookies: CookieSpec selected: ignoreCookies
2024-10-02 16:36:48,300 DEBUG [main] org.apache.http.client.protocol.RequestAuthCache: Auth cache not set in the context
2024-10-02 16:36:48,300 DEBUG [main] org.apache.http.client.protocol.RequestTargetAuthentication: Target auth state: UNCHALLENGED
2024-10-02 16:36:48,300 DEBUG [main] org.apache.http.client.protocol.RequestProxyAuthentication: Proxy auth state: UNCHALLENGED
2024-10-02 16:36:48,300 DEBUG [main] org.apache.http.impl.client.DefaultHttpClient: Attempt 1 to execute request
2024-10-02 16:36:48,300 DEBUG [main] org.apache.http.impl.conn.DefaultClientConnection: Sending request: GET /v1/hooks HTTP/1.1
2024-10-02 16:36:48,300 DEBUG [main] org.apache.http.wire:  >> "GET /v1/hooks HTTP/1.1[\r][\n]"
2024-10-02 16:36:48,300 DEBUG [main] org.apache.http.wire:  >> "Accept: */*[\r][\n]"
2024-10-02 16:36:48,300 DEBUG [main] org.apache.http.wire:  >> "Host: posthook-api.mock.beeceptor.com[\r][\n]"
2024-10-02 16:36:48,300 DEBUG [main] org.apache.http.wire:  >> "Connection: Keep-Alive[\r][\n]"
2024-10-02 16:36:48,300 DEBUG [main] org.apache.http.wire:  >> "User-Agent: Apache-HttpClient/4.5.13 (Java/21.0.3)[\r][\n]"
2024-10-02 16:36:48,301 DEBUG [main] org.apache.http.wire:  >> "Accept-Encoding: gzip,deflate[\r][\n]"
2024-10-02 16:36:48,301 DEBUG [main] org.apache.http.wire:  >> "[\r][\n]"
2024-10-02 16:36:48,301 DEBUG [main] org.apache.http.headers: >> GET /v1/hooks HTTP/1.1
2024-10-02 16:36:48,301 DEBUG [main] org.apache.http.headers: >> Accept: */*
2024-10-02 16:36:48,301 DEBUG [main] org.apache.http.headers: >> Host: posthook-api.mock.beeceptor.com
2024-10-02 16:36:48,301 DEBUG [main] org.apache.http.headers: >> Connection: Keep-Alive
2024-10-02 16:36:48,301 DEBUG [main] org.apache.http.headers: >> User-Agent: Apache-HttpClient/4.5.13 (Java/21.0.3)
2024-10-02 16:36:48,301 DEBUG [main] org.apache.http.headers: >> Accept-Encoding: gzip,deflate
2024-10-02 16:36:48,630 DEBUG [main] org.apache.http.wire:  << "HTTP/1.1 200 OK[\r][\n]"
2024-10-02 16:36:48,631 DEBUG [main] org.apache.http.wire:  << "Access-Control-Allow-Origin: *[\r][\n]"
2024-10-02 16:36:48,631 DEBUG [main] org.apache.http.wire:  << "Alt-Svc: h3=":443"; ma=2592000[\r][\n]"
2024-10-02 16:36:48,631 DEBUG [main] org.apache.http.wire:  << "Content-Length: 1078[\r][\n]"
2024-10-02 16:36:48,631 DEBUG [main] org.apache.http.wire:  << "Content-Type: application/json[\r][\n]"
2024-10-02 16:36:48,632 DEBUG [main] org.apache.http.wire:  << "Date: Wed, 02 Oct 2024 11:06:46 GMT[\r][\n]"
2024-10-02 16:36:48,632 DEBUG [main] org.apache.http.wire:  << "Vary: Accept-Encoding[\r][\n]"
2024-10-02 16:36:48,632 DEBUG [main] org.apache.http.wire:  << "X-Beeceptor-Rule-Id: 9ozlian5ysr[\r][\n]"
2024-10-02 16:36:48,632 DEBUG [main] org.apache.http.wire:  << "[\r][\n]"
2024-10-02 16:36:48,633 DEBUG [main] org.apache.http.impl.conn.DefaultClientConnection: Receiving response: HTTP/1.1 200 OK
2024-10-02 16:36:48,633 DEBUG [main] org.apache.http.headers: << HTTP/1.1 200 OK
2024-10-02 16:36:48,633 DEBUG [main] org.apache.http.headers: << Access-Control-Allow-Origin: *
2024-10-02 16:36:48,634 DEBUG [main] org.apache.http.headers: << Alt-Svc: h3=":443"; ma=2592000
2024-10-02 16:36:48,634 DEBUG [main] org.apache.http.headers: << Content-Length: 1078
2024-10-02 16:36:48,634 DEBUG [main] org.apache.http.headers: << Content-Type: application/json
2024-10-02 16:36:48,634 DEBUG [main] org.apache.http.headers: << Date: Wed, 02 Oct 2024 11:06:46 GMT
2024-10-02 16:36:48,634 DEBUG [main] org.apache.http.headers: << Vary: Accept-Encoding
2024-10-02 16:36:48,634 DEBUG [main] org.apache.http.headers: << X-Beeceptor-Rule-Id: 9ozlian5ysr
2024-10-02 16:36:48,635 DEBUG [main] org.apache.http.impl.client.DefaultHttpClient: Connection can be kept alive indefinitely
2024-10-02 16:36:48,636 DEBUG [main] io.restassured.internal.RequestSpecificationImpl$RestAssuredHttpBuilder: Parsing response as: application/json
2024-10-02 16:36:48,636 DEBUG [main] io.restassured.internal.RequestSpecificationImpl$RestAssuredHttpBuilder: Parsed data to instance of: class org.apache.http.conn.EofSensorInputStream
2024-10-02 16:36:48,690 DEBUG [main] org.apache.http.wire:  << "{[\n]"
2024-10-02 16:36:48,690 DEBUG [main] org.apache.http.wire:  << "  "data": [[\n]"
2024-10-02 16:36:48,690 DEBUG [main] org.apache.http.wire:  << "    {[\n]"
2024-10-02 16:36:48,690 DEBUG [main] org.apache.http.wire:  << "      "id": "8e3aa909-fb84-4495-944d-a4c192defe66",[\n]"
2024-10-02 16:36:48,690 DEBUG [main] org.apache.http.wire:  << "      "path": "/webhooks/ph/event_reminder",[\n]"
2024-10-02 16:36:48,690 DEBUG [main] org.apache.http.wire:  << "      "domain": "posthook.io",[\n]"
2024-10-02 16:36:48,690 DEBUG [main] org.apache.http.wire:  << "      "data": {[\n]"
2024-10-02 16:36:48,690 DEBUG [main] org.apache.http.wire:  << "        "eventID": 25[\n]"
2024-10-02 16:36:48,690 DEBUG [main] org.apache.http.wire:  << "      },[\n]"
2024-10-02 16:36:48,690 DEBUG [main] org.apache.http.wire:  << "      "postAt": "2018-07-19T21:00:00Z",[\n]"
2024-10-02 16:36:48,690 DEBUG [main] org.apache.http.wire:  << "      "status": "pending",[\n]"
2024-10-02 16:36:48,691 DEBUG [main] org.apache.http.wire:  << "      "createdAt": "2018-04-30T17:45:20.68114Z",[\n]"
2024-10-02 16:36:48,691 DEBUG [main] org.apache.http.wire:  << "      "updatedAt": "2018-04-30T17:45:20.68114Z"[\n]"
2024-10-02 16:36:48,691 DEBUG [main] org.apache.http.wire:  << "    },[\n]"
2024-10-02 16:36:48,691 DEBUG [main] org.apache.http.wire:  << "    {[\n]"
2024-10-02 16:36:48,691 DEBUG [main] org.apache.http.wire:  << "      "id": "c1ec9560-65fc-4b88-bfe0-1bc6e56cb3db",[\n]"
2024-10-02 16:36:48,691 DEBUG [main] org.apache.http.wire:  << "      "path": "/webhooks/ph/event_reminder",[\n]"
2024-10-02 16:36:48,691 DEBUG [main] org.apache.http.wire:  << "      "domain": "posthook.io",[\n]"
2024-10-02 16:36:48,691 DEBUG [main] org.apache.http.wire:  << "      "data": {[\n]"
2024-10-02 16:36:48,691 DEBUG [main] org.apache.http.wire:  << "        "eventID": 25[\n]"
2024-10-02 16:36:48,691 DEBUG [main] org.apache.http.wire:  << "      },[\n]"
2024-10-02 16:36:48,691 DEBUG [main] org.apache.http.wire:  << "      "postAt": "2018-07-17T21:00:00Z",[\n]"
2024-10-02 16:36:48,691 DEBUG [main] org.apache.http.wire:  << "      "status": "pending",[\n]"
2024-10-02 16:36:48,691 DEBUG [main] org.apache.http.wire:  << "      "createdAt": "2018-04-30T17:45:16.097812Z",[\n]"
2024-10-02 16:36:48,691 DEBUG [main] org.apache.http.wire:  << "      "updatedAt": "2018-04-30T17:45:16.097812Z"[\n]"
2024-10-02 16:36:48,692 DEBUG [main] org.apache.http.wire:  << "    },[\n]"
2024-10-02 16:36:48,692 DEBUG [main] org.apache.http.wire:  << "    {[\n]"
2024-10-02 16:36:48,692 DEBUG [main] org.apache.http.wire:  << "      "id": "6ab4d4d5-4767-452d-b72f-6ec40562b27e",[\n]"
2024-10-02 16:36:48,692 DEBUG [main] org.apache.http.wire:  << "      "path": "/webhooks/ph/event_reminder",[\n]"
2024-10-02 16:36:48,692 DEBUG [main] org.apache.http.wire:  << "      "domain": "posthook.io",[\n]"
2024-10-02 16:36:48,692 DEBUG [main] org.apache.http.wire:  << "      "data": {[\n]"
2024-10-02 16:36:48,692 DEBUG [main] org.apache.http.wire:  << "        "eventID": 25[\n]"
2024-10-02 16:36:48,692 DEBUG [main] org.apache.http.wire:  << "      },[\n]"
2024-10-02 16:36:48,692 DEBUG [main] org.apache.http.wire:  << "      "postAt": "2018-07-15T21:00:00Z",[\n]"
2024-10-02 16:36:48,692 DEBUG [main] org.apache.http.wire:  << "      "status""
2024-10-02 16:36:48,694 DEBUG [main] org.apache.http.wire:  << ": "pending",[\n]"
2024-10-02 16:36:48,694 DEBUG [main] org.apache.http.wire:  << "      "createdAt": "2018-04-30T17:45:06.475047Z",[\n]"
2024-10-02 16:36:48,694 DEBUG [main] org.apache.http.wire:  << "      "updatedAt": "2018-04-30T17:45:06.475047Z"[\n]"
2024-10-02 16:36:48,695 DEBUG [main] org.apache.http.wire:  << "    }[\n]"
2024-10-02 16:36:48,695 DEBUG [main] org.apache.http.wire:  << "  ][\n]"
2024-10-02 16:36:48,695 DEBUG [main] org.apache.http.wire:  << "}"
2024-10-02 16:36:48,695 DEBUG [main] org.apache.http.impl.conn.BasicClientConnectionManager: Releasing connection org.apache.http.impl.conn.ManagedClientConnectionImpl@9b5f3c7
2024-10-02 16:36:48,695 DEBUG [main] org.apache.http.impl.conn.BasicClientConnectionManager: Connection can be kept alive indefinitely
2024-10-02 16:36:48,814 INFO  [main] post_hook_Api_Testing.Post_Hook_API_Testing: Hooks fetched successfully.
2024-10-02 16:36:48,836 DEBUG [main] org.apache.http.impl.conn.BasicClientConnectionManager: Get connection for route {s}->https://posthook-api.mock.beeceptor.com:443
2024-10-02 16:36:48,837 DEBUG [main] org.apache.http.impl.conn.DefaultClientConnectionOperator: Connecting to posthook-api.mock.beeceptor.com:443
2024-10-02 16:36:49,470 DEBUG [main] org.apache.http.client.protocol.RequestAddCookies: CookieSpec selected: ignoreCookies
2024-10-02 16:36:49,470 DEBUG [main] org.apache.http.client.protocol.RequestAuthCache: Auth cache not set in the context
2024-10-02 16:36:49,470 DEBUG [main] org.apache.http.client.protocol.RequestTargetAuthentication: Target auth state: UNCHALLENGED
2024-10-02 16:36:49,470 DEBUG [main] org.apache.http.client.protocol.RequestProxyAuthentication: Proxy auth state: UNCHALLENGED
2024-10-02 16:36:49,470 DEBUG [main] org.apache.http.impl.client.DefaultHttpClient: Attempt 1 to execute request
2024-10-02 16:36:49,471 DEBUG [main] org.apache.http.impl.conn.DefaultClientConnection: Sending request: GET /v1/hooks/c1ec9560-65fc-4b88-bfe0-1bc6e56cb3db HTTP/1.1
2024-10-02 16:36:49,471 DEBUG [main] org.apache.http.wire:  >> "GET /v1/hooks/c1ec9560-65fc-4b88-bfe0-1bc6e56cb3db HTTP/1.1[\r][\n]"
2024-10-02 16:36:49,471 DEBUG [main] org.apache.http.wire:  >> "Accept: */*[\r][\n]"
2024-10-02 16:36:49,472 DEBUG [main] org.apache.http.wire:  >> "Host: posthook-api.mock.beeceptor.com[\r][\n]"
2024-10-02 16:36:49,472 DEBUG [main] org.apache.http.wire:  >> "Connection: Keep-Alive[\r][\n]"
2024-10-02 16:36:49,472 DEBUG [main] org.apache.http.wire:  >> "User-Agent: Apache-HttpClient/4.5.13 (Java/21.0.3)[\r][\n]"
2024-10-02 16:36:49,473 DEBUG [main] org.apache.http.wire:  >> "Accept-Encoding: gzip,deflate[\r][\n]"
2024-10-02 16:36:49,473 DEBUG [main] org.apache.http.wire:  >> "[\r][\n]"
2024-10-02 16:36:49,473 DEBUG [main] org.apache.http.headers: >> GET /v1/hooks/c1ec9560-65fc-4b88-bfe0-1bc6e56cb3db HTTP/1.1
2024-10-02 16:36:49,473 DEBUG [main] org.apache.http.headers: >> Accept: */*
2024-10-02 16:36:49,474 DEBUG [main] org.apache.http.headers: >> Host: posthook-api.mock.beeceptor.com
2024-10-02 16:36:49,474 DEBUG [main] org.apache.http.headers: >> Connection: Keep-Alive
2024-10-02 16:36:49,474 DEBUG [main] org.apache.http.headers: >> User-Agent: Apache-HttpClient/4.5.13 (Java/21.0.3)
2024-10-02 16:36:49,474 DEBUG [main] org.apache.http.headers: >> Accept-Encoding: gzip,deflate
2024-10-02 16:36:49,756 DEBUG [main] org.apache.http.wire:  << "HTTP/1.1 200 OK[\r][\n]"
2024-10-02 16:36:49,758 DEBUG [main] org.apache.http.wire:  << "Access-Control-Allow-Origin: *[\r][\n]"
2024-10-02 16:36:49,759 DEBUG [main] org.apache.http.wire:  << "Alt-Svc: h3=":443"; ma=2592000[\r][\n]"
2024-10-02 16:36:49,759 DEBUG [main] org.apache.http.wire:  << "Content-Length: 1078[\r][\n]"
2024-10-02 16:36:49,759 DEBUG [main] org.apache.http.wire:  << "Content-Type: application/json[\r][\n]"
2024-10-02 16:36:49,760 DEBUG [main] org.apache.http.wire:  << "Date: Wed, 02 Oct 2024 11:06:47 GMT[\r][\n]"
2024-10-02 16:36:49,760 DEBUG [main] org.apache.http.wire:  << "Vary: Accept-Encoding[\r][\n]"
2024-10-02 16:36:49,760 DEBUG [main] org.apache.http.wire:  << "X-Beeceptor-Rule-Id: 9ozlian5ysr[\r][\n]"
2024-10-02 16:36:49,760 DEBUG [main] org.apache.http.wire:  << "[\r][\n]"
2024-10-02 16:36:49,760 DEBUG [main] org.apache.http.impl.conn.DefaultClientConnection: Receiving response: HTTP/1.1 200 OK
2024-10-02 16:36:49,761 DEBUG [main] org.apache.http.headers: << HTTP/1.1 200 OK
2024-10-02 16:36:49,762 DEBUG [main] org.apache.http.headers: << Access-Control-Allow-Origin: *
2024-10-02 16:36:49,762 DEBUG [main] org.apache.http.headers: << Alt-Svc: h3=":443"; ma=2592000
2024-10-02 16:36:49,762 DEBUG [main] org.apache.http.headers: << Content-Length: 1078
2024-10-02 16:36:49,763 DEBUG [main] org.apache.http.headers: << Content-Type: application/json
2024-10-02 16:36:49,763 DEBUG [main] org.apache.http.headers: << Date: Wed, 02 Oct 2024 11:06:47 GMT
2024-10-02 16:36:49,763 DEBUG [main] org.apache.http.headers: << Vary: Accept-Encoding
2024-10-02 16:36:49,763 DEBUG [main] org.apache.http.headers: << X-Beeceptor-Rule-Id: 9ozlian5ysr
2024-10-02 16:36:49,763 DEBUG [main] org.apache.http.impl.client.DefaultHttpClient: Connection can be kept alive indefinitely
2024-10-02 16:36:49,764 DEBUG [main] io.restassured.internal.RequestSpecificationImpl$RestAssuredHttpBuilder: Parsing response as: application/json
2024-10-02 16:36:49,764 DEBUG [main] io.restassured.internal.RequestSpecificationImpl$RestAssuredHttpBuilder: Parsed data to instance of: class org.apache.http.conn.EofSensorInputStream
2024-10-02 16:36:49,771 DEBUG [main] org.apache.http.wire:  << "{[\n]"
2024-10-02 16:36:49,771 DEBUG [main] org.apache.http.wire:  << "  "data": [[\n]"
2024-10-02 16:36:49,772 DEBUG [main] org.apache.http.wire:  << "    {[\n]"
2024-10-02 16:36:49,772 DEBUG [main] org.apache.http.wire:  << "      "id": "8e3aa909-fb84-4495-944d-a4c192defe66",[\n]"
2024-10-02 16:36:49,772 DEBUG [main] org.apache.http.wire:  << "      "path": "/webhooks/ph/event_reminder",[\n]"
2024-10-02 16:36:49,772 DEBUG [main] org.apache.http.wire:  << "      "domain": "posthook.io",[\n]"
2024-10-02 16:36:49,772 DEBUG [main] org.apache.http.wire:  << "      "data": {[\n]"
2024-10-02 16:36:49,773 DEBUG [main] org.apache.http.wire:  << "        "eventID": 25[\n]"
2024-10-02 16:36:49,773 DEBUG [main] org.apache.http.wire:  << "      },[\n]"
2024-10-02 16:36:49,775 DEBUG [main] org.apache.http.wire:  << "      "postAt": "2018-07-19T21:00:00Z",[\n]"
2024-10-02 16:36:49,775 DEBUG [main] org.apache.http.wire:  << "      "status": "pending",[\n]"
2024-10-02 16:36:49,775 DEBUG [main] org.apache.http.wire:  << "      "createdAt": "2018-04-30T17:45:20.68114Z",[\n]"
2024-10-02 16:36:49,775 DEBUG [main] org.apache.http.wire:  << "      "updatedAt": "2018-04-30T17:45:20.68114Z"[\n]"
2024-10-02 16:36:49,775 DEBUG [main] org.apache.http.wire:  << "    },[\n]"
2024-10-02 16:36:49,775 DEBUG [main] org.apache.http.wire:  << "    {[\n]"
2024-10-02 16:36:49,776 DEBUG [main] org.apache.http.wire:  << "      "id": "c1ec9560-65fc-4b88-bfe0-1bc6e56cb3db",[\n]"
2024-10-02 16:36:49,776 DEBUG [main] org.apache.http.wire:  << "      "path": "/webhooks/ph/event_reminder",[\n]"
2024-10-02 16:36:49,776 DEBUG [main] org.apache.http.wire:  << "      "domain": "posthook.io",[\n]"
2024-10-02 16:36:49,776 DEBUG [main] org.apache.http.wire:  << "      "data": {[\n]"
2024-10-02 16:36:49,776 DEBUG [main] org.apache.http.wire:  << "        "eventID": 25[\n]"
2024-10-02 16:36:49,776 DEBUG [main] org.apache.http.wire:  << "      },[\n]"
2024-10-02 16:36:49,776 DEBUG [main] org.apache.http.wire:  << "      "postAt": "2018-07-17T21:00:00Z",[\n]"
2024-10-02 16:36:49,776 DEBUG [main] org.apache.http.wire:  << "      "status": "pending",[\n]"
2024-10-02 16:36:49,776 DEBUG [main] org.apache.http.wire:  << "      "createdAt": "2018-04-30T17:45:16.097812Z",[\n]"
2024-10-02 16:36:49,776 DEBUG [main] org.apache.http.wire:  << "      "updatedAt": "2018-04-30T17:45:16.097812Z"[\n]"
2024-10-02 16:36:49,776 DEBUG [main] org.apache.http.wire:  << "    },[\n]"
2024-10-02 16:36:49,776 DEBUG [main] org.apache.http.wire:  << "    {[\n]"
2024-10-02 16:36:49,776 DEBUG [main] org.apache.http.wire:  << "      "id": "6ab4d4d5-4767-452d-b72f-6ec40562b27e",[\n]"
2024-10-02 16:36:49,777 DEBUG [main] org.apache.http.wire:  << "      "path": "/webhooks/ph/event_reminder",[\n]"
2024-10-02 16:36:49,777 DEBUG [main] org.apache.http.wire:  << "      "domain": "posthook.io",[\n]"
2024-10-02 16:36:49,777 DEBUG [main] org.apache.http.wire:  << "      "data": {[\n]"
2024-10-02 16:36:49,777 DEBUG [main] org.apache.http.wire:  << "        "eventID": 25[\n]"
2024-10-02 16:36:49,777 DEBUG [main] org.apache.http.wire:  << "      },[\n]"
2024-10-02 16:36:49,777 DEBUG [main] org.apache.http.wire:  << "      "postAt": "2018-07-15T21:00:00Z",[\n]"
2024-10-02 16:36:49,777 DEBUG [main] org.apache.http.wire:  << "      "status""
2024-10-02 16:36:49,778 DEBUG [main] org.apache.http.wire:  << ": "pending",[\n]"
2024-10-02 16:36:49,778 DEBUG [main] org.apache.http.wire:  << "      "createdAt": "2018-04-30T17:45:06.475047Z",[\n]"
2024-10-02 16:36:49,779 DEBUG [main] org.apache.http.wire:  << "      "updatedAt": "2018-04-30T17:45:06.475047Z"[\n]"
2024-10-02 16:36:49,779 DEBUG [main] org.apache.http.wire:  << "    }[\n]"
2024-10-02 16:36:49,779 DEBUG [main] org.apache.http.wire:  << "  ][\n]"
2024-10-02 16:36:49,779 DEBUG [main] org.apache.http.wire:  << "}"
2024-10-02 16:36:49,779 DEBUG [main] org.apache.http.impl.conn.BasicClientConnectionManager: Releasing connection org.apache.http.impl.conn.ManagedClientConnectionImpl@53f0d09c
2024-10-02 16:36:49,779 DEBUG [main] org.apache.http.impl.conn.BasicClientConnectionManager: Connection can be kept alive indefinitely
2024-10-02 16:36:49,793 INFO  [main] post_hook_Api_Testing.Post_Hook_API_Testing: Hook fetched successfully.
2024-10-02 16:36:49,825 DEBUG [main] org.apache.http.impl.conn.BasicClientConnectionManager: Get connection for route {s}->https://posthook-api.mock.beeceptor.com:443
2024-10-02 16:36:49,825 DEBUG [main] org.apache.http.impl.conn.DefaultClientConnectionOperator: Connecting to posthook-api.mock.beeceptor.com:443
2024-10-02 16:36:50,389 DEBUG [main] org.apache.http.client.protocol.RequestAddCookies: CookieSpec selected: ignoreCookies
2024-10-02 16:36:50,389 DEBUG [main] org.apache.http.client.protocol.RequestAuthCache: Auth cache not set in the context
2024-10-02 16:36:50,389 DEBUG [main] org.apache.http.client.protocol.RequestTargetAuthentication: Target auth state: UNCHALLENGED
2024-10-02 16:36:50,389 DEBUG [main] org.apache.http.client.protocol.RequestProxyAuthentication: Proxy auth state: UNCHALLENGED
2024-10-02 16:36:50,390 DEBUG [main] org.apache.http.impl.client.DefaultHttpClient: Attempt 1 to execute request
2024-10-02 16:36:50,390 DEBUG [main] org.apache.http.impl.conn.DefaultClientConnection: Sending request: PUT /v1/projects/ HTTP/1.1
2024-10-02 16:36:50,390 DEBUG [main] org.apache.http.wire:  >> "PUT /v1/projects/ HTTP/1.1[\r][\n]"
2024-10-02 16:36:50,390 DEBUG [main] org.apache.http.wire:  >> "Accept: */*[\r][\n]"
2024-10-02 16:36:50,390 DEBUG [main] org.apache.http.wire:  >> "Content-Type: application/json[\r][\n]"
2024-10-02 16:36:50,390 DEBUG [main] org.apache.http.wire:  >> "Content-Length: 112[\r][\n]"
2024-10-02 16:36:50,390 DEBUG [main] org.apache.http.wire:  >> "Host: posthook-api.mock.beeceptor.com[\r][\n]"
2024-10-02 16:36:50,390 DEBUG [main] org.apache.http.wire:  >> "Connection: Keep-Alive[\r][\n]"
2024-10-02 16:36:50,391 DEBUG [main] org.apache.http.wire:  >> "User-Agent: Apache-HttpClient/4.5.13 (Java/21.0.3)[\r][\n]"
2024-10-02 16:36:50,391 DEBUG [main] org.apache.http.wire:  >> "Accept-Encoding: gzip,deflate[\r][\n]"
2024-10-02 16:36:50,391 DEBUG [main] org.apache.http.wire:  >> "[\r][\n]"
2024-10-02 16:36:50,391 DEBUG [main] org.apache.http.headers: >> PUT /v1/projects/ HTTP/1.1
2024-10-02 16:36:50,391 DEBUG [main] org.apache.http.headers: >> Accept: */*
2024-10-02 16:36:50,391 DEBUG [main] org.apache.http.headers: >> Content-Type: application/json
2024-10-02 16:36:50,391 DEBUG [main] org.apache.http.headers: >> Content-Length: 112
2024-10-02 16:36:50,391 DEBUG [main] org.apache.http.headers: >> Host: posthook-api.mock.beeceptor.com
2024-10-02 16:36:50,391 DEBUG [main] org.apache.http.headers: >> Connection: Keep-Alive
2024-10-02 16:36:50,391 DEBUG [main] org.apache.http.headers: >> User-Agent: Apache-HttpClient/4.5.13 (Java/21.0.3)
2024-10-02 16:36:50,391 DEBUG [main] org.apache.http.headers: >> Accept-Encoding: gzip,deflate
2024-10-02 16:36:50,392 DEBUG [main] org.apache.http.wire:  >> "{"retryDelaySecs":5,"domain":"api.example.com","headerAuthorization":"","name":"updated-project","minRetries":1}"
2024-10-02 16:36:50,676 DEBUG [main] org.apache.http.wire:  << "HTTP/1.1 200 OK[\r][\n]"
2024-10-02 16:36:50,677 DEBUG [main] org.apache.http.wire:  << "Access-Control-Allow-Origin: *[\r][\n]"
2024-10-02 16:36:50,677 DEBUG [main] org.apache.http.wire:  << "Alt-Svc: h3=":443"; ma=2592000[\r][\n]"
2024-10-02 16:36:50,677 DEBUG [main] org.apache.http.wire:  << "Content-Length: 143[\r][\n]"
2024-10-02 16:36:50,677 DEBUG [main] org.apache.http.wire:  << "Content-Type: application/json[\r][\n]"
2024-10-02 16:36:50,677 DEBUG [main] org.apache.http.wire:  << "Date: Wed, 02 Oct 2024 11:06:48 GMT[\r][\n]"
2024-10-02 16:36:50,677 DEBUG [main] org.apache.http.wire:  << "Vary: Accept-Encoding[\r][\n]"
2024-10-02 16:36:50,677 DEBUG [main] org.apache.http.wire:  << "X-Beeceptor-Rule-Id: jx4oqx8vtz7[\r][\n]"
2024-10-02 16:36:50,677 DEBUG [main] org.apache.http.wire:  << "[\r][\n]"
2024-10-02 16:36:50,677 DEBUG [main] org.apache.http.impl.conn.DefaultClientConnection: Receiving response: HTTP/1.1 200 OK
2024-10-02 16:36:50,677 DEBUG [main] org.apache.http.headers: << HTTP/1.1 200 OK
2024-10-02 16:36:50,677 DEBUG [main] org.apache.http.headers: << Access-Control-Allow-Origin: *
2024-10-02 16:36:50,677 DEBUG [main] org.apache.http.headers: << Alt-Svc: h3=":443"; ma=2592000
2024-10-02 16:36:50,677 DEBUG [main] org.apache.http.headers: << Content-Length: 143
2024-10-02 16:36:50,677 DEBUG [main] org.apache.http.headers: << Content-Type: application/json
2024-10-02 16:36:50,677 DEBUG [main] org.apache.http.headers: << Date: Wed, 02 Oct 2024 11:06:48 GMT
2024-10-02 16:36:50,677 DEBUG [main] org.apache.http.headers: << Vary: Accept-Encoding
2024-10-02 16:36:50,677 DEBUG [main] org.apache.http.headers: << X-Beeceptor-Rule-Id: jx4oqx8vtz7
2024-10-02 16:36:50,678 DEBUG [main] org.apache.http.impl.client.DefaultHttpClient: Connection can be kept alive indefinitely
2024-10-02 16:36:50,678 DEBUG [main] io.restassured.internal.RequestSpecificationImpl$RestAssuredHttpBuilder: Parsing response as: application/json
2024-10-02 16:36:50,678 DEBUG [main] io.restassured.internal.RequestSpecificationImpl$RestAssuredHttpBuilder: Parsed data to instance of: class org.apache.http.conn.EofSensorInputStream
2024-10-02 16:36:50,681 DEBUG [main] org.apache.http.wire:  << "{[\n]"
2024-10-02 16:36:50,681 DEBUG [main] org.apache.http.wire:  << "    "name": "updated-project",[\n]"
2024-10-02 16:36:50,681 DEBUG [main] org.apache.http.wire:  << "    "domain": "api.example.com",[\n]"
2024-10-02 16:36:50,681 DEBUG [main] org.apache.http.wire:  << "    "headerAuthorization": "",[\n]"
2024-10-02 16:36:50,681 DEBUG [main] org.apache.http.wire:  << "    "minRetries": 1,[\n]"
2024-10-02 16:36:50,681 DEBUG [main] org.apache.http.wire:  << "    "retryDelaySecs": 5[\n]"
2024-10-02 16:36:50,681 DEBUG [main] org.apache.http.wire:  << "}"
2024-10-02 16:36:50,681 DEBUG [main] org.apache.http.impl.conn.BasicClientConnectionManager: Releasing connection org.apache.http.impl.conn.ManagedClientConnectionImpl@6babffb5
2024-10-02 16:36:50,681 DEBUG [main] org.apache.http.impl.conn.BasicClientConnectionManager: Connection can be kept alive indefinitely
2024-10-02 16:36:50,682 INFO  [main] post_hook_Api_Testing.Post_Hook_API_Testing: Hook updated successfully.
2024-10-02 16:36:50,705 DEBUG [main] org.apache.http.impl.conn.BasicClientConnectionManager: Get connection for route {s}->https://posthook-api.mock.beeceptor.com:443
2024-10-02 16:36:50,705 DEBUG [main] org.apache.http.impl.conn.DefaultClientConnectionOperator: Connecting to posthook-api.mock.beeceptor.com:443
2024-10-02 16:36:51,257 DEBUG [main] org.apache.http.client.protocol.RequestAddCookies: CookieSpec selected: ignoreCookies
2024-10-02 16:36:51,257 DEBUG [main] org.apache.http.client.protocol.RequestAuthCache: Auth cache not set in the context
2024-10-02 16:36:51,257 DEBUG [main] org.apache.http.client.protocol.RequestTargetAuthentication: Target auth state: UNCHALLENGED
2024-10-02 16:36:51,257 DEBUG [main] org.apache.http.client.protocol.RequestProxyAuthentication: Proxy auth state: UNCHALLENGED
2024-10-02 16:36:51,258 DEBUG [main] org.apache.http.impl.client.DefaultHttpClient: Attempt 1 to execute request
2024-10-02 16:36:51,258 DEBUG [main] org.apache.http.impl.conn.DefaultClientConnection: Sending request: DELETE /v1/hooks/c1ec9560-65fc-4b88-bfe0-1bc6e56cb3db HTTP/1.1
2024-10-02 16:36:51,258 DEBUG [main] org.apache.http.wire:  >> "DELETE /v1/hooks/c1ec9560-65fc-4b88-bfe0-1bc6e56cb3db HTTP/1.1[\r][\n]"
2024-10-02 16:36:51,258 DEBUG [main] org.apache.http.wire:  >> "Accept: */*[\r][\n]"
2024-10-02 16:36:51,258 DEBUG [main] org.apache.http.wire:  >> "Host: posthook-api.mock.beeceptor.com[\r][\n]"
2024-10-02 16:36:51,258 DEBUG [main] org.apache.http.wire:  >> "Connection: Keep-Alive[\r][\n]"
2024-10-02 16:36:51,259 DEBUG [main] org.apache.http.wire:  >> "User-Agent: Apache-HttpClient/4.5.13 (Java/21.0.3)[\r][\n]"
2024-10-02 16:36:51,259 DEBUG [main] org.apache.http.wire:  >> "Accept-Encoding: gzip,deflate[\r][\n]"
2024-10-02 16:36:51,259 DEBUG [main] org.apache.http.wire:  >> "[\r][\n]"
2024-10-02 16:36:51,259 DEBUG [main] org.apache.http.headers: >> DELETE /v1/hooks/c1ec9560-65fc-4b88-bfe0-1bc6e56cb3db HTTP/1.1
2024-10-02 16:36:51,259 DEBUG [main] org.apache.http.headers: >> Accept: */*
2024-10-02 16:36:51,259 DEBUG [main] org.apache.http.headers: >> Host: posthook-api.mock.beeceptor.com
2024-10-02 16:36:51,259 DEBUG [main] org.apache.http.headers: >> Connection: Keep-Alive
2024-10-02 16:36:51,259 DEBUG [main] org.apache.http.headers: >> User-Agent: Apache-HttpClient/4.5.13 (Java/21.0.3)
2024-10-02 16:36:51,259 DEBUG [main] org.apache.http.headers: >> Accept-Encoding: gzip,deflate
2024-10-02 16:36:51,599 DEBUG [main] org.apache.http.wire:  << "HTTP/1.1 200 OK[\r][\n]"
2024-10-02 16:36:51,599 DEBUG [main] org.apache.http.wire:  << "Access-Control-Allow-Origin: *[\r][\n]"
2024-10-02 16:36:51,600 DEBUG [main] org.apache.http.wire:  << "Alt-Svc: h3=":443"; ma=2592000[\r][\n]"
2024-10-02 16:36:51,600 DEBUG [main] org.apache.http.wire:  << "Content-Length: 16[\r][\n]"
2024-10-02 16:36:51,600 DEBUG [main] org.apache.http.wire:  << "Content-Type: application/json[\r][\n]"
2024-10-02 16:36:51,601 DEBUG [main] org.apache.http.wire:  << "Date: Wed, 02 Oct 2024 11:06:49 GMT[\r][\n]"
2024-10-02 16:36:51,601 DEBUG [main] org.apache.http.wire:  << "Vary: Accept-Encoding[\r][\n]"
2024-10-02 16:36:51,602 DEBUG [main] org.apache.http.wire:  << "X-Beeceptor-Rule-Id: mgkqz70kxf[\r][\n]"
2024-10-02 16:36:51,602 DEBUG [main] org.apache.http.wire:  << "[\r][\n]"
2024-10-02 16:36:51,602 DEBUG [main] org.apache.http.impl.conn.DefaultClientConnection: Receiving response: HTTP/1.1 200 OK
2024-10-02 16:36:51,602 DEBUG [main] org.apache.http.headers: << HTTP/1.1 200 OK
2024-10-02 16:36:51,602 DEBUG [main] org.apache.http.headers: << Access-Control-Allow-Origin: *
2024-10-02 16:36:51,603 DEBUG [main] org.apache.http.headers: << Alt-Svc: h3=":443"; ma=2592000
2024-10-02 16:36:51,603 DEBUG [main] org.apache.http.headers: << Content-Length: 16
2024-10-02 16:36:51,603 DEBUG [main] org.apache.http.headers: << Content-Type: application/json
2024-10-02 16:36:51,603 DEBUG [main] org.apache.http.headers: << Date: Wed, 02 Oct 2024 11:06:49 GMT
2024-10-02 16:36:51,603 DEBUG [main] org.apache.http.headers: << Vary: Accept-Encoding
2024-10-02 16:36:51,603 DEBUG [main] org.apache.http.headers: << X-Beeceptor-Rule-Id: mgkqz70kxf
2024-10-02 16:36:51,604 DEBUG [main] org.apache.http.impl.client.DefaultHttpClient: Connection can be kept alive indefinitely
2024-10-02 16:36:51,605 DEBUG [main] io.restassured.internal.RequestSpecificationImpl$RestAssuredHttpBuilder: Parsing response as: application/json
2024-10-02 16:36:51,605 DEBUG [main] io.restassured.internal.RequestSpecificationImpl$RestAssuredHttpBuilder: Parsed data to instance of: class org.apache.http.conn.EofSensorInputStream
2024-10-02 16:36:51,608 DEBUG [main] org.apache.http.wire:  << "{[\n]"
2024-10-02 16:36:51,608 DEBUG [main] org.apache.http.wire:  << "  "data": {}[\n]"
2024-10-02 16:36:51,608 DEBUG [main] org.apache.http.wire:  << "}"
2024-10-02 16:36:51,608 DEBUG [main] org.apache.http.impl.conn.BasicClientConnectionManager: Releasing connection org.apache.http.impl.conn.ManagedClientConnectionImpl@7a1b8a46
2024-10-02 16:36:51,608 DEBUG [main] org.apache.http.impl.conn.BasicClientConnectionManager: Connection can be kept alive indefinitely
2024-10-02 16:36:51,609 INFO  [main] post_hook_Api_Testing.Post_Hook_API_Testing: Hook deleted successfully.
2024-10-02 16:36:51,681 DEBUG [main] freemarker.cache: Couldn't find template in cache for "spark/spark.spa.ftl"("en_IN", UTF-8, parsed); will try to load it.
2024-10-02 16:36:51,683 DEBUG [main] freemarker.cache: TemplateLoader.findTemplateSource("spark/spark.spa_en_IN.ftl"): Not found
2024-10-02 16:36:51,685 DEBUG [main] freemarker.cache: TemplateLoader.findTemplateSource("spark/spark.spa_en.ftl"): Not found
2024-10-02 16:36:51,686 DEBUG [main] freemarker.cache: TemplateLoader.findTemplateSource("spark/spark.spa.ftl"): Found
2024-10-02 16:36:51,686 DEBUG [main] freemarker.cache: Loading template for "spark/spark.spa.ftl"("en_IN", UTF-8, parsed) from "jar:file:/C:/Users/janus/.m2/repository/com/aventstack/extentreports/5.1.2/extentreports-5.1.2.jar!/com/aventstack/extentreports/templates/spark/spark.spa.ftl"
2024-10-02 16:36:51,800 DEBUG [main] freemarker.cache: Couldn't find template in cache for "commons/commons-variables.ftl"("en_IN", UTF-8, parsed); will try to load it.
2024-10-02 16:36:51,801 DEBUG [main] freemarker.cache: TemplateLoader.findTemplateSource("commons/commons-variables_en_IN.ftl"): Not found
2024-10-02 16:36:51,802 DEBUG [main] freemarker.cache: TemplateLoader.findTemplateSource("commons/commons-variables_en.ftl"): Not found
2024-10-02 16:36:51,802 DEBUG [main] freemarker.cache: TemplateLoader.findTemplateSource("commons/commons-variables.ftl"): Found
2024-10-02 16:36:51,802 DEBUG [main] freemarker.cache: Loading template for "commons/commons-variables.ftl"("en_IN", UTF-8, parsed) from "jar:file:/C:/Users/janus/.m2/repository/com/aventstack/extentreports/5.1.2/extentreports-5.1.2.jar!/com/aventstack/extentreports/templates/commons/commons-variables.ftl"
2024-10-02 16:36:51,932 DEBUG [main] freemarker.cache: Couldn't find template in cache for "commons/commons-macros.ftl"("en_IN", UTF-8, parsed); will try to load it.
2024-10-02 16:36:51,933 DEBUG [main] freemarker.cache: TemplateLoader.findTemplateSource("commons/commons-macros_en_IN.ftl"): Not found
2024-10-02 16:36:51,934 DEBUG [main] freemarker.cache: TemplateLoader.findTemplateSource("commons/commons-macros_en.ftl"): Not found
2024-10-02 16:36:51,934 DEBUG [main] freemarker.cache: TemplateLoader.findTemplateSource("commons/commons-macros.ftl"): Found
2024-10-02 16:36:51,934 DEBUG [main] freemarker.cache: Loading template for "commons/commons-macros.ftl"("en_IN", UTF-8, parsed) from "jar:file:/C:/Users/janus/.m2/repository/com/aventstack/extentreports/5.1.2/extentreports-5.1.2.jar!/com/aventstack/extentreports/templates/commons/commons-macros.ftl"
2024-10-02 16:36:51,943 DEBUG [main] freemarker.cache: Couldn't find template in cache for "spark/macros/attributes.ftl"("en_IN", UTF-8, parsed); will try to load it.
2024-10-02 16:36:51,943 DEBUG [main] freemarker.cache: TemplateLoader.findTemplateSource("spark/macros/attributes_en_IN.ftl"): Not found
2024-10-02 16:36:51,943 DEBUG [main] freemarker.cache: TemplateLoader.findTemplateSource("spark/macros/attributes_en.ftl"): Not found
2024-10-02 16:36:51,944 DEBUG [main] freemarker.cache: TemplateLoader.findTemplateSource("spark/macros/attributes.ftl"): Found
2024-10-02 16:36:51,944 DEBUG [main] freemarker.cache: Loading template for "spark/macros/attributes.ftl"("en_IN", UTF-8, parsed) from "jar:file:/C:/Users/janus/.m2/repository/com/aventstack/extentreports/5.1.2/extentreports-5.1.2.jar!/com/aventstack/extentreports/templates/spark/macros/attributes.ftl"
2024-10-02 16:36:51,947 DEBUG [main] freemarker.cache: Couldn't find template in cache for "spark/macros/log.ftl"("en_IN", UTF-8, parsed); will try to load it.
2024-10-02 16:36:51,948 DEBUG [main] freemarker.cache: TemplateLoader.findTemplateSource("spark/macros/log_en_IN.ftl"): Not found
2024-10-02 16:36:51,948 DEBUG [main] freemarker.cache: TemplateLoader.findTemplateSource("spark/macros/log_en.ftl"): Not found
2024-10-02 16:36:51,948 DEBUG [main] freemarker.cache: TemplateLoader.findTemplateSource("spark/macros/log.ftl"): Found
2024-10-02 16:36:51,948 DEBUG [main] freemarker.cache: Loading template for "spark/macros/log.ftl"("en_IN", UTF-8, parsed) from "jar:file:/C:/Users/janus/.m2/repository/com/aventstack/extentreports/5.1.2/extentreports-5.1.2.jar!/com/aventstack/extentreports/templates/spark/macros/log.ftl"
2024-10-02 16:36:51,951 DEBUG [main] freemarker.cache: Couldn't find template in cache for "spark/macros/recurse_nodes.ftl"("en_IN", UTF-8, parsed); will try to load it.
2024-10-02 16:36:51,952 DEBUG [main] freemarker.cache: TemplateLoader.findTemplateSource("spark/macros/recurse_nodes_en_IN.ftl"): Not found
2024-10-02 16:36:51,952 DEBUG [main] freemarker.cache: TemplateLoader.findTemplateSource("spark/macros/recurse_nodes_en.ftl"): Not found
2024-10-02 16:36:51,952 DEBUG [main] freemarker.cache: TemplateLoader.findTemplateSource("spark/macros/recurse_nodes.ftl"): Found
2024-10-02 16:36:51,953 DEBUG [main] freemarker.cache: Loading template for "spark/macros/recurse_nodes.ftl"("en_IN", UTF-8, parsed) from "jar:file:/C:/Users/janus/.m2/repository/com/aventstack/extentreports/5.1.2/extentreports-5.1.2.jar!/com/aventstack/extentreports/templates/spark/macros/recurse_nodes.ftl"
2024-10-02 16:36:51,960 DEBUG [main] freemarker.cache: "spark/macros/log.ftl"("en_IN", UTF-8, parsed) cached copy not yet stale; using cached.
2024-10-02 16:36:51,960 DEBUG [main] freemarker.cache: Couldn't find template in cache for "spark/macros/attr-common.ftl"("en_IN", UTF-8, parsed); will try to load it.
2024-10-02 16:36:51,962 DEBUG [main] freemarker.cache: TemplateLoader.findTemplateSource("spark/macros/attr-common_en_IN.ftl"): Not found
2024-10-02 16:36:51,962 DEBUG [main] freemarker.cache: TemplateLoader.findTemplateSource("spark/macros/attr-common_en.ftl"): Not found
2024-10-02 16:36:51,963 DEBUG [main] freemarker.cache: TemplateLoader.findTemplateSource("spark/macros/attr-common.ftl"): Found
2024-10-02 16:36:51,963 DEBUG [main] freemarker.cache: Loading template for "spark/macros/attr-common.ftl"("en_IN", UTF-8, parsed) from "jar:file:/C:/Users/janus/.m2/repository/com/aventstack/extentreports/5.1.2/extentreports-5.1.2.jar!/com/aventstack/extentreports/templates/spark/macros/attr-common.ftl"
2024-10-02 16:36:51,969 DEBUG [main] freemarker.cache: Couldn't find template in cache for "spark/partials/head.ftl"("en_IN", UTF-8, parsed); will try to load it.
2024-10-02 16:36:51,970 DEBUG [main] freemarker.cache: TemplateLoader.findTemplateSource("spark/partials/head_en_IN.ftl"): Not found
2024-10-02 16:36:51,971 DEBUG [main] freemarker.cache: TemplateLoader.findTemplateSource("spark/partials/head_en.ftl"): Not found
2024-10-02 16:36:51,971 DEBUG [main] freemarker.cache: TemplateLoader.findTemplateSource("spark/partials/head.ftl"): Found
2024-10-02 16:36:51,971 DEBUG [main] freemarker.cache: Loading template for "spark/partials/head.ftl"("en_IN", UTF-8, parsed) from "jar:file:/C:/Users/janus/.m2/repository/com/aventstack/extentreports/5.1.2/extentreports-5.1.2.jar!/com/aventstack/extentreports/templates/spark/partials/head.ftl"
2024-10-02 16:36:51,976 DEBUG [main] freemarker.cache: Couldn't find template in cache for "commons/commons-inject-css.ftl"("en_IN", UTF-8, parsed); will try to load it.
2024-10-02 16:36:51,977 DEBUG [main] freemarker.cache: TemplateLoader.findTemplateSource("commons/commons-inject-css_en_IN.ftl"): Not found
2024-10-02 16:36:51,978 DEBUG [main] freemarker.cache: TemplateLoader.findTemplateSource("commons/commons-inject-css_en.ftl"): Not found
2024-10-02 16:36:51,978 DEBUG [main] freemarker.cache: TemplateLoader.findTemplateSource("commons/commons-inject-css.ftl"): Found
2024-10-02 16:36:51,978 DEBUG [main] freemarker.cache: Loading template for "commons/commons-inject-css.ftl"("en_IN", UTF-8, parsed) from "jar:file:/C:/Users/janus/.m2/repository/com/aventstack/extentreports/5.1.2/extentreports-5.1.2.jar!/com/aventstack/extentreports/templates/commons/commons-inject-css.ftl"
2024-10-02 16:36:51,980 DEBUG [main] freemarker.cache: Couldn't find template in cache for "spark/partials/navbar.ftl"("en_IN", UTF-8, parsed); will try to load it.
2024-10-02 16:36:51,981 DEBUG [main] freemarker.cache: TemplateLoader.findTemplateSource("spark/partials/navbar_en_IN.ftl"): Not found
2024-10-02 16:36:51,981 DEBUG [main] freemarker.cache: TemplateLoader.findTemplateSource("spark/partials/navbar_en.ftl"): Not found
2024-10-02 16:36:51,982 DEBUG [main] freemarker.cache: TemplateLoader.findTemplateSource("spark/partials/navbar.ftl"): Found
2024-10-02 16:36:51,982 DEBUG [main] freemarker.cache: Loading template for "spark/partials/navbar.ftl"("en_IN", UTF-8, parsed) from "jar:file:/C:/Users/janus/.m2/repository/com/aventstack/extentreports/5.1.2/extentreports-5.1.2.jar!/com/aventstack/extentreports/templates/spark/partials/navbar.ftl"
2024-10-02 16:36:51,988 DEBUG [main] freemarker.cache: Couldn't find template in cache for "spark/partials/sidenav.ftl"("en_IN", UTF-8, parsed); will try to load it.
2024-10-02 16:36:51,989 DEBUG [main] freemarker.cache: TemplateLoader.findTemplateSource("spark/partials/sidenav_en_IN.ftl"): Not found
2024-10-02 16:36:51,989 DEBUG [main] freemarker.cache: TemplateLoader.findTemplateSource("spark/partials/sidenav_en.ftl"): Not found
2024-10-02 16:36:51,990 DEBUG [main] freemarker.cache: TemplateLoader.findTemplateSource("spark/partials/sidenav.ftl"): Found
2024-10-02 16:36:51,990 DEBUG [main] freemarker.cache: Loading template for "spark/partials/sidenav.ftl"("en_IN", UTF-8, parsed) from "jar:file:/C:/Users/janus/.m2/repository/com/aventstack/extentreports/5.1.2/extentreports-5.1.2.jar!/com/aventstack/extentreports/templates/spark/partials/sidenav.ftl"
2024-10-02 16:36:52,003 DEBUG [main] freemarker.cache: Couldn't find template in cache for "spark/partials/test.ftl"("en_IN", UTF-8, parsed); will try to load it.
2024-10-02 16:36:52,003 DEBUG [main] freemarker.cache: TemplateLoader.findTemplateSource("spark/partials/test_en_IN.ftl"): Not found
2024-10-02 16:36:52,004 DEBUG [main] freemarker.cache: TemplateLoader.findTemplateSource("spark/partials/test_en.ftl"): Not found
2024-10-02 16:36:52,004 DEBUG [main] freemarker.cache: TemplateLoader.findTemplateSource("spark/partials/test.ftl"): Found
2024-10-02 16:36:52,005 DEBUG [main] freemarker.cache: Loading template for "spark/partials/test.ftl"("en_IN", UTF-8, parsed) from "jar:file:/C:/Users/janus/.m2/repository/com/aventstack/extentreports/5.1.2/extentreports-5.1.2.jar!/com/aventstack/extentreports/templates/spark/partials/test.ftl"
2024-10-02 16:36:52,038 DEBUG [main] freemarker.cache: Couldn't find template in cache for "spark/partials/standard-content.ftl"("en_IN", UTF-8, parsed); will try to load it.
2024-10-02 16:36:52,039 DEBUG [main] freemarker.cache: TemplateLoader.findTemplateSource("spark/partials/standard-content_en_IN.ftl"): Not found
2024-10-02 16:36:52,044 DEBUG [main] freemarker.cache: TemplateLoader.findTemplateSource("spark/partials/standard-content_en.ftl"): Not found
2024-10-02 16:36:52,045 DEBUG [main] freemarker.cache: TemplateLoader.findTemplateSource("spark/partials/standard-content.ftl"): Found
2024-10-02 16:36:52,045 DEBUG [main] freemarker.cache: Loading template for "spark/partials/standard-content.ftl"("en_IN", UTF-8, parsed) from "jar:file:/C:/Users/janus/.m2/repository/com/aventstack/extentreports/5.1.2/extentreports-5.1.2.jar!/com/aventstack/extentreports/templates/spark/partials/standard-content.ftl"
2024-10-02 16:36:52,054 DEBUG [main] freemarker.cache: "spark/partials/standard-content.ftl"("en_IN", UTF-8, parsed) cached copy not yet stale; using cached.
2024-10-02 16:36:52,056 DEBUG [main] freemarker.cache: "spark/partials/standard-content.ftl"("en_IN", UTF-8, parsed) cached copy not yet stale; using cached.
2024-10-02 16:36:52,057 DEBUG [main] freemarker.cache: "spark/partials/standard-content.ftl"("en_IN", UTF-8, parsed) cached copy not yet stale; using cached.
2024-10-02 16:36:52,059 DEBUG [main] freemarker.cache: "spark/partials/standard-content.ftl"("en_IN", UTF-8, parsed) cached copy not yet stale; using cached.
2024-10-02 16:36:52,061 DEBUG [main] freemarker.cache: Couldn't find template in cache for "spark/partials/exception.ftl"("en_IN", UTF-8, parsed); will try to load it.
2024-10-02 16:36:52,061 DEBUG [main] freemarker.cache: TemplateLoader.findTemplateSource("spark/partials/exception_en_IN.ftl"): Not found
2024-10-02 16:36:52,062 DEBUG [main] freemarker.cache: TemplateLoader.findTemplateSource("spark/partials/exception_en.ftl"): Not found
2024-10-02 16:36:52,062 DEBUG [main] freemarker.cache: TemplateLoader.findTemplateSource("spark/partials/exception.ftl"): Found
2024-10-02 16:36:52,062 DEBUG [main] freemarker.cache: Loading template for "spark/partials/exception.ftl"("en_IN", UTF-8, parsed) from "jar:file:/C:/Users/janus/.m2/repository/com/aventstack/extentreports/5.1.2/extentreports-5.1.2.jar!/com/aventstack/extentreports/templates/spark/partials/exception.ftl"
2024-10-02 16:36:52,063 DEBUG [main] freemarker.cache: Couldn't find template in cache for "spark/partials/category.ftl"("en_IN", UTF-8, parsed); will try to load it.
2024-10-02 16:36:52,064 DEBUG [main] freemarker.cache: TemplateLoader.findTemplateSource("spark/partials/category_en_IN.ftl"): Not found
2024-10-02 16:36:52,064 DEBUG [main] freemarker.cache: TemplateLoader.findTemplateSource("spark/partials/category_en.ftl"): Not found
2024-10-02 16:36:52,065 DEBUG [main] freemarker.cache: TemplateLoader.findTemplateSource("spark/partials/category.ftl"): Found
2024-10-02 16:36:52,065 DEBUG [main] freemarker.cache: Loading template for "spark/partials/category.ftl"("en_IN", UTF-8, parsed) from "jar:file:/C:/Users/janus/.m2/repository/com/aventstack/extentreports/5.1.2/extentreports-5.1.2.jar!/com/aventstack/extentreports/templates/spark/partials/category.ftl"
2024-10-02 16:36:52,066 DEBUG [main] freemarker.cache: Couldn't find template in cache for "spark/partials/device.ftl"("en_IN", UTF-8, parsed); will try to load it.
2024-10-02 16:36:52,067 DEBUG [main] freemarker.cache: TemplateLoader.findTemplateSource("spark/partials/device_en_IN.ftl"): Not found
2024-10-02 16:36:52,067 DEBUG [main] freemarker.cache: TemplateLoader.findTemplateSource("spark/partials/device_en.ftl"): Not found
2024-10-02 16:36:52,068 DEBUG [main] freemarker.cache: TemplateLoader.findTemplateSource("spark/partials/device.ftl"): Found
2024-10-02 16:36:52,068 DEBUG [main] freemarker.cache: Loading template for "spark/partials/device.ftl"("en_IN", UTF-8, parsed) from "jar:file:/C:/Users/janus/.m2/repository/com/aventstack/extentreports/5.1.2/extentreports-5.1.2.jar!/com/aventstack/extentreports/templates/spark/partials/device.ftl"
2024-10-02 16:36:52,069 DEBUG [main] freemarker.cache: Couldn't find template in cache for "spark/partials/author.ftl"("en_IN", UTF-8, parsed); will try to load it.
2024-10-02 16:36:52,070 DEBUG [main] freemarker.cache: TemplateLoader.findTemplateSource("spark/partials/author_en_IN.ftl"): Not found
2024-10-02 16:36:52,070 DEBUG [main] freemarker.cache: TemplateLoader.findTemplateSource("spark/partials/author_en.ftl"): Not found
2024-10-02 16:36:52,070 DEBUG [main] freemarker.cache: TemplateLoader.findTemplateSource("spark/partials/author.ftl"): Found
2024-10-02 16:36:52,070 DEBUG [main] freemarker.cache: Loading template for "spark/partials/author.ftl"("en_IN", UTF-8, parsed) from "jar:file:/C:/Users/janus/.m2/repository/com/aventstack/extentreports/5.1.2/extentreports-5.1.2.jar!/com/aventstack/extentreports/templates/spark/partials/author.ftl"
2024-10-02 16:36:52,072 DEBUG [main] freemarker.cache: Couldn't find template in cache for "spark/partials/log.ftl"("en_IN", UTF-8, parsed); will try to load it.
2024-10-02 16:36:52,073 DEBUG [main] freemarker.cache: TemplateLoader.findTemplateSource("spark/partials/log_en_IN.ftl"): Not found
2024-10-02 16:36:52,073 DEBUG [main] freemarker.cache: TemplateLoader.findTemplateSource("spark/partials/log_en.ftl"): Not found
2024-10-02 16:36:52,074 DEBUG [main] freemarker.cache: TemplateLoader.findTemplateSource("spark/partials/log.ftl"): Found
2024-10-02 16:36:52,074 DEBUG [main] freemarker.cache: Loading template for "spark/partials/log.ftl"("en_IN", UTF-8, parsed) from "jar:file:/C:/Users/janus/.m2/repository/com/aventstack/extentreports/5.1.2/extentreports-5.1.2.jar!/com/aventstack/extentreports/templates/spark/partials/log.ftl"
2024-10-02 16:36:52,076 DEBUG [main] freemarker.cache: Couldn't find template in cache for "spark/partials/dashboard.ftl"("en_IN", UTF-8, parsed); will try to load it.
2024-10-02 16:36:52,076 DEBUG [main] freemarker.cache: TemplateLoader.findTemplateSource("spark/partials/dashboard_en_IN.ftl"): Not found
2024-10-02 16:36:52,076 DEBUG [main] freemarker.cache: TemplateLoader.findTemplateSource("spark/partials/dashboard_en.ftl"): Not found
2024-10-02 16:36:52,077 DEBUG [main] freemarker.cache: TemplateLoader.findTemplateSource("spark/partials/dashboard.ftl"): Found
2024-10-02 16:36:52,077 DEBUG [main] freemarker.cache: Loading template for "spark/partials/dashboard.ftl"("en_IN", UTF-8, parsed) from "jar:file:/C:/Users/janus/.m2/repository/com/aventstack/extentreports/5.1.2/extentreports-5.1.2.jar!/com/aventstack/extentreports/templates/spark/partials/dashboard.ftl"
2024-10-02 16:36:52,117 DEBUG [main] freemarker.cache: Couldn't find template in cache for "spark/partials/scripts.ftl"("en_IN", UTF-8, parsed); will try to load it.
2024-10-02 16:36:52,118 DEBUG [main] freemarker.cache: TemplateLoader.findTemplateSource("spark/partials/scripts_en_IN.ftl"): Not found
2024-10-02 16:36:52,119 DEBUG [main] freemarker.cache: TemplateLoader.findTemplateSource("spark/partials/scripts_en.ftl"): Not found
2024-10-02 16:36:52,119 DEBUG [main] freemarker.cache: TemplateLoader.findTemplateSource("spark/partials/scripts.ftl"): Found
2024-10-02 16:36:52,119 DEBUG [main] freemarker.cache: Loading template for "spark/partials/scripts.ftl"("en_IN", UTF-8, parsed) from "jar:file:/C:/Users/janus/.m2/repository/com/aventstack/extentreports/5.1.2/extentreports-5.1.2.jar!/com/aventstack/extentreports/templates/spark/partials/scripts.ftl"
2024-10-02 16:36:52,121 DEBUG [main] freemarker.cache: Couldn't find template in cache for "commons/commons-inject-js.ftl"("en_IN", UTF-8, parsed); will try to load it.
2024-10-02 16:36:52,121 DEBUG [main] freemarker.cache: TemplateLoader.findTemplateSource("commons/commons-inject-js_en_IN.ftl"): Not found
2024-10-02 16:36:52,122 DEBUG [main] freemarker.cache: TemplateLoader.findTemplateSource("commons/commons-inject-js_en.ftl"): Not found
2024-10-02 16:36:52,123 DEBUG [main] freemarker.cache: TemplateLoader.findTemplateSource("commons/commons-inject-js.ftl"): Found
2024-10-02 16:36:52,123 DEBUG [main] freemarker.cache: Loading template for "commons/commons-inject-js.ftl"("en_IN", UTF-8, parsed) from "jar:file:/C:/Users/janus/.m2/repository/com/aventstack/extentreports/5.1.2/extentreports-5.1.2.jar!/com/aventstack/extentreports/templates/commons/commons-inject-js.ftl"
